====================================================================================================
Running Python 3.12.3 (main, Nov  6 2025, 13:44:16) [GCC 13.3.0]
Running PyTorch 2.9.1+cu128
Mon May 25 01:29:33 2026       
+-----------------------------------------------------------------------------------------+
| NVIDIA-SMI 570.195.03             Driver Version: 570.195.03     CUDA Version: 12.8     |
|-----------------------------------------+------------------------+----------------------+
| GPU  Name                 Persistence-M | Bus-Id          Disp.A | Volatile Uncorr. ECC |
| Fan  Temp   Perf          Pwr:Usage/Cap |           Memory-Usage | GPU-Util  Compute M. |
|                                         |                        |               MIG M. |
|=========================================+========================+======================|
|   0  NVIDIA H100 80GB HBM3          On  |   00000000:05:00.0 Off |                    0 |
| N/A   38C    P0            120W /  700W |    1519MiB /  81559MiB |      0%      Default |
|                                         |                        |             Disabled |
+-----------------------------------------+------------------------+----------------------+
|   1  NVIDIA H100 80GB HBM3          On  |   00000000:06:00.0 Off |                    0 |
| N/A   32C    P0            115W /  700W |    1519MiB /  81559MiB |      0%      Default |
|                                         |                        |             Disabled |
+-----------------------------------------+------------------------+----------------------+
|   2  NVIDIA H100 80GB HBM3          On  |   00000000:07:00.0 Off |                    0 |
| N/A   31C    P0            121W /  700W |    1519MiB /  81559MiB |      0%      Default |
|                                         |                        |             Disabled |
+-----------------------------------------+------------------------+----------------------+
|   3  NVIDIA H100 80GB HBM3          On  |   00000000:08:00.0 Off |                    0 |
| N/A   38C    P0            121W /  700W |    1519MiB /  81559MiB |      0%      Default |
|                                         |                        |             Disabled |
+-----------------------------------------+------------------------+----------------------+
|   4  NVIDIA H100 80GB HBM3          On  |   00000000:09:00.0 Off |                    0 |
| N/A   37C    P0            119W /  700W |    1519MiB /  81559MiB |      0%      Default |
|                                         |                        |             Disabled |
+-----------------------------------------+------------------------+----------------------+
|   5  NVIDIA H100 80GB HBM3          On  |   00000000:0A:00.0 Off |                    0 |
| N/A   32C    P0            118W /  700W |    1519MiB /  81559MiB |      0%      Default |
|                                         |                        |             Disabled |
+-----------------------------------------+------------------------+----------------------+
|   6  NVIDIA H100 80GB HBM3          On  |   00000000:0B:00.0 Off |                    0 |
| N/A   30C    P0            117W /  700W |    1519MiB /  81559MiB |      0%      Default |
|                                         |                        |             Disabled |
+-----------------------------------------+------------------------+----------------------+
|   7  NVIDIA H100 80GB HBM3          On  |   00000000:0C:00.0 Off |                    0 |
| N/A   39C    P0            117W /  700W |    1519MiB /  81559MiB |      0%      Default |
|                                         |                        |             Disabled |
+-----------------------------------------+------------------------+----------------------+
                                                                                         
+-----------------------------------------------------------------------------------------+
| Processes:                                                                              |
|  GPU   GI   CI              PID   Type   Process name                        GPU Memory |
|        ID   ID                                                               Usage      |
|=========================================================================================|
|    0   N/A  N/A            1806      C   /usr/local/bin/python                  1510MiB |
|    1   N/A  N/A            1807      C   /usr/local/bin/python                  1510MiB |
|    2   N/A  N/A            1808      C   /usr/local/bin/python                  1510MiB |
|    3   N/A  N/A            1809      C   /usr/local/bin/python                  1510MiB |
|    4   N/A  N/A            1810      C   /usr/local/bin/python                  1510MiB |
|    5   N/A  N/A            1811      C   /usr/local/bin/python                  1510MiB |
|    6   N/A  N/A            1812      C   /usr/local/bin/python                  1510MiB |
|    7   N/A  N/A            1813      C   /usr/local/bin/python                  1510MiB |
+-----------------------------------------------------------------------------------------+

====================================================================================================
submission:UT-K6 RLMA(rank=320,on=1) TTT(on=0,iters=(3, 4, 5),chunk=32) vocab=8192 d_model=1024 d_ff=3072 heads=8/4/128 seq=8192 batch_tokens=262144 iter=75000
model_params:23146538
world_size:8 grad_accum_steps:1
opt_split:matrix=14745600 scalar=12330 embed=8388608
residual_scale:0.35355
starting training: iterations=75000 warmup=500 warmdown=15000
step:1/75000 train_loss:14.8699 lr_scale:0.000 muon_mom:0.850 train_time:929ms step_avg:929.02ms
step:2/75000 train_loss:14.8311 lr_scale:0.002 muon_mom:0.850 train_time:1094ms step_avg:547.06ms
step:3/75000 train_loss:14.8607 lr_scale:0.004 muon_mom:0.850 train_time:1301ms step_avg:433.70ms
step:4/75000 train_loss:14.8835 lr_scale:0.006 muon_mom:0.851 train_time:1500ms step_avg:374.98ms
step:5/75000 train_loss:14.8740 lr_scale:0.008 muon_mom:0.851 train_time:1700ms step_avg:339.91ms
step:6/75000 train_loss:14.8455 lr_scale:0.010 muon_mom:0.851 train_time:1901ms step_avg:316.91ms
step:7/75000 train_loss:14.8071 lr_scale:0.012 muon_mom:0.851 train_time:2102ms step_avg:300.26ms
step:8/75000 train_loss:14.7373 lr_scale:0.014 muon_mom:0.851 train_time:2301ms step_avg:287.64ms
step:9/75000 train_loss:14.6945 lr_scale:0.016 muon_mom:0.852 train_time:2500ms step_avg:277.74ms
step:10/75000 train_loss:14.6496 lr_scale:0.018 muon_mom:0.852 train_time:2696ms step_avg:269.59ms
step:100/75000 train_loss:5.4845 lr_scale:0.198 muon_mom:0.870 train_time:19919ms step_avg:199.19ms
step:200/75000 train_loss:4.9793 lr_scale:0.398 muon_mom:0.890 train_time:39309ms step_avg:196.54ms
step:300/75000 train_loss:4.5617 lr_scale:0.598 muon_mom:0.910 train_time:58441ms step_avg:194.80ms
step:400/75000 train_loss:4.3412 lr_scale:0.798 muon_mom:0.930 train_time:77649ms step_avg:194.12ms
step:500/75000 train_loss:4.0703 lr_scale:0.998 muon_mom:0.950 train_time:96772ms step_avg:193.54ms
step:600/75000 train_loss:3.5042 lr_scale:1.000 muon_mom:0.950 train_time:115964ms step_avg:193.27ms
step:700/75000 train_loss:3.5160 lr_scale:1.000 muon_mom:0.950 train_time:135052ms step_avg:192.93ms
step:800/75000 train_loss:3.7723 lr_scale:1.000 muon_mom:0.950 train_time:154293ms step_avg:192.87ms
step:900/75000 train_loss:3.7948 lr_scale:1.000 muon_mom:0.950 train_time:173441ms step_avg:192.71ms
step:1000/75000 train_loss:3.4044 lr_scale:1.000 muon_mom:0.950 train_time:192518ms step_avg:192.52ms
step:1100/75000 train_loss:3.4118 lr_scale:1.000 muon_mom:0.950 train_time:211595ms step_avg:192.36ms
step:1200/75000 train_loss:3.6512 lr_scale:1.000 muon_mom:0.950 train_time:230743ms step_avg:192.29ms
step:1300/75000 train_loss:3.5828 lr_scale:1.000 muon_mom:0.950 train_time:249910ms step_avg:192.24ms
step:1400/75000 train_loss:3.5201 lr_scale:1.000 muon_mom:0.950 train_time:268984ms step_avg:192.13ms
step:1500/75000 train_loss:3.5475 lr_scale:1.000 muon_mom:0.950 train_time:288129ms step_avg:192.09ms
step:1600/75000 train_loss:3.3953 lr_scale:1.000 muon_mom:0.950 train_time:307281ms step_avg:192.05ms
step:1700/75000 train_loss:3.4600 lr_scale:1.000 muon_mom:0.950 train_time:326435ms step_avg:192.02ms
step:1800/75000 train_loss:3.4357 lr_scale:1.000 muon_mom:0.950 train_time:345508ms step_avg:191.95ms
step:1900/75000 train_loss:3.6128 lr_scale:1.000 muon_mom:0.950 train_time:364582ms step_avg:191.89ms
step:2000/75000 train_loss:3.4271 lr_scale:1.000 muon_mom:0.950 train_time:383810ms step_avg:191.90ms
step:2100/75000 train_loss:3.5279 lr_scale:1.000 muon_mom:0.950 train_time:402885ms step_avg:191.85ms
step:2200/75000 train_loss:3.2106 lr_scale:1.000 muon_mom:0.950 train_time:422028ms step_avg:191.83ms
step:2300/75000 train_loss:3.4507 lr_scale:1.000 muon_mom:0.950 train_time:441205ms step_avg:191.83ms
step:2400/75000 train_loss:3.5395 lr_scale:1.000 muon_mom:0.950 train_time:460350ms step_avg:191.81ms
step:2500/75000 train_loss:3.4213 lr_scale:1.000 muon_mom:0.950 train_time:479429ms step_avg:191.77ms
step:2600/75000 train_loss:3.4907 lr_scale:1.000 muon_mom:0.950 train_time:498505ms step_avg:191.73ms
step:2700/75000 train_loss:3.3465 lr_scale:1.000 muon_mom:0.950 train_time:517654ms step_avg:191.72ms
step:2800/75000 train_loss:3.5290 lr_scale:1.000 muon_mom:0.950 train_time:536804ms step_avg:191.72ms
step:2900/75000 train_loss:3.5090 lr_scale:1.000 muon_mom:0.950 train_time:555880ms step_avg:191.68ms
step:3000/75000 train_loss:3.4723 lr_scale:1.000 muon_mom:0.950 train_time:575023ms step_avg:191.67ms
step:3100/75000 train_loss:3.4146 lr_scale:1.000 muon_mom:0.950 train_time:594257ms step_avg:191.70ms
step:3200/75000 train_loss:3.6856 lr_scale:1.000 muon_mom:0.950 train_time:613332ms step_avg:191.67ms
step:3300/75000 train_loss:3.4666 lr_scale:1.000 muon_mom:0.950 train_time:632408ms step_avg:191.64ms
step:3400/75000 train_loss:3.4498 lr_scale:1.000 muon_mom:0.950 train_time:651484ms step_avg:191.61ms
step:3500/75000 train_loss:3.3236 lr_scale:1.000 muon_mom:0.950 train_time:670704ms step_avg:191.63ms
step:3600/75000 train_loss:3.2808 lr_scale:1.000 muon_mom:0.950 train_time:689781ms step_avg:191.61ms
step:3700/75000 train_loss:3.5003 lr_scale:1.000 muon_mom:0.950 train_time:708931ms step_avg:191.60ms
step:3800/75000 train_loss:3.4624 lr_scale:1.000 muon_mom:0.950 train_time:728009ms step_avg:191.58ms
step:3900/75000 train_loss:3.5629 lr_scale:1.000 muon_mom:0.950 train_time:747250ms step_avg:191.60ms
step:4000/75000 train_loss:3.7190 lr_scale:1.000 muon_mom:0.950 train_time:766337ms step_avg:191.58ms
step:4100/75000 train_loss:3.3390 lr_scale:1.000 muon_mom:0.950 train_time:785429ms step_avg:191.57ms
step:4200/75000 train_loss:3.4490 lr_scale:1.000 muon_mom:0.950 train_time:804674ms step_avg:191.59ms
step:4300/75000 train_loss:3.2877 lr_scale:1.000 muon_mom:0.950 train_time:823761ms step_avg:191.57ms
step:4400/75000 train_loss:3.5354 lr_scale:1.000 muon_mom:0.950 train_time:842848ms step_avg:191.56ms
step:4500/75000 train_loss:3.3244 lr_scale:1.000 muon_mom:0.950 train_time:862001ms step_avg:191.56ms
step:4600/75000 train_loss:3.4869 lr_scale:1.000 muon_mom:0.950 train_time:881235ms step_avg:191.57ms
step:4700/75000 train_loss:3.4015 lr_scale:1.000 muon_mom:0.950 train_time:900325ms step_avg:191.56ms
step:4800/75000 train_loss:3.4634 lr_scale:1.000 muon_mom:0.950 train_time:919409ms step_avg:191.54ms
step:4900/75000 train_loss:3.2870 lr_scale:1.000 muon_mom:0.950 train_time:938598ms step_avg:191.55ms
step:5000/75000 train_loss:3.5622 lr_scale:1.000 muon_mom:0.950 train_time:957815ms step_avg:191.56ms
step:5100/75000 train_loss:3.4475 lr_scale:1.000 muon_mom:0.950 train_time:976893ms step_avg:191.55ms
step:5200/75000 train_loss:3.5154 lr_scale:1.000 muon_mom:0.950 train_time:996054ms step_avg:191.55ms
step:5300/75000 train_loss:3.1950 lr_scale:1.000 muon_mom:0.950 train_time:1015214ms step_avg:191.55ms
step:5400/75000 train_loss:3.4031 lr_scale:1.000 muon_mom:0.950 train_time:1034388ms step_avg:191.55ms
step:5500/75000 train_loss:3.2498 lr_scale:1.000 muon_mom:0.950 train_time:1053475ms step_avg:191.54ms
step:5600/75000 train_loss:4.5834 lr_scale:1.000 muon_mom:0.950 train_time:1072560ms step_avg:191.53ms
step:5700/75000 train_loss:3.4485 lr_scale:1.000 muon_mom:0.950 train_time:1091715ms step_avg:191.53ms
step:5800/75000 train_loss:3.4313 lr_scale:1.000 muon_mom:0.950 train_time:1110892ms step_avg:191.53ms
step:5900/75000 train_loss:3.4767 lr_scale:1.000 muon_mom:0.950 train_time:1130045ms step_avg:191.53ms
step:6000/75000 train_loss:3.3572 lr_scale:1.000 muon_mom:0.950 train_time:1149130ms step_avg:191.52ms
step:6100/75000 train_loss:3.4594 lr_scale:1.000 muon_mom:0.950 train_time:1168284ms step_avg:191.52ms
step:6200/75000 train_loss:3.2812 lr_scale:1.000 muon_mom:0.950 train_time:1187454ms step_avg:191.52ms
step:6300/75000 train_loss:3.3960 lr_scale:1.000 muon_mom:0.950 train_time:1206540ms step_avg:191.51ms
step:6400/75000 train_loss:3.3499 lr_scale:1.000 muon_mom:0.950 train_time:1225626ms step_avg:191.50ms
step:6500/75000 train_loss:3.3176 lr_scale:1.000 muon_mom:0.950 train_time:1244874ms step_avg:191.52ms
step:6600/75000 train_loss:3.4689 lr_scale:1.000 muon_mom:0.950 train_time:1263959ms step_avg:191.51ms
step:6700/75000 train_loss:3.3280 lr_scale:1.000 muon_mom:0.950 train_time:1283103ms step_avg:191.51ms
step:6800/75000 train_loss:3.5419 lr_scale:1.000 muon_mom:0.950 train_time:1302256ms step_avg:191.51ms
step:6900/75000 train_loss:3.3876 lr_scale:1.000 muon_mom:0.950 train_time:1321411ms step_avg:191.51ms
step:7000/75000 train_loss:3.4600 lr_scale:1.000 muon_mom:0.950 train_time:1340487ms step_avg:191.50ms
step:7100/75000 train_loss:3.2615 lr_scale:1.000 muon_mom:0.950 train_time:1359564ms step_avg:191.49ms
step:7200/75000 train_loss:3.3502 lr_scale:1.000 muon_mom:0.950 train_time:1378713ms step_avg:191.49ms
step:7300/75000 train_loss:3.3627 lr_scale:1.000 muon_mom:0.950 train_time:1397874ms step_avg:191.49ms
step:7400/75000 train_loss:3.4456 lr_scale:1.000 muon_mom:0.950 train_time:1417009ms step_avg:191.49ms
step:7500/75000 train_loss:2.7389 lr_scale:1.000 muon_mom:0.950 train_time:1436144ms step_avg:191.49ms
step:7600/75000 train_loss:3.3645 lr_scale:1.000 muon_mom:0.950 train_time:1455222ms step_avg:191.48ms
step:7700/75000 train_loss:3.3180 lr_scale:1.000 muon_mom:0.950 train_time:1474397ms step_avg:191.48ms
step:7800/75000 train_loss:3.3220 lr_scale:1.000 muon_mom:0.950 train_time:1493481ms step_avg:191.47ms
step:7900/75000 train_loss:3.2653 lr_scale:1.000 muon_mom:0.950 train_time:1512628ms step_avg:191.47ms
step:8000/75000 train_loss:3.2322 lr_scale:1.000 muon_mom:0.950 train_time:1531713ms step_avg:191.46ms
step:8100/75000 train_loss:3.3316 lr_scale:1.000 muon_mom:0.950 train_time:1550941ms step_avg:191.47ms
step:8200/75000 train_loss:3.2692 lr_scale:1.000 muon_mom:0.950 train_time:1570025ms step_avg:191.47ms
step:8300/75000 train_loss:3.3822 lr_scale:1.000 muon_mom:0.950 train_time:1589178ms step_avg:191.47ms
step:8400/75000 train_loss:3.3936 lr_scale:1.000 muon_mom:0.950 train_time:1608354ms step_avg:191.47ms
step:8500/75000 train_loss:3.4363 lr_scale:1.000 muon_mom:0.950 train_time:1627433ms step_avg:191.46ms
step:8600/75000 train_loss:3.2272 lr_scale:1.000 muon_mom:0.950 train_time:1646520ms step_avg:191.46ms
step:8700/75000 train_loss:3.3810 lr_scale:1.000 muon_mom:0.950 train_time:1665674ms step_avg:191.46ms
step:8800/75000 train_loss:3.3827 lr_scale:1.000 muon_mom:0.950 train_time:1684836ms step_avg:191.46ms
step:8900/75000 train_loss:3.4220 lr_scale:1.000 muon_mom:0.950 train_time:1703982ms step_avg:191.46ms
step:9000/75000 train_loss:3.4305 lr_scale:1.000 muon_mom:0.950 train_time:1723129ms step_avg:191.46ms
step:9100/75000 train_loss:3.5136 lr_scale:1.000 muon_mom:0.950 train_time:1742216ms step_avg:191.45ms
step:9200/75000 train_loss:3.4250 lr_scale:1.000 muon_mom:0.950 train_time:1761377ms step_avg:191.45ms
step:9300/75000 train_loss:3.3011 lr_scale:1.000 muon_mom:0.950 train_time:1780462ms step_avg:191.45ms
step:9400/75000 train_loss:3.4319 lr_scale:1.000 muon_mom:0.950 train_time:1799618ms step_avg:191.45ms
step:9500/75000 train_loss:3.3375 lr_scale:1.000 muon_mom:0.950 train_time:1818705ms step_avg:191.44ms
step:9600/75000 train_loss:3.4199 lr_scale:1.000 muon_mom:0.950 train_time:1838046ms step_avg:191.46ms
step:9700/75000 train_loss:3.2625 lr_scale:1.000 muon_mom:0.950 train_time:1857124ms step_avg:191.46ms
step:9800/75000 train_loss:3.3232 lr_scale:1.000 muon_mom:0.950 train_time:1876267ms step_avg:191.46ms
step:9900/75000 train_loss:3.3321 lr_scale:1.000 muon_mom:0.950 train_time:1895352ms step_avg:191.45ms
step:10000/75000 train_loss:3.3118 lr_scale:1.000 muon_mom:0.950 train_time:1914537ms step_avg:191.45ms
step:10100/75000 train_loss:3.4530 lr_scale:1.000 muon_mom:0.950 train_time:1933715ms step_avg:191.46ms
step:10200/75000 train_loss:3.3809 lr_scale:1.000 muon_mom:0.950 train_time:1952802ms step_avg:191.45ms
step:10300/75000 train_loss:3.0116 lr_scale:1.000 muon_mom:0.950 train_time:1971975ms step_avg:191.45ms
step:10400/75000 train_loss:3.3545 lr_scale:1.000 muon_mom:0.950 train_time:1991132ms step_avg:191.45ms
step:10500/75000 train_loss:3.3952 lr_scale:1.000 muon_mom:0.950 train_time:2010301ms step_avg:191.46ms
step:10600/75000 train_loss:3.3131 lr_scale:1.000 muon_mom:0.950 train_time:2029386ms step_avg:191.45ms
step:10700/75000 train_loss:2.9780 lr_scale:1.000 muon_mom:0.950 train_time:2048555ms step_avg:191.45ms
step:10800/75000 train_loss:3.4000 lr_scale:1.000 muon_mom:0.950 train_time:2067634ms step_avg:191.45ms
step:10900/75000 train_loss:3.4728 lr_scale:1.000 muon_mom:0.950 train_time:2086778ms step_avg:191.45ms
step:11000/75000 train_loss:3.3060 lr_scale:1.000 muon_mom:0.950 train_time:2105856ms step_avg:191.44ms
step:11100/75000 train_loss:3.2845 lr_scale:1.000 muon_mom:0.950 train_time:2125069ms step_avg:191.45ms
step:11200/75000 train_loss:3.3138 lr_scale:1.000 muon_mom:0.950 train_time:2144211ms step_avg:191.45ms
step:11300/75000 train_loss:3.7605 lr_scale:1.000 muon_mom:0.950 train_time:2163291ms step_avg:191.44ms
step:11400/75000 train_loss:3.4467 lr_scale:1.000 muon_mom:0.950 train_time:2182371ms step_avg:191.44ms
step:11500/75000 train_loss:3.3265 lr_scale:1.000 muon_mom:0.950 train_time:2201520ms step_avg:191.44ms
step:11600/75000 train_loss:3.1257 lr_scale:1.000 muon_mom:0.950 train_time:2220664ms step_avg:191.44ms
step:11700/75000 train_loss:3.2490 lr_scale:1.000 muon_mom:0.950 train_time:2239750ms step_avg:191.43ms
step:11800/75000 train_loss:3.5229 lr_scale:1.000 muon_mom:0.950 train_time:2258897ms step_avg:191.43ms
step:11900/75000 train_loss:3.3854 lr_scale:1.000 muon_mom:0.950 train_time:2278079ms step_avg:191.44ms
step:12000/75000 train_loss:3.4059 lr_scale:1.000 muon_mom:0.950 train_time:2297225ms step_avg:191.44ms
step:12100/75000 train_loss:3.2765 lr_scale:1.000 muon_mom:0.950 train_time:2316313ms step_avg:191.43ms
step:12200/75000 train_loss:3.3331 lr_scale:1.000 muon_mom:0.950 train_time:2335401ms step_avg:191.43ms
step:12300/75000 train_loss:3.5586 lr_scale:1.000 muon_mom:0.950 train_time:2354573ms step_avg:191.43ms
step:12400/75000 train_loss:3.3108 lr_scale:1.000 muon_mom:0.950 train_time:2373728ms step_avg:191.43ms
step:12500/75000 train_loss:3.4878 lr_scale:1.000 muon_mom:0.950 train_time:2392814ms step_avg:191.43ms
step:12600/75000 train_loss:3.2401 lr_scale:1.000 muon_mom:0.950 train_time:2412039ms step_avg:191.43ms
step:12700/75000 train_loss:3.2667 lr_scale:1.000 muon_mom:0.950 train_time:2431185ms step_avg:191.43ms
step:12800/75000 train_loss:2.8185 lr_scale:1.000 muon_mom:0.950 train_time:2450272ms step_avg:191.43ms
step:12900/75000 train_loss:3.2863 lr_scale:1.000 muon_mom:0.950 train_time:2469356ms step_avg:191.42ms
step:13000/75000 train_loss:3.3471 lr_scale:1.000 muon_mom:0.950 train_time:2488521ms step_avg:191.42ms
step:13100/75000 train_loss:3.3995 lr_scale:1.000 muon_mom:0.950 train_time:2507679ms step_avg:191.43ms
step:13200/75000 train_loss:3.2344 lr_scale:1.000 muon_mom:0.950 train_time:2526767ms step_avg:191.42ms
step:13300/75000 train_loss:3.4334 lr_scale:1.000 muon_mom:0.950 train_time:2545917ms step_avg:191.42ms
step:13400/75000 train_loss:3.4113 lr_scale:1.000 muon_mom:0.950 train_time:2565159ms step_avg:191.43ms
step:13500/75000 train_loss:3.3499 lr_scale:1.000 muon_mom:0.950 train_time:2584250ms step_avg:191.43ms
step:13600/75000 train_loss:3.2202 lr_scale:1.000 muon_mom:0.950 train_time:2603339ms step_avg:191.42ms
step:13700/75000 train_loss:2.9704 lr_scale:1.000 muon_mom:0.950 train_time:2622419ms step_avg:191.42ms
step:13800/75000 train_loss:3.4936 lr_scale:1.000 muon_mom:0.950 train_time:2641635ms step_avg:191.42ms
step:13900/75000 train_loss:3.0838 lr_scale:1.000 muon_mom:0.950 train_time:2660716ms step_avg:191.42ms
step:14000/75000 train_loss:3.4887 lr_scale:1.000 muon_mom:0.950 train_time:2679857ms step_avg:191.42ms
step:14100/75000 train_loss:3.4205 lr_scale:1.000 muon_mom:0.950 train_time:2698943ms step_avg:191.41ms
step:14200/75000 train_loss:3.2025 lr_scale:1.000 muon_mom:0.950 train_time:2718179ms step_avg:191.42ms
step:14300/75000 train_loss:3.3630 lr_scale:1.000 muon_mom:0.950 train_time:2737375ms step_avg:191.42ms
step:14400/75000 train_loss:3.2797 lr_scale:1.000 muon_mom:0.950 train_time:2756462ms step_avg:191.42ms
step:14500/75000 train_loss:3.2968 lr_scale:1.000 muon_mom:0.950 train_time:2775633ms step_avg:191.42ms
step:14600/75000 train_loss:2.4977 lr_scale:1.000 muon_mom:0.950 train_time:2794785ms step_avg:191.42ms
step:14700/75000 train_loss:3.2598 lr_scale:1.000 muon_mom:0.950 train_time:2813876ms step_avg:191.42ms
step:14800/75000 train_loss:3.2974 lr_scale:1.000 muon_mom:0.950 train_time:2833020ms step_avg:191.42ms
step:14900/75000 train_loss:3.2319 lr_scale:1.000 muon_mom:0.950 train_time:2852252ms step_avg:191.43ms
step:15000/75000 train_loss:3.2976 lr_scale:1.000 muon_mom:0.950 train_time:2871333ms step_avg:191.42ms
step:15100/75000 train_loss:3.4489 lr_scale:1.000 muon_mom:0.950 train_time:2890422ms step_avg:191.42ms
step:15200/75000 train_loss:3.1712 lr_scale:1.000 muon_mom:0.950 train_time:2909505ms step_avg:191.41ms
step:15300/75000 train_loss:3.4042 lr_scale:1.000 muon_mom:0.950 train_time:2928747ms step_avg:191.42ms
step:15400/75000 train_loss:3.3671 lr_scale:1.000 muon_mom:0.950 train_time:2947833ms step_avg:191.42ms
step:15500/75000 train_loss:3.3972 lr_scale:1.000 muon_mom:0.950 train_time:2966974ms step_avg:191.42ms
step:15600/75000 train_loss:3.3590 lr_scale:1.000 muon_mom:0.950 train_time:2986053ms step_avg:191.41ms
step:15700/75000 train_loss:3.3791 lr_scale:1.000 muon_mom:0.950 train_time:3005294ms step_avg:191.42ms
step:15800/75000 train_loss:3.1980 lr_scale:1.000 muon_mom:0.950 train_time:3024381ms step_avg:191.42ms
step:15900/75000 train_loss:3.3000 lr_scale:1.000 muon_mom:0.950 train_time:3043473ms step_avg:191.41ms
step:16000/75000 train_loss:3.4625 lr_scale:1.000 muon_mom:0.950 train_time:3062633ms step_avg:191.41ms
step:16100/75000 train_loss:3.2203 lr_scale:1.000 muon_mom:0.950 train_time:3081830ms step_avg:191.42ms
step:16200/75000 train_loss:3.3704 lr_scale:1.000 muon_mom:0.950 train_time:3100984ms step_avg:191.42ms
step:16300/75000 train_loss:3.2617 lr_scale:1.000 muon_mom:0.950 train_time:3120074ms step_avg:191.42ms
step:16400/75000 train_loss:3.3194 lr_scale:1.000 muon_mom:0.950 train_time:3139239ms step_avg:191.42ms
step:16500/75000 train_loss:3.1743 lr_scale:1.000 muon_mom:0.950 train_time:3158397ms step_avg:191.42ms
step:16600/75000 train_loss:3.2240 lr_scale:1.000 muon_mom:0.950 train_time:3177480ms step_avg:191.41ms
step:16700/75000 train_loss:3.3583 lr_scale:1.000 muon_mom:0.950 train_time:3196564ms step_avg:191.41ms
step:16800/75000 train_loss:3.1701 lr_scale:1.000 muon_mom:0.950 train_time:3215819ms step_avg:191.42ms
step:16900/75000 train_loss:3.4014 lr_scale:1.000 muon_mom:0.950 train_time:3234900ms step_avg:191.41ms
step:17000/75000 train_loss:3.4137 lr_scale:1.000 muon_mom:0.950 train_time:3254058ms step_avg:191.42ms
step:17100/75000 train_loss:3.4197 lr_scale:1.000 muon_mom:0.950 train_time:3273210ms step_avg:191.42ms
step:17200/75000 train_loss:3.3209 lr_scale:1.000 muon_mom:0.950 train_time:3292380ms step_avg:191.42ms
step:17300/75000 train_loss:3.3715 lr_scale:1.000 muon_mom:0.950 train_time:3311461ms step_avg:191.41ms
step:17400/75000 train_loss:3.2728 lr_scale:1.000 muon_mom:0.950 train_time:3330540ms step_avg:191.41ms
step:17500/75000 train_loss:3.3498 lr_scale:1.000 muon_mom:0.950 train_time:3349685ms step_avg:191.41ms
step:17600/75000 train_loss:3.2804 lr_scale:1.000 muon_mom:0.950 train_time:3368844ms step_avg:191.41ms
step:17700/75000 train_loss:3.1417 lr_scale:1.000 muon_mom:0.950 train_time:3387991ms step_avg:191.41ms
step:17800/75000 train_loss:3.3399 lr_scale:1.000 muon_mom:0.950 train_time:3407081ms step_avg:191.41ms
step:17900/75000 train_loss:3.5276 lr_scale:1.000 muon_mom:0.950 train_time:3426229ms step_avg:191.41ms
step:18000/75000 train_loss:3.6418 lr_scale:1.000 muon_mom:0.950 train_time:3445407ms step_avg:191.41ms
step:18100/75000 train_loss:3.1561 lr_scale:1.000 muon_mom:0.950 train_time:3464496ms step_avg:191.41ms
step:18200/75000 train_loss:3.2997 lr_scale:1.000 muon_mom:0.950 train_time:3483586ms step_avg:191.41ms
step:18300/75000 train_loss:3.2827 lr_scale:1.000 muon_mom:0.950 train_time:3502765ms step_avg:191.41ms
step:18400/75000 train_loss:3.2549 lr_scale:1.000 muon_mom:0.950 train_time:3521943ms step_avg:191.41ms
step:18500/75000 train_loss:3.4351 lr_scale:1.000 muon_mom:0.950 train_time:3541093ms step_avg:191.41ms
step:18600/75000 train_loss:3.3343 lr_scale:1.000 muon_mom:0.950 train_time:3560239ms step_avg:191.41ms
step:18700/75000 train_loss:3.3728 lr_scale:1.000 muon_mom:0.950 train_time:3579415ms step_avg:191.41ms
step:18800/75000 train_loss:3.3492 lr_scale:1.000 muon_mom:0.950 train_time:3598503ms step_avg:191.41ms
step:18900/75000 train_loss:3.4039 lr_scale:1.000 muon_mom:0.950 train_time:3617595ms step_avg:191.41ms
step:19000/75000 train_loss:3.1828 lr_scale:1.000 muon_mom:0.950 train_time:3636833ms step_avg:191.41ms
step:19100/75000 train_loss:3.3289 lr_scale:1.000 muon_mom:0.950 train_time:3656012ms step_avg:191.41ms
step:19200/75000 train_loss:3.4146 lr_scale:1.000 muon_mom:0.950 train_time:3675219ms step_avg:191.42ms
step:19300/75000 train_loss:3.4044 lr_scale:1.000 muon_mom:0.950 train_time:3694378ms step_avg:191.42ms
step:19400/75000 train_loss:3.3445 lr_scale:1.000 muon_mom:0.950 train_time:3713466ms step_avg:191.42ms
step:19500/75000 train_loss:3.2516 lr_scale:1.000 muon_mom:0.950 train_time:3732651ms step_avg:191.42ms
step:19600/75000 train_loss:3.2946 lr_scale:1.000 muon_mom:0.950 train_time:3751744ms step_avg:191.42ms
step:19700/75000 train_loss:3.3368 lr_scale:1.000 muon_mom:0.950 train_time:3770913ms step_avg:191.42ms
step:19800/75000 train_loss:3.4481 lr_scale:1.000 muon_mom:0.950 train_time:3790001ms step_avg:191.41ms
step:19900/75000 train_loss:3.7613 lr_scale:1.000 muon_mom:0.950 train_time:3809248ms step_avg:191.42ms
step:20000/75000 train_loss:3.2095 lr_scale:1.000 muon_mom:0.950 train_time:3828340ms step_avg:191.42ms
step:20100/75000 train_loss:3.2779 lr_scale:1.000 muon_mom:0.950 train_time:3847515ms step_avg:191.42ms
step:20200/75000 train_loss:3.4279 lr_scale:1.000 muon_mom:0.950 train_time:3866602ms step_avg:191.42ms
step:20300/75000 train_loss:3.4786 lr_scale:1.000 muon_mom:0.950 train_time:3885780ms step_avg:191.42ms
step:20400/75000 train_loss:3.3926 lr_scale:1.000 muon_mom:0.950 train_time:3904872ms step_avg:191.42ms
step:20500/75000 train_loss:3.2617 lr_scale:1.000 muon_mom:0.950 train_time:3924053ms step_avg:191.42ms
step:20600/75000 train_loss:3.1073 lr_scale:1.000 muon_mom:0.950 train_time:3943230ms step_avg:191.42ms
step:20700/75000 train_loss:3.1962 lr_scale:1.000 muon_mom:0.950 train_time:3962380ms step_avg:191.42ms
step:20800/75000 train_loss:3.1456 lr_scale:1.000 muon_mom:0.950 train_time:3981541ms step_avg:191.42ms
step:20900/75000 train_loss:3.1862 lr_scale:1.000 muon_mom:0.950 train_time:4000646ms step_avg:191.42ms
step:21000/75000 train_loss:3.3751 lr_scale:1.000 muon_mom:0.950 train_time:4019823ms step_avg:191.42ms
step:21100/75000 train_loss:3.4365 lr_scale:1.000 muon_mom:0.950 train_time:4038915ms step_avg:191.42ms
step:21200/75000 train_loss:3.1341 lr_scale:1.000 muon_mom:0.950 train_time:4058084ms step_avg:191.42ms
step:21300/75000 train_loss:3.5448 lr_scale:1.000 muon_mom:0.950 train_time:4077178ms step_avg:191.42ms
step:21400/75000 train_loss:3.4247 lr_scale:1.000 muon_mom:0.950 train_time:4096420ms step_avg:191.42ms
step:21500/75000 train_loss:3.3339 lr_scale:1.000 muon_mom:0.950 train_time:4115514ms step_avg:191.42ms
step:21600/75000 train_loss:3.1982 lr_scale:1.000 muon_mom:0.950 train_time:4134664ms step_avg:191.42ms
step:21700/75000 train_loss:3.2755 lr_scale:1.000 muon_mom:0.950 train_time:4153756ms step_avg:191.42ms
step:21800/75000 train_loss:3.1744 lr_scale:1.000 muon_mom:0.950 train_time:4172915ms step_avg:191.42ms
step:21900/75000 train_loss:3.0115 lr_scale:1.000 muon_mom:0.950 train_time:4192062ms step_avg:191.42ms
step:22000/75000 train_loss:3.3857 lr_scale:1.000 muon_mom:0.950 train_time:4211150ms step_avg:191.42ms
step:22100/75000 train_loss:3.5250 lr_scale:1.000 muon_mom:0.950 train_time:4230300ms step_avg:191.42ms
step:22200/75000 train_loss:3.4854 lr_scale:1.000 muon_mom:0.950 train_time:4249460ms step_avg:191.42ms
step:22300/75000 train_loss:3.3669 lr_scale:1.000 muon_mom:0.950 train_time:4268621ms step_avg:191.42ms
step:22400/75000 train_loss:3.3655 lr_scale:1.000 muon_mom:0.950 train_time:4287710ms step_avg:191.42ms
step:22500/75000 train_loss:3.4508 lr_scale:1.000 muon_mom:0.950 train_time:4306798ms step_avg:191.41ms
step:22600/75000 train_loss:3.3358 lr_scale:1.000 muon_mom:0.950 train_time:4325962ms step_avg:191.41ms
step:22700/75000 train_loss:3.2542 lr_scale:1.000 muon_mom:0.950 train_time:4345128ms step_avg:191.42ms
step:22800/75000 train_loss:3.1207 lr_scale:1.000 muon_mom:0.950 train_time:4364213ms step_avg:191.41ms
step:22900/75000 train_loss:2.9778 lr_scale:1.000 muon_mom:0.950 train_time:4383425ms step_avg:191.42ms
step:23000/75000 train_loss:3.1817 lr_scale:1.000 muon_mom:0.950 train_time:4402568ms step_avg:191.42ms
step:23100/75000 train_loss:3.3391 lr_scale:1.000 muon_mom:0.950 train_time:4421654ms step_avg:191.41ms
step:23200/75000 train_loss:3.2607 lr_scale:1.000 muon_mom:0.950 train_time:4440734ms step_avg:191.41ms
step:23300/75000 train_loss:3.4395 lr_scale:1.000 muon_mom:0.950 train_time:4459885ms step_avg:191.41ms
step:23400/75000 train_loss:3.5981 lr_scale:1.000 muon_mom:0.950 train_time:4479035ms step_avg:191.41ms
step:23500/75000 train_loss:3.2726 lr_scale:1.000 muon_mom:0.950 train_time:4498124ms step_avg:191.41ms
step:23600/75000 train_loss:3.4264 lr_scale:1.000 muon_mom:0.950 train_time:4517277ms step_avg:191.41ms
step:23700/75000 train_loss:3.2747 lr_scale:1.000 muon_mom:0.950 train_time:4536529ms step_avg:191.41ms
step:23800/75000 train_loss:3.1669 lr_scale:1.000 muon_mom:0.950 train_time:4555677ms step_avg:191.41ms
step:23900/75000 train_loss:3.4575 lr_scale:1.000 muon_mom:0.950 train_time:4574766ms step_avg:191.41ms
step:24000/75000 train_loss:3.1941 lr_scale:1.000 muon_mom:0.950 train_time:4593854ms step_avg:191.41ms
step:24100/75000 train_loss:3.3984 lr_scale:1.000 muon_mom:0.950 train_time:4613108ms step_avg:191.42ms
step:24200/75000 train_loss:3.3459 lr_scale:1.000 muon_mom:0.950 train_time:4632187ms step_avg:191.41ms
step:24300/75000 train_loss:3.2812 lr_scale:1.000 muon_mom:0.950 train_time:4651274ms step_avg:191.41ms
step:24400/75000 train_loss:3.1149 lr_scale:1.000 muon_mom:0.950 train_time:4670432ms step_avg:191.41ms
step:24500/75000 train_loss:3.3277 lr_scale:1.000 muon_mom:0.950 train_time:4689638ms step_avg:191.41ms
step:24600/75000 train_loss:3.3808 lr_scale:1.000 muon_mom:0.950 train_time:4708730ms step_avg:191.41ms
step:24700/75000 train_loss:3.3653 lr_scale:1.000 muon_mom:0.950 train_time:4727814ms step_avg:191.41ms
step:24800/75000 train_loss:3.3661 lr_scale:1.000 muon_mom:0.950 train_time:4746973ms step_avg:191.41ms
step:24900/75000 train_loss:3.3650 lr_scale:1.000 muon_mom:0.950 train_time:4766120ms step_avg:191.41ms
step:25000/75000 train_loss:3.1392 lr_scale:1.000 muon_mom:0.950 train_time:4785208ms step_avg:191.41ms
step:25100/75000 train_loss:3.2270 lr_scale:1.000 muon_mom:0.950 train_time:4804357ms step_avg:191.41ms
step:25200/75000 train_loss:3.2683 lr_scale:1.000 muon_mom:0.950 train_time:4823602ms step_avg:191.41ms
step:25300/75000 train_loss:3.0696 lr_scale:1.000 muon_mom:0.950 train_time:4842691ms step_avg:191.41ms
step:25400/75000 train_loss:3.4702 lr_scale:1.000 muon_mom:0.950 train_time:4861781ms step_avg:191.41ms
step:25500/75000 train_loss:3.4105 lr_scale:1.000 muon_mom:0.950 train_time:4880877ms step_avg:191.41ms
step:25600/75000 train_loss:3.2039 lr_scale:1.000 muon_mom:0.950 train_time:4900117ms step_avg:191.41ms
step:25700/75000 train_loss:3.6362 lr_scale:1.000 muon_mom:0.950 train_time:4919205ms step_avg:191.41ms
step:25800/75000 train_loss:3.3405 lr_scale:1.000 muon_mom:0.950 train_time:4938355ms step_avg:191.41ms
step:25900/75000 train_loss:3.2678 lr_scale:1.000 muon_mom:0.950 train_time:4957444ms step_avg:191.41ms
step:26000/75000 train_loss:3.1748 lr_scale:1.000 muon_mom:0.950 train_time:4976691ms step_avg:191.41ms
step:26100/75000 train_loss:3.0377 lr_scale:1.000 muon_mom:0.950 train_time:4995784ms step_avg:191.41ms
step:26200/75000 train_loss:3.1857 lr_scale:1.000 muon_mom:0.950 train_time:5014877ms step_avg:191.41ms
step:26300/75000 train_loss:3.1419 lr_scale:1.000 muon_mom:0.950 train_time:5033967ms step_avg:191.41ms
step:26400/75000 train_loss:3.5043 lr_scale:1.000 muon_mom:0.950 train_time:5053195ms step_avg:191.41ms
step:26500/75000 train_loss:3.1521 lr_scale:1.000 muon_mom:0.950 train_time:5072287ms step_avg:191.41ms
step:26600/75000 train_loss:3.3311 lr_scale:1.000 muon_mom:0.950 train_time:5091441ms step_avg:191.41ms
step:26700/75000 train_loss:3.2202 lr_scale:1.000 muon_mom:0.950 train_time:5110600ms step_avg:191.41ms
step:26800/75000 train_loss:3.1375 lr_scale:1.000 muon_mom:0.950 train_time:5129779ms step_avg:191.41ms
step:26900/75000 train_loss:3.4548 lr_scale:1.000 muon_mom:0.950 train_time:5148868ms step_avg:191.41ms
step:27000/75000 train_loss:3.8705 lr_scale:1.000 muon_mom:0.950 train_time:5167959ms step_avg:191.41ms
step:27100/75000 train_loss:3.4790 lr_scale:1.000 muon_mom:0.950 train_time:5187204ms step_avg:191.41ms
step:27200/75000 train_loss:3.3174 lr_scale:1.000 muon_mom:0.950 train_time:5206291ms step_avg:191.41ms
step:27300/75000 train_loss:3.2275 lr_scale:1.000 muon_mom:0.950 train_time:5225437ms step_avg:191.41ms
step:27400/75000 train_loss:3.0261 lr_scale:1.000 muon_mom:0.950 train_time:5244601ms step_avg:191.41ms
step:27500/75000 train_loss:3.3837 lr_scale:1.000 muon_mom:0.950 train_time:5263770ms step_avg:191.41ms
step:27600/75000 train_loss:3.5043 lr_scale:1.000 muon_mom:0.950 train_time:5282861ms step_avg:191.41ms
step:27700/75000 train_loss:3.3634 lr_scale:1.000 muon_mom:0.950 train_time:5301951ms step_avg:191.41ms
step:27800/75000 train_loss:3.3683 lr_scale:1.000 muon_mom:0.950 train_time:5321101ms step_avg:191.41ms
step:27900/75000 train_loss:3.3102 lr_scale:1.000 muon_mom:0.950 train_time:5340247ms step_avg:191.41ms
step:28000/75000 train_loss:3.2886 lr_scale:1.000 muon_mom:0.950 train_time:5359384ms step_avg:191.41ms
step:28100/75000 train_loss:3.2892 lr_scale:1.000 muon_mom:0.950 train_time:5378470ms step_avg:191.40ms
step:28200/75000 train_loss:3.3381 lr_scale:1.000 muon_mom:0.950 train_time:5397614ms step_avg:191.40ms
step:28300/75000 train_loss:2.9591 lr_scale:1.000 muon_mom:0.950 train_time:5416773ms step_avg:191.41ms
step:28400/75000 train_loss:3.0874 lr_scale:1.000 muon_mom:0.950 train_time:5435981ms step_avg:191.41ms
step:28500/75000 train_loss:3.3197 lr_scale:1.000 muon_mom:0.950 train_time:5455070ms step_avg:191.41ms
step:28600/75000 train_loss:3.2997 lr_scale:1.000 muon_mom:0.950 train_time:5474218ms step_avg:191.41ms
step:28700/75000 train_loss:3.4923 lr_scale:1.000 muon_mom:0.950 train_time:5493384ms step_avg:191.41ms
step:28800/75000 train_loss:3.3648 lr_scale:1.000 muon_mom:0.950 train_time:5512526ms step_avg:191.41ms
step:28900/75000 train_loss:3.0826 lr_scale:1.000 muon_mom:0.950 train_time:5531669ms step_avg:191.41ms
step:29000/75000 train_loss:3.2082 lr_scale:1.000 muon_mom:0.950 train_time:5550813ms step_avg:191.41ms
step:29100/75000 train_loss:3.3899 lr_scale:1.000 muon_mom:0.950 train_time:5569896ms step_avg:191.41ms
step:29200/75000 train_loss:3.2012 lr_scale:1.000 muon_mom:0.950 train_time:5588985ms step_avg:191.40ms
step:29300/75000 train_loss:3.2610 lr_scale:1.000 muon_mom:0.950 train_time:5608134ms step_avg:191.40ms
step:29400/75000 train_loss:3.4329 lr_scale:1.000 muon_mom:0.950 train_time:5627285ms step_avg:191.40ms
step:29500/75000 train_loss:3.3043 lr_scale:1.000 muon_mom:0.950 train_time:5646435ms step_avg:191.40ms
step:29600/75000 train_loss:3.3813 lr_scale:1.000 muon_mom:0.950 train_time:5665517ms step_avg:191.40ms
step:29700/75000 train_loss:3.1924 lr_scale:1.000 muon_mom:0.950 train_time:5684676ms step_avg:191.40ms
step:29800/75000 train_loss:3.2623 lr_scale:1.000 muon_mom:0.950 train_time:5703823ms step_avg:191.40ms
step:29900/75000 train_loss:3.2289 lr_scale:1.000 muon_mom:0.950 train_time:5722907ms step_avg:191.40ms
step:30000/75000 train_loss:3.2960 lr_scale:1.000 muon_mom:0.950 train_time:5742063ms step_avg:191.40ms
step:30100/75000 train_loss:3.1087 lr_scale:1.000 muon_mom:0.950 train_time:5761144ms step_avg:191.40ms
step:30200/75000 train_loss:3.1379 lr_scale:1.000 muon_mom:0.950 train_time:5780278ms step_avg:191.40ms
step:30300/75000 train_loss:3.3477 lr_scale:1.000 muon_mom:0.950 train_time:5799440ms step_avg:191.40ms
step:30400/75000 train_loss:3.1153 lr_scale:1.000 muon_mom:0.950 train_time:5818586ms step_avg:191.40ms
step:30500/75000 train_loss:3.2903 lr_scale:1.000 muon_mom:0.950 train_time:5837669ms step_avg:191.40ms
step:30600/75000 train_loss:2.9993 lr_scale:1.000 muon_mom:0.950 train_time:5856816ms step_avg:191.40ms
step:30700/75000 train_loss:3.2419 lr_scale:1.000 muon_mom:0.950 train_time:5875897ms step_avg:191.40ms
step:30800/75000 train_loss:3.0387 lr_scale:1.000 muon_mom:0.950 train_time:5895054ms step_avg:191.40ms
step:30900/75000 train_loss:3.1551 lr_scale:1.000 muon_mom:0.950 train_time:5914207ms step_avg:191.40ms
step:31000/75000 train_loss:3.1417 lr_scale:1.000 muon_mom:0.950 train_time:5933351ms step_avg:191.40ms
step:31100/75000 train_loss:3.3556 lr_scale:1.000 muon_mom:0.950 train_time:5952501ms step_avg:191.40ms
step:31200/75000 train_loss:3.3444 lr_scale:1.000 muon_mom:0.950 train_time:5971589ms step_avg:191.40ms
step:31300/75000 train_loss:3.5065 lr_scale:1.000 muon_mom:0.950 train_time:5990754ms step_avg:191.40ms
step:31400/75000 train_loss:3.3097 lr_scale:1.000 muon_mom:0.950 train_time:6009836ms step_avg:191.40ms
step:31500/75000 train_loss:3.2245 lr_scale:1.000 muon_mom:0.950 train_time:6029013ms step_avg:191.40ms
step:31600/75000 train_loss:3.3204 lr_scale:1.000 muon_mom:0.950 train_time:6048103ms step_avg:191.40ms
step:31700/75000 train_loss:2.7326 lr_scale:1.000 muon_mom:0.950 train_time:6067338ms step_avg:191.40ms
step:31800/75000 train_loss:3.1396 lr_scale:1.000 muon_mom:0.950 train_time:6086427ms step_avg:191.40ms
step:31900/75000 train_loss:3.3958 lr_scale:1.000 muon_mom:0.950 train_time:6105583ms step_avg:191.40ms
step:32000/75000 train_loss:3.2877 lr_scale:1.000 muon_mom:0.950 train_time:6124672ms step_avg:191.40ms
step:32100/75000 train_loss:2.6637 lr_scale:1.000 muon_mom:0.950 train_time:6143851ms step_avg:191.40ms
step:32200/75000 train_loss:3.6617 lr_scale:1.000 muon_mom:0.950 train_time:6162934ms step_avg:191.40ms
step:32300/75000 train_loss:3.3467 lr_scale:1.000 muon_mom:0.950 train_time:6182103ms step_avg:191.40ms
step:32400/75000 train_loss:3.3419 lr_scale:1.000 muon_mom:0.950 train_time:6201190ms step_avg:191.39ms
step:32500/75000 train_loss:3.1912 lr_scale:1.000 muon_mom:0.950 train_time:6220427ms step_avg:191.40ms
step:32600/75000 train_loss:3.2507 lr_scale:1.000 muon_mom:0.950 train_time:6239584ms step_avg:191.40ms
step:32700/75000 train_loss:3.4700 lr_scale:1.000 muon_mom:0.950 train_time:6258671ms step_avg:191.40ms
step:32800/75000 train_loss:3.1832 lr_scale:1.000 muon_mom:0.950 train_time:6277759ms step_avg:191.40ms
step:32900/75000 train_loss:3.1248 lr_scale:1.000 muon_mom:0.950 train_time:6296935ms step_avg:191.40ms
step:33000/75000 train_loss:3.1849 lr_scale:1.000 muon_mom:0.950 train_time:6316112ms step_avg:191.40ms
step:33100/75000 train_loss:3.3713 lr_scale:1.000 muon_mom:0.950 train_time:6335314ms step_avg:191.40ms
step:33200/75000 train_loss:3.4438 lr_scale:1.000 muon_mom:0.950 train_time:6354602ms step_avg:191.40ms
step:33300/75000 train_loss:3.2128 lr_scale:1.000 muon_mom:0.950 train_time:6373753ms step_avg:191.40ms
step:33400/75000 train_loss:3.0982 lr_scale:1.000 muon_mom:0.950 train_time:6392844ms step_avg:191.40ms
step:33500/75000 train_loss:3.0111 lr_scale:1.000 muon_mom:0.950 train_time:6411934ms step_avg:191.40ms
step:33600/75000 train_loss:3.4293 lr_scale:1.000 muon_mom:0.950 train_time:6431109ms step_avg:191.40ms
step:33700/75000 train_loss:3.3061 lr_scale:1.000 muon_mom:0.950 train_time:6450286ms step_avg:191.40ms
step:33800/75000 train_loss:3.3285 lr_scale:1.000 muon_mom:0.950 train_time:6469374ms step_avg:191.40ms
step:33900/75000 train_loss:3.1622 lr_scale:1.000 muon_mom:0.950 train_time:6488559ms step_avg:191.40ms
step:34000/75000 train_loss:3.3418 lr_scale:1.000 muon_mom:0.950 train_time:6507745ms step_avg:191.40ms
step:34100/75000 train_loss:3.2495 lr_scale:1.000 muon_mom:0.950 train_time:6526898ms step_avg:191.40ms
step:34200/75000 train_loss:3.3622 lr_scale:1.000 muon_mom:0.950 train_time:6545989ms step_avg:191.40ms
step:34300/75000 train_loss:3.3507 lr_scale:1.000 muon_mom:0.950 train_time:6565081ms step_avg:191.40ms
step:34400/75000 train_loss:3.3851 lr_scale:1.000 muon_mom:0.950 train_time:6584242ms step_avg:191.40ms
step:34500/75000 train_loss:3.2421 lr_scale:1.000 muon_mom:0.950 train_time:6603405ms step_avg:191.40ms
step:34600/75000 train_loss:3.4137 lr_scale:1.000 muon_mom:0.950 train_time:6622495ms step_avg:191.40ms
step:34700/75000 train_loss:3.3400 lr_scale:1.000 muon_mom:0.950 train_time:6641658ms step_avg:191.40ms
step:34800/75000 train_loss:3.1323 lr_scale:1.000 muon_mom:0.950 train_time:6660887ms step_avg:191.40ms
step:34900/75000 train_loss:3.2882 lr_scale:1.000 muon_mom:0.950 train_time:6679981ms step_avg:191.40ms
step:35000/75000 train_loss:3.2087 lr_scale:1.000 muon_mom:0.950 train_time:6699072ms step_avg:191.40ms
step:35100/75000 train_loss:3.4915 lr_scale:1.000 muon_mom:0.950 train_time:6718252ms step_avg:191.40ms
step:35200/75000 train_loss:3.3133 lr_scale:1.000 muon_mom:0.950 train_time:6737402ms step_avg:191.40ms
step:35300/75000 train_loss:3.4610 lr_scale:1.000 muon_mom:0.950 train_time:6756483ms step_avg:191.40ms
step:35400/75000 train_loss:3.0658 lr_scale:1.000 muon_mom:0.950 train_time:6775633ms step_avg:191.40ms
step:35500/75000 train_loss:3.3182 lr_scale:1.000 muon_mom:0.950 train_time:6794793ms step_avg:191.40ms
step:35600/75000 train_loss:3.3472 lr_scale:1.000 muon_mom:0.950 train_time:6813944ms step_avg:191.40ms
step:35700/75000 train_loss:3.5477 lr_scale:1.000 muon_mom:0.950 train_time:6833031ms step_avg:191.40ms
step:35800/75000 train_loss:3.3528 lr_scale:1.000 muon_mom:0.950 train_time:6852121ms step_avg:191.40ms
step:35900/75000 train_loss:3.2630 lr_scale:1.000 muon_mom:0.950 train_time:6871370ms step_avg:191.40ms
step:36000/75000 train_loss:3.3597 lr_scale:1.000 muon_mom:0.950 train_time:6890457ms step_avg:191.40ms
step:36100/75000 train_loss:3.5174 lr_scale:1.000 muon_mom:0.950 train_time:6909628ms step_avg:191.40ms
step:36200/75000 train_loss:3.4015 lr_scale:1.000 muon_mom:0.950 train_time:6928717ms step_avg:191.40ms
step:36300/75000 train_loss:3.3492 lr_scale:1.000 muon_mom:0.950 train_time:6947960ms step_avg:191.40ms
step:36400/75000 train_loss:3.3271 lr_scale:1.000 muon_mom:0.950 train_time:6967049ms step_avg:191.40ms
step:36500/75000 train_loss:3.1780 lr_scale:1.000 muon_mom:0.950 train_time:6986131ms step_avg:191.40ms
step:36600/75000 train_loss:3.0695 lr_scale:1.000 muon_mom:0.950 train_time:7005216ms step_avg:191.40ms
step:36700/75000 train_loss:3.4666 lr_scale:1.000 muon_mom:0.950 train_time:7024451ms step_avg:191.40ms
step:36800/75000 train_loss:2.9850 lr_scale:1.000 muon_mom:0.950 train_time:7043539ms step_avg:191.40ms
step:36900/75000 train_loss:3.2310 lr_scale:1.000 muon_mom:0.950 train_time:7062688ms step_avg:191.40ms
step:37000/75000 train_loss:3.1596 lr_scale:1.000 muon_mom:0.950 train_time:7081841ms step_avg:191.40ms
step:37100/75000 train_loss:3.2465 lr_scale:1.000 muon_mom:0.950 train_time:7101013ms step_avg:191.40ms
step:37200/75000 train_loss:3.3736 lr_scale:1.000 muon_mom:0.950 train_time:7120100ms step_avg:191.40ms
step:37300/75000 train_loss:3.4236 lr_scale:1.000 muon_mom:0.950 train_time:7139188ms step_avg:191.40ms
step:37400/75000 train_loss:3.3565 lr_scale:1.000 muon_mom:0.950 train_time:7158439ms step_avg:191.40ms
step:37500/75000 train_loss:3.1508 lr_scale:1.000 muon_mom:0.950 train_time:7177530ms step_avg:191.40ms
step:37600/75000 train_loss:3.3034 lr_scale:1.000 muon_mom:0.950 train_time:7196681ms step_avg:191.40ms
step:37700/75000 train_loss:3.2186 lr_scale:1.000 muon_mom:0.950 train_time:7215768ms step_avg:191.40ms
step:37800/75000 train_loss:3.3141 lr_scale:1.000 muon_mom:0.950 train_time:7235092ms step_avg:191.40ms
step:37900/75000 train_loss:3.4260 lr_scale:1.000 muon_mom:0.950 train_time:7254172ms step_avg:191.40ms
step:38000/75000 train_loss:3.2184 lr_scale:1.000 muon_mom:0.950 train_time:7273255ms step_avg:191.40ms
step:38100/75000 train_loss:3.3528 lr_scale:1.000 muon_mom:0.950 train_time:7292400ms step_avg:191.40ms
step:38200/75000 train_loss:3.4189 lr_scale:1.000 muon_mom:0.950 train_time:7311583ms step_avg:191.40ms
step:38300/75000 train_loss:3.1665 lr_scale:1.000 muon_mom:0.950 train_time:7330678ms step_avg:191.40ms
step:38400/75000 train_loss:3.3436 lr_scale:1.000 muon_mom:0.950 train_time:7349826ms step_avg:191.40ms
step:38500/75000 train_loss:3.2291 lr_scale:1.000 muon_mom:0.950 train_time:7368980ms step_avg:191.40ms
step:38600/75000 train_loss:3.2821 lr_scale:1.000 muon_mom:0.950 train_time:7388155ms step_avg:191.40ms
step:38700/75000 train_loss:3.2272 lr_scale:1.000 muon_mom:0.950 train_time:7407244ms step_avg:191.40ms
step:38800/75000 train_loss:3.2841 lr_scale:1.000 muon_mom:0.950 train_time:7426334ms step_avg:191.40ms
step:38900/75000 train_loss:3.3239 lr_scale:1.000 muon_mom:0.950 train_time:7445483ms step_avg:191.40ms
step:39000/75000 train_loss:3.4093 lr_scale:1.000 muon_mom:0.950 train_time:7464648ms step_avg:191.40ms
step:39100/75000 train_loss:3.2513 lr_scale:1.000 muon_mom:0.950 train_time:7483800ms step_avg:191.40ms
step:39200/75000 train_loss:3.1841 lr_scale:1.000 muon_mom:0.950 train_time:7502944ms step_avg:191.40ms
step:39300/75000 train_loss:3.2014 lr_scale:1.000 muon_mom:0.950 train_time:7522110ms step_avg:191.40ms
step:39400/75000 train_loss:3.2440 lr_scale:1.000 muon_mom:0.950 train_time:7541197ms step_avg:191.40ms
step:39500/75000 train_loss:3.1106 lr_scale:1.000 muon_mom:0.950 train_time:7560277ms step_avg:191.40ms
step:39600/75000 train_loss:3.3776 lr_scale:1.000 muon_mom:0.950 train_time:7579422ms step_avg:191.40ms
step:39700/75000 train_loss:3.1874 lr_scale:1.000 muon_mom:0.950 train_time:7598581ms step_avg:191.40ms
step:39800/75000 train_loss:3.2612 lr_scale:1.000 muon_mom:0.950 train_time:7617727ms step_avg:191.40ms
step:39900/75000 train_loss:3.2337 lr_scale:1.000 muon_mom:0.950 train_time:7636818ms step_avg:191.40ms
step:40000/75000 train_loss:3.3692 lr_scale:1.000 muon_mom:0.950 train_time:7655967ms step_avg:191.40ms
step:40100/75000 train_loss:3.3461 lr_scale:1.000 muon_mom:0.950 train_time:7675145ms step_avg:191.40ms
step:40200/75000 train_loss:3.2462 lr_scale:1.000 muon_mom:0.950 train_time:7694234ms step_avg:191.40ms
step:40300/75000 train_loss:3.3553 lr_scale:1.000 muon_mom:0.950 train_time:7713323ms step_avg:191.40ms
step:40400/75000 train_loss:3.1827 lr_scale:1.000 muon_mom:0.950 train_time:7732472ms step_avg:191.40ms
step:40500/75000 train_loss:3.2495 lr_scale:1.000 muon_mom:0.950 train_time:7751647ms step_avg:191.40ms
step:40600/75000 train_loss:3.1763 lr_scale:1.000 muon_mom:0.950 train_time:7770796ms step_avg:191.40ms
step:40700/75000 train_loss:3.2318 lr_scale:1.000 muon_mom:0.950 train_time:7789957ms step_avg:191.40ms
step:40800/75000 train_loss:3.2411 lr_scale:1.000 muon_mom:0.950 train_time:7809042ms step_avg:191.40ms
step:40900/75000 train_loss:3.1167 lr_scale:1.000 muon_mom:0.950 train_time:7828204ms step_avg:191.40ms
step:41000/75000 train_loss:3.2996 lr_scale:1.000 muon_mom:0.950 train_time:7847287ms step_avg:191.40ms
step:41100/75000 train_loss:3.4062 lr_scale:1.000 muon_mom:0.950 train_time:7866460ms step_avg:191.40ms
step:41200/75000 train_loss:3.3599 lr_scale:1.000 muon_mom:0.950 train_time:7885635ms step_avg:191.40ms
step:41300/75000 train_loss:3.3703 lr_scale:1.000 muon_mom:0.950 train_time:7904785ms step_avg:191.40ms
step:41400/75000 train_loss:3.3910 lr_scale:1.000 muon_mom:0.950 train_time:7923872ms step_avg:191.40ms
step:41500/75000 train_loss:3.4464 lr_scale:1.000 muon_mom:0.950 train_time:7943044ms step_avg:191.40ms
step:41600/75000 train_loss:3.2688 lr_scale:1.000 muon_mom:0.950 train_time:7962229ms step_avg:191.40ms
step:41700/75000 train_loss:3.4043 lr_scale:1.000 muon_mom:0.950 train_time:7981318ms step_avg:191.40ms
step:41800/75000 train_loss:3.4035 lr_scale:1.000 muon_mom:0.950 train_time:8000469ms step_avg:191.40ms
step:41900/75000 train_loss:3.4993 lr_scale:1.000 muon_mom:0.950 train_time:8019559ms step_avg:191.40ms
step:42000/75000 train_loss:3.2981 lr_scale:1.000 muon_mom:0.950 train_time:8038801ms step_avg:191.40ms
step:42100/75000 train_loss:2.8624 lr_scale:1.000 muon_mom:0.950 train_time:8057888ms step_avg:191.40ms
step:42200/75000 train_loss:3.3863 lr_scale:1.000 muon_mom:0.950 train_time:8077058ms step_avg:191.40ms
step:42300/75000 train_loss:3.3397 lr_scale:1.000 muon_mom:0.950 train_time:8096151ms step_avg:191.40ms
step:42400/75000 train_loss:3.2728 lr_scale:1.000 muon_mom:0.950 train_time:8115332ms step_avg:191.40ms
step:42500/75000 train_loss:3.1639 lr_scale:1.000 muon_mom:0.950 train_time:8134532ms step_avg:191.40ms
step:42600/75000 train_loss:3.1885 lr_scale:1.000 muon_mom:0.950 train_time:8153687ms step_avg:191.40ms
step:42700/75000 train_loss:3.3071 lr_scale:1.000 muon_mom:0.950 train_time:8172767ms step_avg:191.40ms
step:42800/75000 train_loss:3.4811 lr_scale:1.000 muon_mom:0.950 train_time:8191987ms step_avg:191.40ms
step:42900/75000 train_loss:3.2373 lr_scale:1.000 muon_mom:0.950 train_time:8211132ms step_avg:191.40ms
step:43000/75000 train_loss:3.2666 lr_scale:1.000 muon_mom:0.950 train_time:8230214ms step_avg:191.40ms
step:43100/75000 train_loss:3.3956 lr_scale:1.000 muon_mom:0.950 train_time:8249303ms step_avg:191.40ms
step:43200/75000 train_loss:3.2772 lr_scale:1.000 muon_mom:0.950 train_time:8268484ms step_avg:191.40ms
step:43300/75000 train_loss:3.2569 lr_scale:1.000 muon_mom:0.950 train_time:8287643ms step_avg:191.40ms
step:43400/75000 train_loss:2.8958 lr_scale:1.000 muon_mom:0.950 train_time:8306729ms step_avg:191.40ms
step:43500/75000 train_loss:3.4267 lr_scale:1.000 muon_mom:0.950 train_time:8325979ms step_avg:191.40ms
step:43600/75000 train_loss:3.5086 lr_scale:1.000 muon_mom:0.950 train_time:8345072ms step_avg:191.40ms
step:43700/75000 train_loss:3.4808 lr_scale:1.000 muon_mom:0.950 train_time:8364228ms step_avg:191.40ms
step:43800/75000 train_loss:3.4054 lr_scale:1.000 muon_mom:0.950 train_time:8383316ms step_avg:191.40ms
step:43900/75000 train_loss:3.3206 lr_scale:1.000 muon_mom:0.950 train_time:8402490ms step_avg:191.40ms
step:44000/75000 train_loss:3.4336 lr_scale:1.000 muon_mom:0.950 train_time:8421645ms step_avg:191.40ms
step:44100/75000 train_loss:3.5391 lr_scale:1.000 muon_mom:0.950 train_time:8440735ms step_avg:191.40ms
step:44200/75000 train_loss:3.1462 lr_scale:1.000 muon_mom:0.950 train_time:8459826ms step_avg:191.40ms
step:44300/75000 train_loss:3.3711 lr_scale:1.000 muon_mom:0.950 train_time:8479067ms step_avg:191.40ms
step:44400/75000 train_loss:3.0836 lr_scale:1.000 muon_mom:0.950 train_time:8498223ms step_avg:191.40ms
step:44500/75000 train_loss:3.8965 lr_scale:1.000 muon_mom:0.950 train_time:8517318ms step_avg:191.40ms
step:44600/75000 train_loss:3.4512 lr_scale:1.000 muon_mom:0.950 train_time:8536410ms step_avg:191.40ms
step:44700/75000 train_loss:3.3820 lr_scale:1.000 muon_mom:0.950 train_time:8555582ms step_avg:191.40ms
step:44800/75000 train_loss:3.0997 lr_scale:1.000 muon_mom:0.950 train_time:8574738ms step_avg:191.40ms
step:44900/75000 train_loss:3.2406 lr_scale:1.000 muon_mom:0.950 train_time:8593828ms step_avg:191.40ms
step:45000/75000 train_loss:3.0842 lr_scale:1.000 muon_mom:0.950 train_time:8612972ms step_avg:191.40ms
step:45100/75000 train_loss:3.3933 lr_scale:1.000 muon_mom:0.950 train_time:8632188ms step_avg:191.40ms
step:45200/75000 train_loss:3.2506 lr_scale:1.000 muon_mom:0.950 train_time:8651271ms step_avg:191.40ms
step:45300/75000 train_loss:3.2127 lr_scale:1.000 muon_mom:0.950 train_time:8670359ms step_avg:191.40ms
step:45400/75000 train_loss:2.8872 lr_scale:1.000 muon_mom:0.950 train_time:8689512ms step_avg:191.40ms
step:45500/75000 train_loss:3.3079 lr_scale:1.000 muon_mom:0.950 train_time:8708663ms step_avg:191.40ms
step:45600/75000 train_loss:3.3018 lr_scale:1.000 muon_mom:0.950 train_time:8727750ms step_avg:191.40ms
step:45700/75000 train_loss:3.2692 lr_scale:1.000 muon_mom:0.950 train_time:8746903ms step_avg:191.40ms
step:45800/75000 train_loss:3.4153 lr_scale:1.000 muon_mom:0.950 train_time:8766098ms step_avg:191.40ms
step:45900/75000 train_loss:3.2294 lr_scale:1.000 muon_mom:0.950 train_time:8785261ms step_avg:191.40ms
step:46000/75000 train_loss:3.3894 lr_scale:1.000 muon_mom:0.950 train_time:8804353ms step_avg:191.40ms
step:46100/75000 train_loss:2.7140 lr_scale:1.000 muon_mom:0.950 train_time:8823448ms step_avg:191.40ms
step:46200/75000 train_loss:3.3523 lr_scale:1.000 muon_mom:0.950 train_time:8842638ms step_avg:191.40ms
step:46300/75000 train_loss:3.2489 lr_scale:1.000 muon_mom:0.950 train_time:8861828ms step_avg:191.40ms
step:46400/75000 train_loss:3.4081 lr_scale:1.000 muon_mom:0.950 train_time:8880915ms step_avg:191.40ms
step:46500/75000 train_loss:2.9116 lr_scale:1.000 muon_mom:0.950 train_time:8900063ms step_avg:191.40ms
step:46600/75000 train_loss:3.4332 lr_scale:1.000 muon_mom:0.950 train_time:8919336ms step_avg:191.40ms
step:46700/75000 train_loss:3.0842 lr_scale:1.000 muon_mom:0.950 train_time:8938425ms step_avg:191.40ms
step:46800/75000 train_loss:3.1971 lr_scale:1.000 muon_mom:0.950 train_time:8957517ms step_avg:191.40ms
step:46900/75000 train_loss:3.3716 lr_scale:1.000 muon_mom:0.950 train_time:8976605ms step_avg:191.40ms
step:47000/75000 train_loss:2.9522 lr_scale:1.000 muon_mom:0.950 train_time:8995851ms step_avg:191.40ms
step:47100/75000 train_loss:3.2774 lr_scale:1.000 muon_mom:0.950 train_time:9014943ms step_avg:191.40ms
step:47200/75000 train_loss:3.0325 lr_scale:1.000 muon_mom:0.950 train_time:9034194ms step_avg:191.40ms
step:47300/75000 train_loss:3.3864 lr_scale:1.000 muon_mom:0.950 train_time:9053358ms step_avg:191.40ms
step:47400/75000 train_loss:3.4036 lr_scale:1.000 muon_mom:0.950 train_time:9072583ms step_avg:191.40ms
step:47500/75000 train_loss:3.1574 lr_scale:1.000 muon_mom:0.950 train_time:9091676ms step_avg:191.40ms
step:47600/75000 train_loss:3.3632 lr_scale:1.000 muon_mom:0.950 train_time:9110762ms step_avg:191.40ms
step:47700/75000 train_loss:3.2179 lr_scale:1.000 muon_mom:0.950 train_time:9130023ms step_avg:191.41ms
step:47800/75000 train_loss:3.2917 lr_scale:1.000 muon_mom:0.950 train_time:9149112ms step_avg:191.40ms
step:47900/75000 train_loss:3.3674 lr_scale:1.000 muon_mom:0.950 train_time:9168266ms step_avg:191.40ms
step:48000/75000 train_loss:3.0017 lr_scale:1.000 muon_mom:0.950 train_time:9187357ms step_avg:191.40ms
step:48100/75000 train_loss:3.3409 lr_scale:1.000 muon_mom:0.950 train_time:9206609ms step_avg:191.41ms
step:48200/75000 train_loss:3.3057 lr_scale:1.000 muon_mom:0.950 train_time:9225697ms step_avg:191.40ms
step:48300/75000 train_loss:3.3176 lr_scale:1.000 muon_mom:0.950 train_time:9244790ms step_avg:191.40ms
step:48400/75000 train_loss:3.1550 lr_scale:1.000 muon_mom:0.950 train_time:9263882ms step_avg:191.40ms
step:48500/75000 train_loss:3.2516 lr_scale:1.000 muon_mom:0.950 train_time:9283175ms step_avg:191.41ms
step:48600/75000 train_loss:3.0596 lr_scale:1.000 muon_mom:0.950 train_time:9302262ms step_avg:191.40ms
step:48700/75000 train_loss:3.1534 lr_scale:1.000 muon_mom:0.950 train_time:9321424ms step_avg:191.41ms
step:48800/75000 train_loss:3.1087 lr_scale:1.000 muon_mom:0.950 train_time:9340579ms step_avg:191.41ms
step:48900/75000 train_loss:3.3889 lr_scale:1.000 muon_mom:0.950 train_time:9359765ms step_avg:191.41ms
step:49000/75000 train_loss:3.2164 lr_scale:1.000 muon_mom:0.950 train_time:9378854ms step_avg:191.41ms
step:49100/75000 train_loss:3.2028 lr_scale:1.000 muon_mom:0.950 train_time:9397943ms step_avg:191.40ms
step:49200/75000 train_loss:3.0121 lr_scale:1.000 muon_mom:0.950 train_time:9417097ms step_avg:191.40ms
step:49300/75000 train_loss:3.2251 lr_scale:1.000 muon_mom:0.950 train_time:9436277ms step_avg:191.41ms
step:49400/75000 train_loss:3.3197 lr_scale:1.000 muon_mom:0.950 train_time:9455453ms step_avg:191.41ms
step:49500/75000 train_loss:3.2353 lr_scale:1.000 muon_mom:0.950 train_time:9474545ms step_avg:191.40ms
step:49600/75000 train_loss:3.2544 lr_scale:1.000 muon_mom:0.950 train_time:9493810ms step_avg:191.41ms
step:49700/75000 train_loss:2.6923 lr_scale:1.000 muon_mom:0.950 train_time:9512900ms step_avg:191.41ms
step:49800/75000 train_loss:3.4518 lr_scale:1.000 muon_mom:0.950 train_time:9531991ms step_avg:191.41ms
step:49900/75000 train_loss:3.3966 lr_scale:1.000 muon_mom:0.950 train_time:9551143ms step_avg:191.41ms
step:50000/75000 train_loss:3.1800 lr_scale:1.000 muon_mom:0.950 train_time:9570323ms step_avg:191.41ms
step:50100/75000 train_loss:3.5072 lr_scale:1.000 muon_mom:0.950 train_time:9589464ms step_avg:191.41ms
step:50200/75000 train_loss:3.1260 lr_scale:1.000 muon_mom:0.950 train_time:9608575ms step_avg:191.41ms
step:50300/75000 train_loss:3.2540 lr_scale:1.000 muon_mom:0.950 train_time:9627733ms step_avg:191.41ms
step:50400/75000 train_loss:3.2348 lr_scale:1.000 muon_mom:0.950 train_time:9646909ms step_avg:191.41ms
step:50500/75000 train_loss:3.2615 lr_scale:1.000 muon_mom:0.950 train_time:9666000ms step_avg:191.41ms
step:50600/75000 train_loss:3.2745 lr_scale:1.000 muon_mom:0.950 train_time:9685091ms step_avg:191.40ms
step:50700/75000 train_loss:3.1116 lr_scale:1.000 muon_mom:0.950 train_time:9704257ms step_avg:191.41ms
step:50800/75000 train_loss:3.2595 lr_scale:1.000 muon_mom:0.950 train_time:9723446ms step_avg:191.41ms
step:50900/75000 train_loss:3.2119 lr_scale:1.000 muon_mom:0.950 train_time:9742623ms step_avg:191.41ms
step:51000/75000 train_loss:3.2719 lr_scale:1.000 muon_mom:0.950 train_time:9761785ms step_avg:191.41ms
step:51100/75000 train_loss:3.0836 lr_scale:1.000 muon_mom:0.950 train_time:9780879ms step_avg:191.41ms
step:51200/75000 train_loss:3.4119 lr_scale:1.000 muon_mom:0.950 train_time:9800060ms step_avg:191.41ms
step:51300/75000 train_loss:3.2620 lr_scale:1.000 muon_mom:0.950 train_time:9819150ms step_avg:191.41ms
step:51400/75000 train_loss:3.3195 lr_scale:1.000 muon_mom:0.950 train_time:9838308ms step_avg:191.41ms
step:51500/75000 train_loss:3.2178 lr_scale:1.000 muon_mom:0.950 train_time:9857485ms step_avg:191.41ms
step:51600/75000 train_loss:3.2502 lr_scale:1.000 muon_mom:0.950 train_time:9876642ms step_avg:191.41ms
step:51700/75000 train_loss:3.3465 lr_scale:1.000 muon_mom:0.950 train_time:9895733ms step_avg:191.41ms
step:51800/75000 train_loss:3.1705 lr_scale:1.000 muon_mom:0.950 train_time:9914889ms step_avg:191.41ms
step:51900/75000 train_loss:3.1786 lr_scale:1.000 muon_mom:0.950 train_time:9934154ms step_avg:191.41ms
step:52000/75000 train_loss:3.2439 lr_scale:1.000 muon_mom:0.950 train_time:9953236ms step_avg:191.41ms
step:52100/75000 train_loss:3.3427 lr_scale:1.000 muon_mom:0.950 train_time:9972324ms step_avg:191.41ms
step:52200/75000 train_loss:3.3091 lr_scale:1.000 muon_mom:0.950 train_time:9991494ms step_avg:191.41ms
step:52300/75000 train_loss:4.7181 lr_scale:1.000 muon_mom:0.950 train_time:10010668ms step_avg:191.41ms
step:52400/75000 train_loss:3.2139 lr_scale:1.000 muon_mom:0.950 train_time:10029828ms step_avg:191.41ms
step:52500/75000 train_loss:2.9552 lr_scale:1.000 muon_mom:0.950 train_time:10049004ms step_avg:191.41ms
step:52600/75000 train_loss:3.2091 lr_scale:1.000 muon_mom:0.950 train_time:10068093ms step_avg:191.41ms
step:52700/75000 train_loss:3.2062 lr_scale:1.000 muon_mom:0.950 train_time:10087254ms step_avg:191.41ms
step:52800/75000 train_loss:3.3375 lr_scale:1.000 muon_mom:0.950 train_time:10106336ms step_avg:191.41ms
step:52900/75000 train_loss:3.6200 lr_scale:1.000 muon_mom:0.950 train_time:10125508ms step_avg:191.41ms
step:53000/75000 train_loss:3.2435 lr_scale:1.000 muon_mom:0.950 train_time:10144595ms step_avg:191.41ms
step:53100/75000 train_loss:3.2732 lr_scale:1.000 muon_mom:0.950 train_time:10163848ms step_avg:191.41ms
step:53200/75000 train_loss:3.2031 lr_scale:1.000 muon_mom:0.950 train_time:10183017ms step_avg:191.41ms
step:53300/75000 train_loss:3.2696 lr_scale:1.000 muon_mom:0.950 train_time:10202097ms step_avg:191.41ms
step:53400/75000 train_loss:3.5096 lr_scale:1.000 muon_mom:0.950 train_time:10221181ms step_avg:191.41ms
step:53500/75000 train_loss:3.3819 lr_scale:1.000 muon_mom:0.950 train_time:10240324ms step_avg:191.41ms
step:53600/75000 train_loss:3.2401 lr_scale:1.000 muon_mom:0.950 train_time:10259486ms step_avg:191.41ms
step:53700/75000 train_loss:3.4658 lr_scale:1.000 muon_mom:0.950 train_time:10278570ms step_avg:191.41ms
step:53800/75000 train_loss:3.2780 lr_scale:1.000 muon_mom:0.950 train_time:10297800ms step_avg:191.41ms
step:53900/75000 train_loss:3.3074 lr_scale:1.000 muon_mom:0.950 train_time:10316882ms step_avg:191.41ms
step:54000/75000 train_loss:3.2778 lr_scale:1.000 muon_mom:0.950 train_time:10336041ms step_avg:191.41ms
step:54100/75000 train_loss:3.0735 lr_scale:1.000 muon_mom:0.950 train_time:10355127ms step_avg:191.41ms
step:54200/75000 train_loss:3.3458 lr_scale:1.000 muon_mom:0.950 train_time:10374272ms step_avg:191.41ms
step:54300/75000 train_loss:3.2892 lr_scale:1.000 muon_mom:0.950 train_time:10393357ms step_avg:191.41ms
step:54400/75000 train_loss:3.4610 lr_scale:1.000 muon_mom:0.950 train_time:10412519ms step_avg:191.41ms
step:54500/75000 train_loss:3.2879 lr_scale:1.000 muon_mom:0.950 train_time:10431601ms step_avg:191.41ms
step:54600/75000 train_loss:3.7454 lr_scale:1.000 muon_mom:0.950 train_time:10450846ms step_avg:191.41ms
step:54700/75000 train_loss:3.3154 lr_scale:1.000 muon_mom:0.950 train_time:10469995ms step_avg:191.41ms
step:54800/75000 train_loss:3.3633 lr_scale:1.000 muon_mom:0.950 train_time:10489084ms step_avg:191.41ms
step:54900/75000 train_loss:3.2258 lr_scale:1.000 muon_mom:0.950 train_time:10508172ms step_avg:191.41ms
step:55000/75000 train_loss:3.2884 lr_scale:1.000 muon_mom:0.950 train_time:10527332ms step_avg:191.41ms
step:55100/75000 train_loss:3.3176 lr_scale:1.000 muon_mom:0.950 train_time:10546497ms step_avg:191.41ms
step:55200/75000 train_loss:3.9102 lr_scale:1.000 muon_mom:0.950 train_time:10565585ms step_avg:191.41ms
step:55300/75000 train_loss:2.9559 lr_scale:1.000 muon_mom:0.950 train_time:10584737ms step_avg:191.41ms
step:55400/75000 train_loss:3.2343 lr_scale:1.000 muon_mom:0.950 train_time:10603897ms step_avg:191.41ms
step:55500/75000 train_loss:2.9990 lr_scale:1.000 muon_mom:0.950 train_time:10623054ms step_avg:191.41ms
step:55600/75000 train_loss:3.2872 lr_scale:1.000 muon_mom:0.950 train_time:10642138ms step_avg:191.41ms
step:55700/75000 train_loss:3.4217 lr_scale:1.000 muon_mom:0.950 train_time:10661313ms step_avg:191.41ms
step:55800/75000 train_loss:3.3270 lr_scale:1.000 muon_mom:0.950 train_time:10680479ms step_avg:191.41ms
step:55900/75000 train_loss:3.1751 lr_scale:1.000 muon_mom:0.950 train_time:10699569ms step_avg:191.41ms
step:56000/75000 train_loss:3.4227 lr_scale:1.000 muon_mom:0.950 train_time:10718738ms step_avg:191.41ms
step:56100/75000 train_loss:3.2510 lr_scale:1.000 muon_mom:0.950 train_time:10737915ms step_avg:191.41ms
step:56200/75000 train_loss:3.3902 lr_scale:1.000 muon_mom:0.950 train_time:10757060ms step_avg:191.41ms
step:56300/75000 train_loss:3.3164 lr_scale:1.000 muon_mom:0.950 train_time:10776141ms step_avg:191.41ms
step:56400/75000 train_loss:3.2523 lr_scale:1.000 muon_mom:0.950 train_time:10795221ms step_avg:191.40ms
step:56500/75000 train_loss:3.2667 lr_scale:1.000 muon_mom:0.950 train_time:10814365ms step_avg:191.40ms
step:56600/75000 train_loss:3.1962 lr_scale:1.000 muon_mom:0.950 train_time:10833645ms step_avg:191.41ms
step:56700/75000 train_loss:3.5743 lr_scale:1.000 muon_mom:0.950 train_time:10852733ms step_avg:191.41ms
step:56800/75000 train_loss:3.3471 lr_scale:1.000 muon_mom:0.950 train_time:10871888ms step_avg:191.41ms
step:56900/75000 train_loss:3.3019 lr_scale:1.000 muon_mom:0.950 train_time:10891122ms step_avg:191.41ms
step:57000/75000 train_loss:3.2816 lr_scale:1.000 muon_mom:0.950 train_time:10910205ms step_avg:191.41ms
step:57100/75000 train_loss:3.3466 lr_scale:1.000 muon_mom:0.950 train_time:10929289ms step_avg:191.41ms
step:57200/75000 train_loss:3.2780 lr_scale:1.000 muon_mom:0.950 train_time:10948376ms step_avg:191.41ms
step:57300/75000 train_loss:2.7720 lr_scale:1.000 muon_mom:0.950 train_time:10967609ms step_avg:191.41ms
step:57400/75000 train_loss:3.5079 lr_scale:1.000 muon_mom:0.950 train_time:10986699ms step_avg:191.41ms
step:57500/75000 train_loss:3.2784 lr_scale:1.000 muon_mom:0.950 train_time:11005852ms step_avg:191.41ms
step:57600/75000 train_loss:3.1470 lr_scale:1.000 muon_mom:0.950 train_time:11024943ms step_avg:191.41ms
step:57700/75000 train_loss:3.3408 lr_scale:1.000 muon_mom:0.950 train_time:11044199ms step_avg:191.41ms
step:57800/75000 train_loss:3.2350 lr_scale:1.000 muon_mom:0.950 train_time:11063281ms step_avg:191.41ms
step:57900/75000 train_loss:3.3024 lr_scale:1.000 muon_mom:0.950 train_time:11082364ms step_avg:191.41ms
step:58000/75000 train_loss:3.2508 lr_scale:1.000 muon_mom:0.950 train_time:11101580ms step_avg:191.41ms
step:58100/75000 train_loss:3.4808 lr_scale:1.000 muon_mom:0.950 train_time:11120662ms step_avg:191.41ms
step:58200/75000 train_loss:3.2656 lr_scale:1.000 muon_mom:0.950 train_time:11139743ms step_avg:191.40ms
step:58300/75000 train_loss:3.2661 lr_scale:1.000 muon_mom:0.950 train_time:11158904ms step_avg:191.40ms
step:58400/75000 train_loss:3.2721 lr_scale:1.000 muon_mom:0.950 train_time:11178112ms step_avg:191.41ms
step:58500/75000 train_loss:3.3431 lr_scale:1.000 muon_mom:0.950 train_time:11197194ms step_avg:191.41ms
step:58600/75000 train_loss:3.2606 lr_scale:1.000 muon_mom:0.950 train_time:11216288ms step_avg:191.40ms
step:58700/75000 train_loss:3.3133 lr_scale:1.000 muon_mom:0.950 train_time:11235378ms step_avg:191.40ms
step:58800/75000 train_loss:3.2405 lr_scale:1.000 muon_mom:0.950 train_time:11254597ms step_avg:191.40ms
step:58900/75000 train_loss:3.2671 lr_scale:1.000 muon_mom:0.950 train_time:11273688ms step_avg:191.40ms
step:59000/75000 train_loss:3.3597 lr_scale:1.000 muon_mom:0.950 train_time:11292839ms step_avg:191.40ms
step:59100/75000 train_loss:2.9561 lr_scale:1.000 muon_mom:0.950 train_time:11311991ms step_avg:191.40ms
step:59200/75000 train_loss:3.2584 lr_scale:1.000 muon_mom:0.950 train_time:11331169ms step_avg:191.40ms
step:59300/75000 train_loss:3.2884 lr_scale:1.000 muon_mom:0.950 train_time:11350263ms step_avg:191.40ms
step:59400/75000 train_loss:3.4984 lr_scale:1.000 muon_mom:0.950 train_time:11369353ms step_avg:191.40ms
step:59500/75000 train_loss:3.2413 lr_scale:1.000 muon_mom:0.950 train_time:11388507ms step_avg:191.40ms
step:59600/75000 train_loss:3.2351 lr_scale:1.000 muon_mom:0.950 train_time:11407679ms step_avg:191.40ms
step:59700/75000 train_loss:3.2940 lr_scale:1.000 muon_mom:0.950 train_time:11426829ms step_avg:191.40ms
step:59800/75000 train_loss:3.2416 lr_scale:1.000 muon_mom:0.950 train_time:11445919ms step_avg:191.40ms
step:59900/75000 train_loss:3.2827 lr_scale:1.000 muon_mom:0.950 train_time:11465163ms step_avg:191.41ms
step:60000/75000 train_loss:3.1993 lr_scale:1.000 muon_mom:0.950 train_time:11484250ms step_avg:191.40ms
step:60100/75000 train_loss:3.3711 lr_scale:0.993 muon_mom:0.950 train_time:11503342ms step_avg:191.40ms
step:60200/75000 train_loss:3.1143 lr_scale:0.987 muon_mom:0.950 train_time:11522433ms step_avg:191.40ms
step:60300/75000 train_loss:2.8787 lr_scale:0.980 muon_mom:0.950 train_time:11541659ms step_avg:191.40ms
step:60400/75000 train_loss:3.1495 lr_scale:0.973 muon_mom:0.950 train_time:11560749ms step_avg:191.40ms
step:60500/75000 train_loss:3.2092 lr_scale:0.967 muon_mom:0.950 train_time:11579901ms step_avg:191.40ms
step:60600/75000 train_loss:3.3267 lr_scale:0.960 muon_mom:0.950 train_time:11599058ms step_avg:191.40ms
step:60700/75000 train_loss:3.4343 lr_scale:0.953 muon_mom:0.950 train_time:11618230ms step_avg:191.40ms
step:60800/75000 train_loss:3.3211 lr_scale:0.947 muon_mom:0.950 train_time:11637322ms step_avg:191.40ms
step:60900/75000 train_loss:3.3339 lr_scale:0.940 muon_mom:0.950 train_time:11656416ms step_avg:191.40ms
step:61000/75000 train_loss:3.3857 lr_scale:0.933 muon_mom:0.950 train_time:11675571ms step_avg:191.40ms
step:61100/75000 train_loss:3.3697 lr_scale:0.927 muon_mom:0.950 train_time:11694763ms step_avg:191.40ms
step:61200/75000 train_loss:3.1405 lr_scale:0.920 muon_mom:0.950 train_time:11713929ms step_avg:191.40ms
step:61300/75000 train_loss:3.1842 lr_scale:0.913 muon_mom:0.950 train_time:11733197ms step_avg:191.41ms
step:61400/75000 train_loss:3.1332 lr_scale:0.907 muon_mom:0.950 train_time:11752286ms step_avg:191.41ms
step:61500/75000 train_loss:3.5583 lr_scale:0.900 muon_mom:0.950 train_time:11771457ms step_avg:191.41ms
step:61600/75000 train_loss:3.2310 lr_scale:0.893 muon_mom:0.950 train_time:11790549ms step_avg:191.41ms
step:61700/75000 train_loss:3.1719 lr_scale:0.887 muon_mom:0.950 train_time:11809708ms step_avg:191.41ms
step:61800/75000 train_loss:3.3254 lr_scale:0.880 muon_mom:0.950 train_time:11828883ms step_avg:191.41ms
step:61900/75000 train_loss:3.3640 lr_scale:0.873 muon_mom:0.950 train_time:11848029ms step_avg:191.41ms
step:62000/75000 train_loss:3.3202 lr_scale:0.867 muon_mom:0.950 train_time:11867121ms step_avg:191.41ms
step:62100/75000 train_loss:3.0874 lr_scale:0.860 muon_mom:0.950 train_time:11886279ms step_avg:191.41ms
step:62200/75000 train_loss:3.2245 lr_scale:0.853 muon_mom:0.950 train_time:11905459ms step_avg:191.41ms
step:62300/75000 train_loss:3.3950 lr_scale:0.847 muon_mom:0.950 train_time:11924548ms step_avg:191.41ms
step:62400/75000 train_loss:3.3545 lr_scale:0.840 muon_mom:0.950 train_time:11943638ms step_avg:191.40ms
step:62500/75000 train_loss:3.1364 lr_scale:0.833 muon_mom:0.950 train_time:11962792ms step_avg:191.40ms
step:62600/75000 train_loss:3.2440 lr_scale:0.827 muon_mom:0.950 train_time:11981960ms step_avg:191.41ms
step:62700/75000 train_loss:3.1742 lr_scale:0.820 muon_mom:0.950 train_time:12001102ms step_avg:191.41ms
step:62800/75000 train_loss:3.2895 lr_scale:0.813 muon_mom:0.950 train_time:12020261ms step_avg:191.41ms
step:62900/75000 train_loss:3.2214 lr_scale:0.807 muon_mom:0.950 train_time:12039348ms step_avg:191.40ms
step:63000/75000 train_loss:3.3628 lr_scale:0.800 muon_mom:0.950 train_time:12058517ms step_avg:191.41ms
step:63100/75000 train_loss:3.2330 lr_scale:0.793 muon_mom:0.950 train_time:12077608ms step_avg:191.40ms
step:63200/75000 train_loss:3.1527 lr_scale:0.787 muon_mom:0.950 train_time:12096785ms step_avg:191.40ms
step:63300/75000 train_loss:3.2789 lr_scale:0.780 muon_mom:0.950 train_time:12115873ms step_avg:191.40ms
step:63400/75000 train_loss:3.1520 lr_scale:0.773 muon_mom:0.950 train_time:12135126ms step_avg:191.41ms
step:63500/75000 train_loss:3.3684 lr_scale:0.767 muon_mom:0.950 train_time:12154219ms step_avg:191.41ms
step:63600/75000 train_loss:3.1724 lr_scale:0.760 muon_mom:0.950 train_time:12173371ms step_avg:191.41ms
step:63700/75000 train_loss:3.1338 lr_scale:0.753 muon_mom:0.950 train_time:12192459ms step_avg:191.40ms
step:63800/75000 train_loss:3.0028 lr_scale:0.747 muon_mom:0.950 train_time:12211630ms step_avg:191.40ms
step:63900/75000 train_loss:3.2599 lr_scale:0.740 muon_mom:0.950 train_time:12230798ms step_avg:191.41ms
step:64000/75000 train_loss:3.3910 lr_scale:0.733 muon_mom:0.950 train_time:12249891ms step_avg:191.40ms
step:64100/75000 train_loss:3.0243 lr_scale:0.727 muon_mom:0.950 train_time:12269053ms step_avg:191.40ms
step:64200/75000 train_loss:3.1719 lr_scale:0.720 muon_mom:0.950 train_time:12288202ms step_avg:191.41ms
step:64300/75000 train_loss:2.9391 lr_scale:0.713 muon_mom:0.950 train_time:12307358ms step_avg:191.41ms
step:64400/75000 train_loss:3.2521 lr_scale:0.707 muon_mom:0.950 train_time:12326448ms step_avg:191.40ms
step:64500/75000 train_loss:3.0450 lr_scale:0.700 muon_mom:0.950 train_time:12345629ms step_avg:191.41ms
step:64600/75000 train_loss:3.0557 lr_scale:0.693 muon_mom:0.950 train_time:12364719ms step_avg:191.40ms
step:64700/75000 train_loss:3.3544 lr_scale:0.687 muon_mom:0.950 train_time:12383901ms step_avg:191.40ms
step:64800/75000 train_loss:3.2441 lr_scale:0.680 muon_mom:0.950 train_time:12402998ms step_avg:191.40ms
step:64900/75000 train_loss:3.1896 lr_scale:0.673 muon_mom:0.950 train_time:12422271ms step_avg:191.41ms
step:65000/75000 train_loss:2.8143 lr_scale:0.667 muon_mom:0.950 train_time:12441440ms step_avg:191.41ms
step:65100/75000 train_loss:3.3201 lr_scale:0.660 muon_mom:0.950 train_time:12460536ms step_avg:191.41ms
step:65200/75000 train_loss:3.0524 lr_scale:0.653 muon_mom:0.950 train_time:12479628ms step_avg:191.41ms
step:65300/75000 train_loss:3.3128 lr_scale:0.647 muon_mom:0.950 train_time:12498811ms step_avg:191.41ms
step:65400/75000 train_loss:3.3928 lr_scale:0.640 muon_mom:0.950 train_time:12517969ms step_avg:191.41ms
step:65500/75000 train_loss:3.2264 lr_scale:0.633 muon_mom:0.950 train_time:12537062ms step_avg:191.41ms
step:65600/75000 train_loss:3.3563 lr_scale:0.627 muon_mom:0.950 train_time:12556217ms step_avg:191.41ms
step:65700/75000 train_loss:3.4230 lr_scale:0.620 muon_mom:0.950 train_time:12575395ms step_avg:191.41ms
step:65800/75000 train_loss:3.2856 lr_scale:0.613 muon_mom:0.950 train_time:12594549ms step_avg:191.41ms
step:65900/75000 train_loss:3.0547 lr_scale:0.607 muon_mom:0.950 train_time:12613641ms step_avg:191.41ms
step:66000/75000 train_loss:3.0289 lr_scale:0.600 muon_mom:0.950 train_time:12632930ms step_avg:191.41ms
step:66100/75000 train_loss:3.2647 lr_scale:0.593 muon_mom:0.950 train_time:12652025ms step_avg:191.41ms
step:66200/75000 train_loss:3.2928 lr_scale:0.587 muon_mom:0.950 train_time:12671183ms step_avg:191.41ms
step:66300/75000 train_loss:3.2684 lr_scale:0.580 muon_mom:0.950 train_time:12690271ms step_avg:191.41ms
step:66400/75000 train_loss:3.3324 lr_scale:0.573 muon_mom:0.950 train_time:12709515ms step_avg:191.41ms
step:66500/75000 train_loss:3.0576 lr_scale:0.567 muon_mom:0.950 train_time:12728685ms step_avg:191.41ms
step:66600/75000 train_loss:3.2678 lr_scale:0.560 muon_mom:0.950 train_time:12747769ms step_avg:191.41ms
step:66700/75000 train_loss:3.2738 lr_scale:0.553 muon_mom:0.950 train_time:12766859ms step_avg:191.41ms
step:66800/75000 train_loss:3.2388 lr_scale:0.547 muon_mom:0.950 train_time:12786033ms step_avg:191.41ms
step:66900/75000 train_loss:3.0280 lr_scale:0.540 muon_mom:0.950 train_time:12805214ms step_avg:191.41ms
step:67000/75000 train_loss:3.2239 lr_scale:0.533 muon_mom:0.950 train_time:12824302ms step_avg:191.41ms
step:67100/75000 train_loss:3.1627 lr_scale:0.527 muon_mom:0.950 train_time:12843472ms step_avg:191.41ms
step:67200/75000 train_loss:3.2914 lr_scale:0.520 muon_mom:0.950 train_time:12862706ms step_avg:191.41ms
step:67300/75000 train_loss:3.3127 lr_scale:0.513 muon_mom:0.950 train_time:12881801ms step_avg:191.41ms
step:67400/75000 train_loss:3.3482 lr_scale:0.507 muon_mom:0.950 train_time:12900893ms step_avg:191.41ms
step:67500/75000 train_loss:3.2385 lr_scale:0.500 muon_mom:0.950 train_time:12919981ms step_avg:191.41ms
step:67600/75000 train_loss:3.3805 lr_scale:0.493 muon_mom:0.950 train_time:12939219ms step_avg:191.41ms
step:67700/75000 train_loss:3.3378 lr_scale:0.487 muon_mom:0.950 train_time:12958315ms step_avg:191.41ms
step:67800/75000 train_loss:3.1424 lr_scale:0.480 muon_mom:0.950 train_time:12977460ms step_avg:191.41ms
step:67900/75000 train_loss:3.1284 lr_scale:0.473 muon_mom:0.950 train_time:12996631ms step_avg:191.41ms
step:68000/75000 train_loss:3.3611 lr_scale:0.467 muon_mom:0.950 train_time:13015780ms step_avg:191.41ms
step:68100/75000 train_loss:3.1168 lr_scale:0.460 muon_mom:0.950 train_time:13034871ms step_avg:191.41ms
step:68200/75000 train_loss:3.2737 lr_scale:0.453 muon_mom:0.950 train_time:13053962ms step_avg:191.41ms
step:68300/75000 train_loss:3.0203 lr_scale:0.447 muon_mom:0.950 train_time:13073140ms step_avg:191.41ms
step:68400/75000 train_loss:3.1667 lr_scale:0.440 muon_mom:0.950 train_time:13092294ms step_avg:191.41ms
step:68500/75000 train_loss:3.1426 lr_scale:0.433 muon_mom:0.950 train_time:13111385ms step_avg:191.41ms
step:68600/75000 train_loss:3.2682 lr_scale:0.427 muon_mom:0.950 train_time:13130532ms step_avg:191.41ms
step:68700/75000 train_loss:2.9847 lr_scale:0.420 muon_mom:0.950 train_time:13149748ms step_avg:191.41ms
step:68800/75000 train_loss:3.1722 lr_scale:0.413 muon_mom:0.950 train_time:13168845ms step_avg:191.41ms
step:68900/75000 train_loss:3.2983 lr_scale:0.407 muon_mom:0.950 train_time:13187934ms step_avg:191.41ms
step:69000/75000 train_loss:3.0128 lr_scale:0.400 muon_mom:0.950 train_time:13207020ms step_avg:191.41ms
step:69100/75000 train_loss:3.1509 lr_scale:0.393 muon_mom:0.950 train_time:13226248ms step_avg:191.41ms
step:69200/75000 train_loss:3.3110 lr_scale:0.387 muon_mom:0.950 train_time:13245332ms step_avg:191.41ms
step:69300/75000 train_loss:3.1513 lr_scale:0.380 muon_mom:0.950 train_time:13264495ms step_avg:191.41ms
step:69400/75000 train_loss:2.9998 lr_scale:0.373 muon_mom:0.950 train_time:13283589ms step_avg:191.41ms
step:69500/75000 train_loss:2.9814 lr_scale:0.367 muon_mom:0.950 train_time:13302813ms step_avg:191.41ms
step:69600/75000 train_loss:3.2659 lr_scale:0.360 muon_mom:0.950 train_time:13321895ms step_avg:191.41ms
step:69700/75000 train_loss:3.3200 lr_scale:0.353 muon_mom:0.950 train_time:13340983ms step_avg:191.41ms
step:69800/75000 train_loss:3.3295 lr_scale:0.347 muon_mom:0.950 train_time:13360136ms step_avg:191.41ms
step:69900/75000 train_loss:3.1816 lr_scale:0.340 muon_mom:0.950 train_time:13379289ms step_avg:191.41ms
step:70000/75000 train_loss:3.1751 lr_scale:0.333 muon_mom:0.950 train_time:13398443ms step_avg:191.41ms
step:70100/75000 train_loss:3.1722 lr_scale:0.327 muon_mom:0.950 train_time:13417528ms step_avg:191.41ms
step:70200/75000 train_loss:3.0344 lr_scale:0.320 muon_mom:0.950 train_time:13436749ms step_avg:191.41ms
step:70300/75000 train_loss:2.9633 lr_scale:0.313 muon_mom:0.950 train_time:13455836ms step_avg:191.41ms
step:70400/75000 train_loss:2.9219 lr_scale:0.307 muon_mom:0.950 train_time:13474922ms step_avg:191.41ms
step:70500/75000 train_loss:3.2900 lr_scale:0.300 muon_mom:0.950 train_time:13494012ms step_avg:191.40ms
step:70600/75000 train_loss:3.0859 lr_scale:0.293 muon_mom:0.950 train_time:13513222ms step_avg:191.41ms
step:70700/75000 train_loss:3.0685 lr_scale:0.287 muon_mom:0.950 train_time:13532416ms step_avg:191.41ms
step:70800/75000 train_loss:3.0700 lr_scale:0.280 muon_mom:0.950 train_time:13551570ms step_avg:191.41ms
step:70900/75000 train_loss:3.0121 lr_scale:0.273 muon_mom:0.950 train_time:13570731ms step_avg:191.41ms
step:71000/75000 train_loss:3.3127 lr_scale:0.267 muon_mom:0.950 train_time:13589887ms step_avg:191.41ms
step:71100/75000 train_loss:3.1945 lr_scale:0.260 muon_mom:0.950 train_time:13608974ms step_avg:191.41ms
step:71200/75000 train_loss:3.2006 lr_scale:0.253 muon_mom:0.950 train_time:13628060ms step_avg:191.41ms
step:71300/75000 train_loss:3.1391 lr_scale:0.247 muon_mom:0.950 train_time:13647217ms step_avg:191.41ms
step:71400/75000 train_loss:3.0348 lr_scale:0.240 muon_mom:0.950 train_time:13666372ms step_avg:191.41ms
step:71500/75000 train_loss:3.2250 lr_scale:0.233 muon_mom:0.950 train_time:13685517ms step_avg:191.41ms
step:71600/75000 train_loss:3.1161 lr_scale:0.227 muon_mom:0.950 train_time:13704602ms step_avg:191.41ms
step:71700/75000 train_loss:3.2558 lr_scale:0.220 muon_mom:0.950 train_time:13723760ms step_avg:191.41ms
step:71800/75000 train_loss:3.1043 lr_scale:0.213 muon_mom:0.950 train_time:13742915ms step_avg:191.41ms
step:71900/75000 train_loss:2.8447 lr_scale:0.207 muon_mom:0.950 train_time:13762001ms step_avg:191.40ms
step:72000/75000 train_loss:3.1218 lr_scale:0.200 muon_mom:0.950 train_time:13781096ms step_avg:191.40ms
step:72100/75000 train_loss:2.9955 lr_scale:0.193 muon_mom:0.950 train_time:13800353ms step_avg:191.41ms
step:72200/75000 train_loss:3.0882 lr_scale:0.187 muon_mom:0.950 train_time:13819448ms step_avg:191.41ms
step:72300/75000 train_loss:3.1428 lr_scale:0.180 muon_mom:0.950 train_time:13838640ms step_avg:191.41ms
step:72400/75000 train_loss:3.5877 lr_scale:0.173 muon_mom:0.950 train_time:13857813ms step_avg:191.41ms
step:72500/75000 train_loss:3.0868 lr_scale:0.167 muon_mom:0.950 train_time:13877007ms step_avg:191.41ms
step:72600/75000 train_loss:3.4248 lr_scale:0.160 muon_mom:0.950 train_time:13896097ms step_avg:191.41ms
step:72700/75000 train_loss:3.1257 lr_scale:0.153 muon_mom:0.950 train_time:13915186ms step_avg:191.41ms
step:72800/75000 train_loss:3.1865 lr_scale:0.147 muon_mom:0.950 train_time:13934346ms step_avg:191.41ms
step:72900/75000 train_loss:3.0531 lr_scale:0.140 muon_mom:0.950 train_time:13953546ms step_avg:191.41ms
step:73000/75000 train_loss:3.2220 lr_scale:0.133 muon_mom:0.950 train_time:13972697ms step_avg:191.41ms
step:73100/75000 train_loss:3.0593 lr_scale:0.127 muon_mom:0.950 train_time:13991846ms step_avg:191.41ms
step:73200/75000 train_loss:3.1588 lr_scale:0.120 muon_mom:0.950 train_time:14010934ms step_avg:191.41ms
step:73300/75000 train_loss:3.1981 lr_scale:0.113 muon_mom:0.950 train_time:14030094ms step_avg:191.41ms
step:73400/75000 train_loss:3.0676 lr_scale:0.107 muon_mom:0.950 train_time:14049183ms step_avg:191.41ms
step:73500/75000 train_loss:3.2442 lr_scale:0.100 muon_mom:0.950 train_time:14068341ms step_avg:191.41ms
step:73600/75000 train_loss:2.8195 lr_scale:0.100 muon_mom:0.950 train_time:14087440ms step_avg:191.41ms
step:73700/75000 train_loss:2.9732 lr_scale:0.100 muon_mom:0.950 train_time:14106677ms step_avg:191.41ms
step:73800/75000 train_loss:3.0402 lr_scale:0.100 muon_mom:0.950 train_time:14125772ms step_avg:191.41ms
step:73900/75000 train_loss:3.0761 lr_scale:0.100 muon_mom:0.950 train_time:14144930ms step_avg:191.41ms
step:74000/75000 train_loss:2.9775 lr_scale:0.100 muon_mom:0.950 train_time:14164025ms step_avg:191.41ms
step:74100/75000 train_loss:3.1074 lr_scale:0.100 muon_mom:0.950 train_time:14183202ms step_avg:191.41ms
step:74200/75000 train_loss:3.0276 lr_scale:0.100 muon_mom:0.950 train_time:14202298ms step_avg:191.41ms
step:74300/75000 train_loss:3.1538 lr_scale:0.100 muon_mom:0.950 train_time:14221463ms step_avg:191.41ms
step:74400/75000 train_loss:2.8282 lr_scale:0.100 muon_mom:0.950 train_time:14240640ms step_avg:191.41ms
step:74500/75000 train_loss:3.2677 lr_scale:0.100 muon_mom:0.950 train_time:14259802ms step_avg:191.41ms
step:74600/75000 train_loss:3.2029 lr_scale:0.100 muon_mom:0.950 train_time:14278960ms step_avg:191.41ms
step:74700/75000 train_loss:2.6050 lr_scale:0.100 muon_mom:0.950 train_time:14298059ms step_avg:191.41ms
step:74800/75000 train_loss:3.3073 lr_scale:0.100 muon_mom:0.950 train_time:14317236ms step_avg:191.41ms
step:74900/75000 train_loss:3.1851 lr_scale:0.100 muon_mom:0.950 train_time:14336332ms step_avg:191.41ms
step:75000/75000 train_loss:3.0356 lr_scale:0.100 muon_mom:0.950 train_time:14355487ms step_avg:191.41ms
peak memory allocated: 8540 MiB reserved: 10100 MiB
fp_final_saved step:75000 path:artifacts_submission_3seed_wd15k_20260524/seed_314/fp_final_seed314_step75000.pt bytes:92607290
val_tokens:40534017 eval_ctx:8192 eval_stride:8192 val_token_limit:0
final_fp val_loss:3.1580 val_bpb:1.2226 eval_time:71659ms
final_fp_exact val_loss:3.15802894 val_bpb:1.22256300
quant_stats:int6=36 int8=1 passthrough=28 param_count=23146538
baseline_bytes:92586152 stored_bytes:23229780
compressed_blob_bytes:15719217 code_bytes:62830 total:15782047
target_artifact_bytes:16000000 headroom:217953
final_quant_roundtrip val_loss:3.1925 val_bpb:1.2359 eval_time:71149ms artifact_bytes:15782047
final_quant_roundtrip_exact val_loss:3.19245903 val_bpb:1.23589187
