====================================================================================================
Running Python 3.12.3 (main, Nov  6 2025, 13:44:16) [GCC 13.3.0]
Running PyTorch 2.9.1+cu128
Mon May 25 05:32:01 2026       
+-----------------------------------------------------------------------------------------+
| NVIDIA-SMI 570.195.03             Driver Version: 570.195.03     CUDA Version: 12.8     |
|-----------------------------------------+------------------------+----------------------+
| GPU  Name                 Persistence-M | Bus-Id          Disp.A | Volatile Uncorr. ECC |
| Fan  Temp   Perf          Pwr:Usage/Cap |           Memory-Usage | GPU-Util  Compute M. |
|                                         |                        |               MIG M. |
|=========================================+========================+======================|
|   0  NVIDIA H100 80GB HBM3          On  |   00000000:05:00.0 Off |                    0 |
| N/A   51C    P0            132W /  700W |    1519MiB /  81559MiB |      0%      Default |
|                                         |                        |             Disabled |
+-----------------------------------------+------------------------+----------------------+
|   1  NVIDIA H100 80GB HBM3          On  |   00000000:06:00.0 Off |                    0 |
| N/A   38C    P0            119W /  700W |    1519MiB /  81559MiB |      0%      Default |
|                                         |                        |             Disabled |
+-----------------------------------------+------------------------+----------------------+
|   2  NVIDIA H100 80GB HBM3          On  |   00000000:07:00.0 Off |                    0 |
| N/A   37C    P0            125W /  700W |    1519MiB /  81559MiB |      0%      Default |
|                                         |                        |             Disabled |
+-----------------------------------------+------------------------+----------------------+
|   3  NVIDIA H100 80GB HBM3          On  |   00000000:08:00.0 Off |                    0 |
| N/A   50C    P0            131W /  700W |    1519MiB /  81559MiB |      0%      Default |
|                                         |                        |             Disabled |
+-----------------------------------------+------------------------+----------------------+
|   4  NVIDIA H100 80GB HBM3          On  |   00000000:09:00.0 Off |                    0 |
| N/A   49C    P0            127W /  700W |    1519MiB /  81559MiB |      0%      Default |
|                                         |                        |             Disabled |
+-----------------------------------------+------------------------+----------------------+
|   5  NVIDIA H100 80GB HBM3          On  |   00000000:0A:00.0 Off |                    0 |
| N/A   38C    P0            122W /  700W |    1519MiB /  81559MiB |      0%      Default |
|                                         |                        |             Disabled |
+-----------------------------------------+------------------------+----------------------+
|   6  NVIDIA H100 80GB HBM3          On  |   00000000:0B:00.0 Off |                    0 |
| N/A   36C    P0            120W /  700W |    1519MiB /  81559MiB |      0%      Default |
|                                         |                        |             Disabled |
+-----------------------------------------+------------------------+----------------------+
|   7  NVIDIA H100 80GB HBM3          On  |   00000000:0C:00.0 Off |                    0 |
| N/A   50C    P0            124W /  700W |    1519MiB /  81559MiB |      0%      Default |
|                                         |                        |             Disabled |
+-----------------------------------------+------------------------+----------------------+
                                                                                         
+-----------------------------------------------------------------------------------------+
| Processes:                                                                              |
|  GPU   GI   CI              PID   Type   Process name                        GPU Memory |
|        ID   ID                                                               Usage      |
|=========================================================================================|
|    0   N/A  N/A            2462      C   /usr/local/bin/python                  1510MiB |
|    1   N/A  N/A            2463      C   /usr/local/bin/python                  1510MiB |
|    2   N/A  N/A            2464      C   /usr/local/bin/python                  1510MiB |
|    3   N/A  N/A            2465      C   /usr/local/bin/python                  1510MiB |
|    4   N/A  N/A            2466      C   /usr/local/bin/python                  1510MiB |
|    5   N/A  N/A            2467      C   /usr/local/bin/python                  1510MiB |
|    6   N/A  N/A            2468      C   /usr/local/bin/python                  1510MiB |
|    7   N/A  N/A            2469      C   /usr/local/bin/python                  1510MiB |
+-----------------------------------------------------------------------------------------+

====================================================================================================
submission:UT-K6 RLMA(rank=320,on=1) TTT(on=0,iters=(3, 4, 5),chunk=32) vocab=8192 d_model=1024 d_ff=3072 heads=8/4/128 seq=8192 batch_tokens=262144 iter=75000
model_params:23146538
world_size:8 grad_accum_steps:1
opt_split:matrix=14745600 scalar=12330 embed=8388608
residual_scale:0.35355
starting training: iterations=75000 warmup=500 warmdown=15000
step:1/75000 train_loss:14.9169 lr_scale:0.000 muon_mom:0.850 train_time:917ms step_avg:917.03ms
step:2/75000 train_loss:14.8767 lr_scale:0.002 muon_mom:0.850 train_time:1084ms step_avg:541.87ms
step:3/75000 train_loss:14.8929 lr_scale:0.004 muon_mom:0.850 train_time:1296ms step_avg:431.90ms
step:4/75000 train_loss:14.9267 lr_scale:0.006 muon_mom:0.851 train_time:1493ms step_avg:373.33ms
step:5/75000 train_loss:14.9125 lr_scale:0.008 muon_mom:0.851 train_time:1692ms step_avg:338.47ms
step:6/75000 train_loss:14.8846 lr_scale:0.010 muon_mom:0.851 train_time:1895ms step_avg:315.87ms
step:7/75000 train_loss:14.8552 lr_scale:0.012 muon_mom:0.851 train_time:2097ms step_avg:299.59ms
step:8/75000 train_loss:14.7907 lr_scale:0.014 muon_mom:0.851 train_time:2300ms step_avg:287.49ms
step:9/75000 train_loss:14.7484 lr_scale:0.016 muon_mom:0.852 train_time:2497ms step_avg:277.39ms
step:10/75000 train_loss:14.6969 lr_scale:0.018 muon_mom:0.852 train_time:2693ms step_avg:269.30ms
step:100/75000 train_loss:5.4880 lr_scale:0.198 muon_mom:0.870 train_time:19916ms step_avg:199.16ms
step:200/75000 train_loss:4.9950 lr_scale:0.398 muon_mom:0.890 train_time:39242ms step_avg:196.21ms
step:300/75000 train_loss:4.5865 lr_scale:0.598 muon_mom:0.910 train_time:58373ms step_avg:194.58ms
step:400/75000 train_loss:4.3262 lr_scale:0.798 muon_mom:0.930 train_time:77562ms step_avg:193.91ms
step:500/75000 train_loss:4.0689 lr_scale:0.998 muon_mom:0.950 train_time:96688ms step_avg:193.38ms
step:600/75000 train_loss:3.5070 lr_scale:1.000 muon_mom:0.950 train_time:115885ms step_avg:193.14ms
step:700/75000 train_loss:3.5174 lr_scale:1.000 muon_mom:0.950 train_time:134975ms step_avg:192.82ms
step:800/75000 train_loss:3.7766 lr_scale:1.000 muon_mom:0.950 train_time:154220ms step_avg:192.78ms
step:900/75000 train_loss:3.7987 lr_scale:1.000 muon_mom:0.950 train_time:173384ms step_avg:192.65ms
step:1000/75000 train_loss:3.4047 lr_scale:1.000 muon_mom:0.950 train_time:192466ms step_avg:192.47ms
step:1100/75000 train_loss:3.4136 lr_scale:1.000 muon_mom:0.950 train_time:211545ms step_avg:192.31ms
step:1200/75000 train_loss:3.6666 lr_scale:1.000 muon_mom:0.950 train_time:230697ms step_avg:192.25ms
step:1300/75000 train_loss:3.5817 lr_scale:1.000 muon_mom:0.950 train_time:249864ms step_avg:192.20ms
step:1400/75000 train_loss:3.5258 lr_scale:1.000 muon_mom:0.950 train_time:268944ms step_avg:192.10ms
step:1500/75000 train_loss:3.5575 lr_scale:1.000 muon_mom:0.950 train_time:288103ms step_avg:192.07ms
step:1600/75000 train_loss:3.3949 lr_scale:1.000 muon_mom:0.950 train_time:307263ms step_avg:192.04ms
step:1700/75000 train_loss:3.4705 lr_scale:1.000 muon_mom:0.950 train_time:326443ms step_avg:192.03ms
step:1800/75000 train_loss:3.4370 lr_scale:1.000 muon_mom:0.950 train_time:345533ms step_avg:191.96ms
step:1900/75000 train_loss:3.6243 lr_scale:1.000 muon_mom:0.950 train_time:364624ms step_avg:191.91ms
step:2000/75000 train_loss:3.4346 lr_scale:1.000 muon_mom:0.950 train_time:383895ms step_avg:191.95ms
step:2100/75000 train_loss:3.5388 lr_scale:1.000 muon_mom:0.950 train_time:402984ms step_avg:191.90ms
step:2200/75000 train_loss:3.2052 lr_scale:1.000 muon_mom:0.950 train_time:422159ms step_avg:191.89ms
step:2300/75000 train_loss:3.4561 lr_scale:1.000 muon_mom:0.950 train_time:441343ms step_avg:191.89ms
step:2400/75000 train_loss:3.5494 lr_scale:1.000 muon_mom:0.950 train_time:460498ms step_avg:191.87ms
step:2500/75000 train_loss:3.4297 lr_scale:1.000 muon_mom:0.950 train_time:479579ms step_avg:191.83ms
step:2600/75000 train_loss:3.4922 lr_scale:1.000 muon_mom:0.950 train_time:498660ms step_avg:191.79ms
step:2700/75000 train_loss:3.3553 lr_scale:1.000 muon_mom:0.950 train_time:517820ms step_avg:191.79ms
step:2800/75000 train_loss:3.5360 lr_scale:1.000 muon_mom:0.950 train_time:536982ms step_avg:191.78ms
step:2900/75000 train_loss:3.5114 lr_scale:1.000 muon_mom:0.950 train_time:556063ms step_avg:191.75ms
step:3000/75000 train_loss:3.4715 lr_scale:1.000 muon_mom:0.950 train_time:575213ms step_avg:191.74ms
step:3100/75000 train_loss:3.4172 lr_scale:1.000 muon_mom:0.950 train_time:594540ms step_avg:191.79ms
step:3200/75000 train_loss:3.6887 lr_scale:1.000 muon_mom:0.950 train_time:613625ms step_avg:191.76ms
step:3300/75000 train_loss:3.4715 lr_scale:1.000 muon_mom:0.950 train_time:632711ms step_avg:191.73ms
step:3400/75000 train_loss:3.4497 lr_scale:1.000 muon_mom:0.950 train_time:651799ms step_avg:191.71ms
step:3500/75000 train_loss:3.3306 lr_scale:1.000 muon_mom:0.950 train_time:671047ms step_avg:191.73ms
step:3600/75000 train_loss:3.2865 lr_scale:1.000 muon_mom:0.950 train_time:690134ms step_avg:191.70ms
step:3700/75000 train_loss:3.5050 lr_scale:1.000 muon_mom:0.950 train_time:709293ms step_avg:191.70ms
step:3800/75000 train_loss:3.4655 lr_scale:1.000 muon_mom:0.950 train_time:728380ms step_avg:191.68ms
step:3900/75000 train_loss:3.5677 lr_scale:1.000 muon_mom:0.950 train_time:747630ms step_avg:191.70ms
step:4000/75000 train_loss:3.7211 lr_scale:1.000 muon_mom:0.950 train_time:766719ms step_avg:191.68ms
step:4100/75000 train_loss:3.3473 lr_scale:1.000 muon_mom:0.950 train_time:785919ms step_avg:191.69ms
step:4200/75000 train_loss:3.4510 lr_scale:1.000 muon_mom:0.950 train_time:805169ms step_avg:191.71ms
step:4300/75000 train_loss:3.2961 lr_scale:1.000 muon_mom:0.950 train_time:824260ms step_avg:191.69ms
step:4400/75000 train_loss:3.5428 lr_scale:1.000 muon_mom:0.950 train_time:843349ms step_avg:191.67ms
step:4500/75000 train_loss:3.3280 lr_scale:1.000 muon_mom:0.950 train_time:862512ms step_avg:191.67ms
step:4600/75000 train_loss:3.4900 lr_scale:1.000 muon_mom:0.950 train_time:881760ms step_avg:191.69ms
step:4700/75000 train_loss:3.4050 lr_scale:1.000 muon_mom:0.950 train_time:900853ms step_avg:191.67ms
step:4800/75000 train_loss:3.4581 lr_scale:1.000 muon_mom:0.950 train_time:919944ms step_avg:191.66ms
step:4900/75000 train_loss:3.2936 lr_scale:1.000 muon_mom:0.950 train_time:939039ms step_avg:191.64ms
step:5000/75000 train_loss:3.5634 lr_scale:1.000 muon_mom:0.950 train_time:958404ms step_avg:191.68ms
step:5100/75000 train_loss:3.4496 lr_scale:1.000 muon_mom:0.950 train_time:977501ms step_avg:191.67ms
step:5200/75000 train_loss:3.5172 lr_scale:1.000 muon_mom:0.950 train_time:996695ms step_avg:191.67ms
step:5300/75000 train_loss:3.1964 lr_scale:1.000 muon_mom:0.950 train_time:1015888ms step_avg:191.68ms
step:5400/75000 train_loss:3.4029 lr_scale:1.000 muon_mom:0.950 train_time:1035059ms step_avg:191.68ms
step:5500/75000 train_loss:3.2504 lr_scale:1.000 muon_mom:0.950 train_time:1054153ms step_avg:191.66ms
step:5600/75000 train_loss:4.5277 lr_scale:1.000 muon_mom:0.950 train_time:1073236ms step_avg:191.65ms
step:5700/75000 train_loss:3.4580 lr_scale:1.000 muon_mom:0.950 train_time:1092413ms step_avg:191.65ms
step:5800/75000 train_loss:3.4237 lr_scale:1.000 muon_mom:0.950 train_time:1111555ms step_avg:191.65ms
step:5900/75000 train_loss:3.4696 lr_scale:1.000 muon_mom:0.950 train_time:1130717ms step_avg:191.65ms
step:6000/75000 train_loss:3.3723 lr_scale:1.000 muon_mom:0.950 train_time:1149800ms step_avg:191.63ms
step:6100/75000 train_loss:3.4608 lr_scale:1.000 muon_mom:0.950 train_time:1168971ms step_avg:191.63ms
step:6200/75000 train_loss:3.2930 lr_scale:1.000 muon_mom:0.950 train_time:1188142ms step_avg:191.64ms
step:6300/75000 train_loss:3.4003 lr_scale:1.000 muon_mom:0.950 train_time:1207233ms step_avg:191.62ms
step:6400/75000 train_loss:3.3396 lr_scale:1.000 muon_mom:0.950 train_time:1226319ms step_avg:191.61ms
step:6500/75000 train_loss:3.3126 lr_scale:1.000 muon_mom:0.950 train_time:1245566ms step_avg:191.63ms
step:6600/75000 train_loss:3.4699 lr_scale:1.000 muon_mom:0.950 train_time:1264649ms step_avg:191.61ms
step:6700/75000 train_loss:3.3358 lr_scale:1.000 muon_mom:0.950 train_time:1283805ms step_avg:191.61ms
step:6800/75000 train_loss:3.5456 lr_scale:1.000 muon_mom:0.950 train_time:1302953ms step_avg:191.61ms
step:6900/75000 train_loss:3.3997 lr_scale:1.000 muon_mom:0.950 train_time:1322123ms step_avg:191.61ms
step:7000/75000 train_loss:3.4697 lr_scale:1.000 muon_mom:0.950 train_time:1341210ms step_avg:191.60ms
step:7100/75000 train_loss:3.2643 lr_scale:1.000 muon_mom:0.950 train_time:1360302ms step_avg:191.59ms
step:7200/75000 train_loss:3.3585 lr_scale:1.000 muon_mom:0.950 train_time:1379449ms step_avg:191.59ms
step:7300/75000 train_loss:3.3619 lr_scale:1.000 muon_mom:0.950 train_time:1398625ms step_avg:191.59ms
step:7400/75000 train_loss:3.4418 lr_scale:1.000 muon_mom:0.950 train_time:1417802ms step_avg:191.59ms
step:7500/75000 train_loss:2.7439 lr_scale:1.000 muon_mom:0.950 train_time:1436981ms step_avg:191.60ms
step:7600/75000 train_loss:3.3670 lr_scale:1.000 muon_mom:0.950 train_time:1456072ms step_avg:191.59ms
step:7700/75000 train_loss:3.3169 lr_scale:1.000 muon_mom:0.950 train_time:1475255ms step_avg:191.59ms
step:7800/75000 train_loss:3.3268 lr_scale:1.000 muon_mom:0.950 train_time:1494346ms step_avg:191.58ms
step:7900/75000 train_loss:3.2636 lr_scale:1.000 muon_mom:0.950 train_time:1513520ms step_avg:191.58ms
step:8000/75000 train_loss:3.2339 lr_scale:1.000 muon_mom:0.950 train_time:1532609ms step_avg:191.58ms
step:8100/75000 train_loss:3.3450 lr_scale:1.000 muon_mom:0.950 train_time:1551869ms step_avg:191.59ms
step:8200/75000 train_loss:3.2659 lr_scale:1.000 muon_mom:0.950 train_time:1570963ms step_avg:191.58ms
step:8300/75000 train_loss:3.3835 lr_scale:1.000 muon_mom:0.950 train_time:1590137ms step_avg:191.58ms
step:8400/75000 train_loss:3.4033 lr_scale:1.000 muon_mom:0.950 train_time:1609304ms step_avg:191.58ms
step:8500/75000 train_loss:3.4322 lr_scale:1.000 muon_mom:0.950 train_time:1628393ms step_avg:191.58ms
step:8600/75000 train_loss:3.2200 lr_scale:1.000 muon_mom:0.950 train_time:1647481ms step_avg:191.57ms
step:8700/75000 train_loss:3.3917 lr_scale:1.000 muon_mom:0.950 train_time:1666656ms step_avg:191.57ms
step:8800/75000 train_loss:3.3755 lr_scale:1.000 muon_mom:0.950 train_time:1685914ms step_avg:191.58ms
step:8900/75000 train_loss:3.4221 lr_scale:1.000 muon_mom:0.950 train_time:1705074ms step_avg:191.58ms
step:9000/75000 train_loss:3.4319 lr_scale:1.000 muon_mom:0.950 train_time:1724224ms step_avg:191.58ms
step:9100/75000 train_loss:3.5274 lr_scale:1.000 muon_mom:0.950 train_time:1743319ms step_avg:191.57ms
step:9200/75000 train_loss:3.4305 lr_scale:1.000 muon_mom:0.950 train_time:1762498ms step_avg:191.58ms
step:9300/75000 train_loss:3.2986 lr_scale:1.000 muon_mom:0.950 train_time:1781593ms step_avg:191.57ms
step:9400/75000 train_loss:3.4281 lr_scale:1.000 muon_mom:0.950 train_time:1800749ms step_avg:191.57ms
step:9500/75000 train_loss:3.3337 lr_scale:1.000 muon_mom:0.950 train_time:1819843ms step_avg:191.56ms
step:9600/75000 train_loss:3.4238 lr_scale:1.000 muon_mom:0.950 train_time:1839072ms step_avg:191.57ms
step:9700/75000 train_loss:3.2604 lr_scale:1.000 muon_mom:0.950 train_time:1858158ms step_avg:191.56ms
step:9800/75000 train_loss:3.3256 lr_scale:1.000 muon_mom:0.950 train_time:1877319ms step_avg:191.56ms
step:9900/75000 train_loss:3.3343 lr_scale:1.000 muon_mom:0.950 train_time:1896407ms step_avg:191.56ms
step:10000/75000 train_loss:3.3139 lr_scale:1.000 muon_mom:0.950 train_time:1915596ms step_avg:191.56ms
step:10100/75000 train_loss:3.4505 lr_scale:1.000 muon_mom:0.950 train_time:1934788ms step_avg:191.56ms
step:10200/75000 train_loss:3.3870 lr_scale:1.000 muon_mom:0.950 train_time:1953886ms step_avg:191.56ms
step:10300/75000 train_loss:3.0171 lr_scale:1.000 muon_mom:0.950 train_time:1973073ms step_avg:191.56ms
step:10400/75000 train_loss:3.3601 lr_scale:1.000 muon_mom:0.950 train_time:1992244ms step_avg:191.56ms
step:10500/75000 train_loss:3.3947 lr_scale:1.000 muon_mom:0.950 train_time:2011416ms step_avg:191.56ms
step:10600/75000 train_loss:3.3160 lr_scale:1.000 muon_mom:0.950 train_time:2030509ms step_avg:191.56ms
step:10700/75000 train_loss:2.9912 lr_scale:1.000 muon_mom:0.950 train_time:2049695ms step_avg:191.56ms
step:10800/75000 train_loss:3.4016 lr_scale:1.000 muon_mom:0.950 train_time:2068787ms step_avg:191.55ms
step:10900/75000 train_loss:3.4683 lr_scale:1.000 muon_mom:0.950 train_time:2087961ms step_avg:191.56ms
step:11000/75000 train_loss:3.3148 lr_scale:1.000 muon_mom:0.950 train_time:2107055ms step_avg:191.55ms
step:11100/75000 train_loss:3.2832 lr_scale:1.000 muon_mom:0.950 train_time:2126303ms step_avg:191.56ms
step:11200/75000 train_loss:3.3086 lr_scale:1.000 muon_mom:0.950 train_time:2145460ms step_avg:191.56ms
step:11300/75000 train_loss:3.7690 lr_scale:1.000 muon_mom:0.950 train_time:2164552ms step_avg:191.55ms
step:11400/75000 train_loss:3.4563 lr_scale:1.000 muon_mom:0.950 train_time:2183636ms step_avg:191.55ms
step:11500/75000 train_loss:3.3364 lr_scale:1.000 muon_mom:0.950 train_time:2202787ms step_avg:191.55ms
step:11600/75000 train_loss:3.1325 lr_scale:1.000 muon_mom:0.950 train_time:2221929ms step_avg:191.55ms
step:11700/75000 train_loss:3.2505 lr_scale:1.000 muon_mom:0.950 train_time:2241013ms step_avg:191.54ms
step:11800/75000 train_loss:3.5310 lr_scale:1.000 muon_mom:0.950 train_time:2260157ms step_avg:191.54ms
step:11900/75000 train_loss:3.3903 lr_scale:1.000 muon_mom:0.950 train_time:2279326ms step_avg:191.54ms
step:12000/75000 train_loss:3.4128 lr_scale:1.000 muon_mom:0.950 train_time:2298469ms step_avg:191.54ms
step:12100/75000 train_loss:3.2692 lr_scale:1.000 muon_mom:0.950 train_time:2317559ms step_avg:191.53ms
step:12200/75000 train_loss:3.3358 lr_scale:1.000 muon_mom:0.950 train_time:2336651ms step_avg:191.53ms
step:12300/75000 train_loss:3.5675 lr_scale:1.000 muon_mom:0.950 train_time:2355828ms step_avg:191.53ms
step:12400/75000 train_loss:3.3162 lr_scale:1.000 muon_mom:0.950 train_time:2374986ms step_avg:191.53ms
step:12500/75000 train_loss:3.4918 lr_scale:1.000 muon_mom:0.950 train_time:2394078ms step_avg:191.53ms
step:12600/75000 train_loss:3.2395 lr_scale:1.000 muon_mom:0.950 train_time:2413329ms step_avg:191.53ms
step:12700/75000 train_loss:3.2663 lr_scale:1.000 muon_mom:0.950 train_time:2432483ms step_avg:191.53ms
step:12800/75000 train_loss:2.8229 lr_scale:1.000 muon_mom:0.950 train_time:2451565ms step_avg:191.53ms
step:12900/75000 train_loss:3.2963 lr_scale:1.000 muon_mom:0.950 train_time:2470650ms step_avg:191.52ms
step:13000/75000 train_loss:3.3495 lr_scale:1.000 muon_mom:0.950 train_time:2489802ms step_avg:191.52ms
step:13100/75000 train_loss:3.4018 lr_scale:1.000 muon_mom:0.950 train_time:2508943ms step_avg:191.52ms
step:13200/75000 train_loss:3.2480 lr_scale:1.000 muon_mom:0.950 train_time:2528036ms step_avg:191.52ms
step:13300/75000 train_loss:3.4321 lr_scale:1.000 muon_mom:0.950 train_time:2547193ms step_avg:191.52ms
step:13400/75000 train_loss:3.4139 lr_scale:1.000 muon_mom:0.950 train_time:2566435ms step_avg:191.53ms
step:13500/75000 train_loss:3.3535 lr_scale:1.000 muon_mom:0.950 train_time:2585625ms step_avg:191.53ms
step:13600/75000 train_loss:3.2175 lr_scale:1.000 muon_mom:0.950 train_time:2604710ms step_avg:191.52ms
step:13700/75000 train_loss:2.9715 lr_scale:1.000 muon_mom:0.950 train_time:2623794ms step_avg:191.52ms
step:13800/75000 train_loss:3.4931 lr_scale:1.000 muon_mom:0.950 train_time:2643010ms step_avg:191.52ms
step:13900/75000 train_loss:3.0835 lr_scale:1.000 muon_mom:0.950 train_time:2662093ms step_avg:191.52ms
step:14000/75000 train_loss:3.4812 lr_scale:1.000 muon_mom:0.950 train_time:2681246ms step_avg:191.52ms
step:14100/75000 train_loss:3.4154 lr_scale:1.000 muon_mom:0.950 train_time:2700336ms step_avg:191.51ms
step:14200/75000 train_loss:3.2104 lr_scale:1.000 muon_mom:0.950 train_time:2719580ms step_avg:191.52ms
step:14300/75000 train_loss:3.3563 lr_scale:1.000 muon_mom:0.950 train_time:2738671ms step_avg:191.52ms
step:14400/75000 train_loss:3.2852 lr_scale:1.000 muon_mom:0.950 train_time:2757758ms step_avg:191.51ms
step:14500/75000 train_loss:3.2970 lr_scale:1.000 muon_mom:0.950 train_time:2776922ms step_avg:191.51ms
step:14600/75000 train_loss:2.5104 lr_scale:1.000 muon_mom:0.950 train_time:2796087ms step_avg:191.51ms
step:14700/75000 train_loss:3.2615 lr_scale:1.000 muon_mom:0.950 train_time:2815179ms step_avg:191.51ms
step:14800/75000 train_loss:3.2883 lr_scale:1.000 muon_mom:0.950 train_time:2834342ms step_avg:191.51ms
step:14900/75000 train_loss:3.2327 lr_scale:1.000 muon_mom:0.950 train_time:2853586ms step_avg:191.52ms
step:15000/75000 train_loss:3.3012 lr_scale:1.000 muon_mom:0.950 train_time:2872677ms step_avg:191.51ms
step:15100/75000 train_loss:3.4492 lr_scale:1.000 muon_mom:0.950 train_time:2891771ms step_avg:191.51ms
step:15200/75000 train_loss:3.1627 lr_scale:1.000 muon_mom:0.950 train_time:2910863ms step_avg:191.50ms
step:15300/75000 train_loss:3.4054 lr_scale:1.000 muon_mom:0.950 train_time:2930132ms step_avg:191.51ms
step:15400/75000 train_loss:3.3704 lr_scale:1.000 muon_mom:0.950 train_time:2949222ms step_avg:191.51ms
step:15500/75000 train_loss:3.4051 lr_scale:1.000 muon_mom:0.950 train_time:2968383ms step_avg:191.51ms
step:15600/75000 train_loss:3.3616 lr_scale:1.000 muon_mom:0.950 train_time:2987468ms step_avg:191.50ms
step:15700/75000 train_loss:3.3785 lr_scale:1.000 muon_mom:0.950 train_time:3006720ms step_avg:191.51ms
step:15800/75000 train_loss:3.1949 lr_scale:1.000 muon_mom:0.950 train_time:3025811ms step_avg:191.51ms
step:15900/75000 train_loss:3.3048 lr_scale:1.000 muon_mom:0.950 train_time:3044911ms step_avg:191.50ms
step:16000/75000 train_loss:3.4568 lr_scale:1.000 muon_mom:0.950 train_time:3064083ms step_avg:191.51ms
step:16100/75000 train_loss:3.2054 lr_scale:1.000 muon_mom:0.950 train_time:3083266ms step_avg:191.51ms
step:16200/75000 train_loss:3.3676 lr_scale:1.000 muon_mom:0.950 train_time:3102415ms step_avg:191.51ms
step:16300/75000 train_loss:3.2511 lr_scale:1.000 muon_mom:0.950 train_time:3121507ms step_avg:191.50ms
step:16400/75000 train_loss:3.3226 lr_scale:1.000 muon_mom:0.950 train_time:3140677ms step_avg:191.50ms
step:16500/75000 train_loss:3.1751 lr_scale:1.000 muon_mom:0.950 train_time:3159858ms step_avg:191.51ms
step:16600/75000 train_loss:3.2222 lr_scale:1.000 muon_mom:0.950 train_time:3178953ms step_avg:191.50ms
step:16700/75000 train_loss:3.3583 lr_scale:1.000 muon_mom:0.950 train_time:3198049ms step_avg:191.50ms
step:16800/75000 train_loss:3.1633 lr_scale:1.000 muon_mom:0.950 train_time:3217316ms step_avg:191.51ms
step:16900/75000 train_loss:3.3915 lr_scale:1.000 muon_mom:0.950 train_time:3236412ms step_avg:191.50ms
step:17000/75000 train_loss:3.4083 lr_scale:1.000 muon_mom:0.950 train_time:3255573ms step_avg:191.50ms
step:17100/75000 train_loss:3.4141 lr_scale:1.000 muon_mom:0.950 train_time:3274730ms step_avg:191.50ms
step:17200/75000 train_loss:3.3285 lr_scale:1.000 muon_mom:0.950 train_time:3293893ms step_avg:191.51ms
step:17300/75000 train_loss:3.3799 lr_scale:1.000 muon_mom:0.950 train_time:3312980ms step_avg:191.50ms
step:17400/75000 train_loss:3.2663 lr_scale:1.000 muon_mom:0.950 train_time:3332066ms step_avg:191.50ms
step:17500/75000 train_loss:3.3527 lr_scale:1.000 muon_mom:0.950 train_time:3351228ms step_avg:191.50ms
step:17600/75000 train_loss:3.2772 lr_scale:1.000 muon_mom:0.950 train_time:3370413ms step_avg:191.50ms
step:17700/75000 train_loss:3.1414 lr_scale:1.000 muon_mom:0.950 train_time:3389574ms step_avg:191.50ms
step:17800/75000 train_loss:3.3428 lr_scale:1.000 muon_mom:0.950 train_time:3408658ms step_avg:191.50ms
step:17900/75000 train_loss:3.5310 lr_scale:1.000 muon_mom:0.950 train_time:3427817ms step_avg:191.50ms
step:18000/75000 train_loss:3.6222 lr_scale:1.000 muon_mom:0.950 train_time:3447003ms step_avg:191.50ms
step:18100/75000 train_loss:3.1629 lr_scale:1.000 muon_mom:0.950 train_time:3466095ms step_avg:191.50ms
step:18200/75000 train_loss:3.3011 lr_scale:1.000 muon_mom:0.950 train_time:3485302ms step_avg:191.50ms
step:18300/75000 train_loss:3.2793 lr_scale:1.000 muon_mom:0.950 train_time:3504495ms step_avg:191.50ms
step:18400/75000 train_loss:3.2519 lr_scale:1.000 muon_mom:0.950 train_time:3523672ms step_avg:191.50ms
step:18500/75000 train_loss:3.4287 lr_scale:1.000 muon_mom:0.950 train_time:3542830ms step_avg:191.50ms
step:18600/75000 train_loss:3.3303 lr_scale:1.000 muon_mom:0.950 train_time:3561989ms step_avg:191.50ms
step:18700/75000 train_loss:3.3736 lr_scale:1.000 muon_mom:0.950 train_time:3581166ms step_avg:191.51ms
step:18800/75000 train_loss:3.3503 lr_scale:1.000 muon_mom:0.950 train_time:3600256ms step_avg:191.50ms
step:18900/75000 train_loss:3.4078 lr_scale:1.000 muon_mom:0.950 train_time:3619341ms step_avg:191.50ms
step:19000/75000 train_loss:3.1818 lr_scale:1.000 muon_mom:0.950 train_time:3638506ms step_avg:191.50ms
step:19100/75000 train_loss:3.3282 lr_scale:1.000 muon_mom:0.950 train_time:3657670ms step_avg:191.50ms
step:19200/75000 train_loss:3.4118 lr_scale:1.000 muon_mom:0.950 train_time:3676822ms step_avg:191.50ms
step:19300/75000 train_loss:3.3960 lr_scale:1.000 muon_mom:0.950 train_time:3695984ms step_avg:191.50ms
step:19400/75000 train_loss:3.3382 lr_scale:1.000 muon_mom:0.950 train_time:3715072ms step_avg:191.50ms
step:19500/75000 train_loss:3.2474 lr_scale:1.000 muon_mom:0.950 train_time:3734228ms step_avg:191.50ms
step:19600/75000 train_loss:3.2908 lr_scale:1.000 muon_mom:0.950 train_time:3753317ms step_avg:191.50ms
step:19700/75000 train_loss:3.3350 lr_scale:1.000 muon_mom:0.950 train_time:3772481ms step_avg:191.50ms
step:19800/75000 train_loss:3.4537 lr_scale:1.000 muon_mom:0.950 train_time:3791566ms step_avg:191.49ms
step:19900/75000 train_loss:3.7597 lr_scale:1.000 muon_mom:0.950 train_time:3810800ms step_avg:191.50ms
step:20000/75000 train_loss:3.2113 lr_scale:1.000 muon_mom:0.950 train_time:3829887ms step_avg:191.49ms
step:20100/75000 train_loss:3.2720 lr_scale:1.000 muon_mom:0.950 train_time:3849047ms step_avg:191.49ms
step:20200/75000 train_loss:3.4311 lr_scale:1.000 muon_mom:0.950 train_time:3868134ms step_avg:191.49ms
step:20300/75000 train_loss:3.4709 lr_scale:1.000 muon_mom:0.950 train_time:3887297ms step_avg:191.49ms
step:20400/75000 train_loss:3.3862 lr_scale:1.000 muon_mom:0.950 train_time:3906383ms step_avg:191.49ms
step:20500/75000 train_loss:3.2645 lr_scale:1.000 muon_mom:0.950 train_time:3925535ms step_avg:191.49ms
step:20600/75000 train_loss:3.1041 lr_scale:1.000 muon_mom:0.950 train_time:3944703ms step_avg:191.49ms
step:20700/75000 train_loss:3.2006 lr_scale:1.000 muon_mom:0.950 train_time:3963843ms step_avg:191.49ms
step:20800/75000 train_loss:3.1329 lr_scale:1.000 muon_mom:0.950 train_time:3982999ms step_avg:191.49ms
step:20900/75000 train_loss:3.1874 lr_scale:1.000 muon_mom:0.950 train_time:4002092ms step_avg:191.49ms
step:21000/75000 train_loss:3.3727 lr_scale:1.000 muon_mom:0.950 train_time:4021250ms step_avg:191.49ms
step:21100/75000 train_loss:3.4341 lr_scale:1.000 muon_mom:0.950 train_time:4040336ms step_avg:191.49ms
step:21200/75000 train_loss:3.1402 lr_scale:1.000 muon_mom:0.950 train_time:4059499ms step_avg:191.49ms
step:21300/75000 train_loss:3.5477 lr_scale:1.000 muon_mom:0.950 train_time:4078590ms step_avg:191.48ms
step:21400/75000 train_loss:3.4321 lr_scale:1.000 muon_mom:0.950 train_time:4097812ms step_avg:191.49ms
step:21500/75000 train_loss:3.3294 lr_scale:1.000 muon_mom:0.950 train_time:4116899ms step_avg:191.48ms
step:21600/75000 train_loss:3.1922 lr_scale:1.000 muon_mom:0.950 train_time:4136060ms step_avg:191.48ms
step:21700/75000 train_loss:3.2714 lr_scale:1.000 muon_mom:0.950 train_time:4155156ms step_avg:191.48ms
step:21800/75000 train_loss:3.1681 lr_scale:1.000 muon_mom:0.950 train_time:4174334ms step_avg:191.48ms
step:21900/75000 train_loss:3.0099 lr_scale:1.000 muon_mom:0.950 train_time:4193506ms step_avg:191.48ms
step:22000/75000 train_loss:3.3879 lr_scale:1.000 muon_mom:0.950 train_time:4212593ms step_avg:191.48ms
step:22100/75000 train_loss:3.5240 lr_scale:1.000 muon_mom:0.950 train_time:4231740ms step_avg:191.48ms
step:22200/75000 train_loss:3.4812 lr_scale:1.000 muon_mom:0.950 train_time:4250910ms step_avg:191.48ms
step:22300/75000 train_loss:3.3693 lr_scale:1.000 muon_mom:0.950 train_time:4270067ms step_avg:191.48ms
step:22400/75000 train_loss:3.3576 lr_scale:1.000 muon_mom:0.950 train_time:4289154ms step_avg:191.48ms
step:22500/75000 train_loss:3.4454 lr_scale:1.000 muon_mom:0.950 train_time:4308240ms step_avg:191.48ms
step:22600/75000 train_loss:3.3386 lr_scale:1.000 muon_mom:0.950 train_time:4327404ms step_avg:191.48ms
step:22700/75000 train_loss:3.2474 lr_scale:1.000 muon_mom:0.950 train_time:4346559ms step_avg:191.48ms
step:22800/75000 train_loss:3.1228 lr_scale:1.000 muon_mom:0.950 train_time:4365649ms step_avg:191.48ms
step:22900/75000 train_loss:2.9697 lr_scale:1.000 muon_mom:0.950 train_time:4384995ms step_avg:191.48ms
step:23000/75000 train_loss:3.1771 lr_scale:1.000 muon_mom:0.950 train_time:4404150ms step_avg:191.48ms
step:23100/75000 train_loss:3.3254 lr_scale:1.000 muon_mom:0.950 train_time:4423246ms step_avg:191.48ms
step:23200/75000 train_loss:3.2610 lr_scale:1.000 muon_mom:0.950 train_time:4442333ms step_avg:191.48ms
step:23300/75000 train_loss:3.4426 lr_scale:1.000 muon_mom:0.950 train_time:4461511ms step_avg:191.48ms
step:23400/75000 train_loss:3.6028 lr_scale:1.000 muon_mom:0.950 train_time:4480689ms step_avg:191.48ms
step:23500/75000 train_loss:3.2636 lr_scale:1.000 muon_mom:0.950 train_time:4499784ms step_avg:191.48ms
step:23600/75000 train_loss:3.4237 lr_scale:1.000 muon_mom:0.950 train_time:4518957ms step_avg:191.48ms
step:23700/75000 train_loss:3.2831 lr_scale:1.000 muon_mom:0.950 train_time:4538133ms step_avg:191.48ms
step:23800/75000 train_loss:3.1563 lr_scale:1.000 muon_mom:0.950 train_time:4557306ms step_avg:191.48ms
step:23900/75000 train_loss:3.4622 lr_scale:1.000 muon_mom:0.950 train_time:4576397ms step_avg:191.48ms
step:24000/75000 train_loss:3.2028 lr_scale:1.000 muon_mom:0.950 train_time:4595488ms step_avg:191.48ms
step:24100/75000 train_loss:3.4030 lr_scale:1.000 muon_mom:0.950 train_time:4614738ms step_avg:191.48ms
step:24200/75000 train_loss:3.3378 lr_scale:1.000 muon_mom:0.950 train_time:4633826ms step_avg:191.48ms
step:24300/75000 train_loss:3.2871 lr_scale:1.000 muon_mom:0.950 train_time:4652913ms step_avg:191.48ms
step:24400/75000 train_loss:3.0944 lr_scale:1.000 muon_mom:0.950 train_time:4672081ms step_avg:191.48ms
step:24500/75000 train_loss:3.3290 lr_scale:1.000 muon_mom:0.950 train_time:4691312ms step_avg:191.48ms
step:24600/75000 train_loss:3.3795 lr_scale:1.000 muon_mom:0.950 train_time:4710397ms step_avg:191.48ms
step:24700/75000 train_loss:3.3659 lr_scale:1.000 muon_mom:0.950 train_time:4729485ms step_avg:191.48ms
step:24800/75000 train_loss:3.3615 lr_scale:1.000 muon_mom:0.950 train_time:4748644ms step_avg:191.48ms
step:24900/75000 train_loss:3.3559 lr_scale:1.000 muon_mom:0.950 train_time:4767801ms step_avg:191.48ms
step:25000/75000 train_loss:3.1498 lr_scale:1.000 muon_mom:0.950 train_time:4786891ms step_avg:191.48ms
step:25100/75000 train_loss:3.2379 lr_scale:1.000 muon_mom:0.950 train_time:4806066ms step_avg:191.48ms
step:25200/75000 train_loss:3.2566 lr_scale:1.000 muon_mom:0.950 train_time:4825312ms step_avg:191.48ms
step:25300/75000 train_loss:3.0614 lr_scale:1.000 muon_mom:0.950 train_time:4844401ms step_avg:191.48ms
step:25400/75000 train_loss:3.4738 lr_scale:1.000 muon_mom:0.950 train_time:4863492ms step_avg:191.48ms
step:25500/75000 train_loss:3.4155 lr_scale:1.000 muon_mom:0.950 train_time:4882583ms step_avg:191.47ms
step:25600/75000 train_loss:3.2017 lr_scale:1.000 muon_mom:0.950 train_time:4901805ms step_avg:191.48ms
step:25700/75000 train_loss:3.6384 lr_scale:1.000 muon_mom:0.950 train_time:4920895ms step_avg:191.47ms
step:25800/75000 train_loss:3.3423 lr_scale:1.000 muon_mom:0.950 train_time:4940060ms step_avg:191.48ms
step:25900/75000 train_loss:3.2702 lr_scale:1.000 muon_mom:0.950 train_time:4959145ms step_avg:191.47ms
step:26000/75000 train_loss:3.1765 lr_scale:1.000 muon_mom:0.950 train_time:4978374ms step_avg:191.48ms
step:26100/75000 train_loss:3.0413 lr_scale:1.000 muon_mom:0.950 train_time:4997466ms step_avg:191.47ms
step:26200/75000 train_loss:3.1899 lr_scale:1.000 muon_mom:0.950 train_time:5016555ms step_avg:191.47ms
step:26300/75000 train_loss:3.1441 lr_scale:1.000 muon_mom:0.950 train_time:5035644ms step_avg:191.47ms
step:26400/75000 train_loss:3.4950 lr_scale:1.000 muon_mom:0.950 train_time:5054857ms step_avg:191.47ms
step:26500/75000 train_loss:3.1542 lr_scale:1.000 muon_mom:0.950 train_time:5073946ms step_avg:191.47ms
step:26600/75000 train_loss:3.3242 lr_scale:1.000 muon_mom:0.950 train_time:5093115ms step_avg:191.47ms
step:26700/75000 train_loss:3.2261 lr_scale:1.000 muon_mom:0.950 train_time:5112277ms step_avg:191.47ms
step:26800/75000 train_loss:3.1306 lr_scale:1.000 muon_mom:0.950 train_time:5131438ms step_avg:191.47ms
step:26900/75000 train_loss:3.4527 lr_scale:1.000 muon_mom:0.950 train_time:5150527ms step_avg:191.47ms
step:27000/75000 train_loss:3.8745 lr_scale:1.000 muon_mom:0.950 train_time:5169617ms step_avg:191.47ms
step:27100/75000 train_loss:3.4666 lr_scale:1.000 muon_mom:0.950 train_time:5188846ms step_avg:191.47ms
step:27200/75000 train_loss:3.3092 lr_scale:1.000 muon_mom:0.950 train_time:5207934ms step_avg:191.47ms
step:27300/75000 train_loss:3.2280 lr_scale:1.000 muon_mom:0.950 train_time:5227083ms step_avg:191.47ms
step:27400/75000 train_loss:3.0269 lr_scale:1.000 muon_mom:0.950 train_time:5246232ms step_avg:191.47ms
step:27500/75000 train_loss:3.3817 lr_scale:1.000 muon_mom:0.950 train_time:5265397ms step_avg:191.47ms
step:27600/75000 train_loss:3.4988 lr_scale:1.000 muon_mom:0.950 train_time:5284591ms step_avg:191.47ms
step:27700/75000 train_loss:3.3649 lr_scale:1.000 muon_mom:0.950 train_time:5303682ms step_avg:191.47ms
step:27800/75000 train_loss:3.3530 lr_scale:1.000 muon_mom:0.950 train_time:5322850ms step_avg:191.47ms
step:27900/75000 train_loss:3.3115 lr_scale:1.000 muon_mom:0.950 train_time:5342041ms step_avg:191.47ms
step:28000/75000 train_loss:3.2873 lr_scale:1.000 muon_mom:0.950 train_time:5361197ms step_avg:191.47ms
step:28100/75000 train_loss:3.2847 lr_scale:1.000 muon_mom:0.950 train_time:5380292ms step_avg:191.47ms
step:28200/75000 train_loss:3.3232 lr_scale:1.000 muon_mom:0.950 train_time:5399451ms step_avg:191.47ms
step:28300/75000 train_loss:2.9715 lr_scale:1.000 muon_mom:0.950 train_time:5418610ms step_avg:191.47ms
step:28400/75000 train_loss:3.0947 lr_scale:1.000 muon_mom:0.950 train_time:5437701ms step_avg:191.47ms
step:28500/75000 train_loss:3.3204 lr_scale:1.000 muon_mom:0.950 train_time:5456793ms step_avg:191.47ms
step:28600/75000 train_loss:3.2989 lr_scale:1.000 muon_mom:0.950 train_time:5475953ms step_avg:191.47ms
step:28700/75000 train_loss:3.4877 lr_scale:1.000 muon_mom:0.950 train_time:5495118ms step_avg:191.47ms
step:28800/75000 train_loss:3.3523 lr_scale:1.000 muon_mom:0.950 train_time:5514272ms step_avg:191.47ms
step:28900/75000 train_loss:3.0816 lr_scale:1.000 muon_mom:0.950 train_time:5533431ms step_avg:191.47ms
step:29000/75000 train_loss:3.2096 lr_scale:1.000 muon_mom:0.950 train_time:5552594ms step_avg:191.47ms
step:29100/75000 train_loss:3.3951 lr_scale:1.000 muon_mom:0.950 train_time:5571687ms step_avg:191.47ms
step:29200/75000 train_loss:3.1974 lr_scale:1.000 muon_mom:0.950 train_time:5590816ms step_avg:191.47ms
step:29300/75000 train_loss:3.2604 lr_scale:1.000 muon_mom:0.950 train_time:5609990ms step_avg:191.47ms
step:29400/75000 train_loss:3.4219 lr_scale:1.000 muon_mom:0.950 train_time:5629148ms step_avg:191.47ms
step:29500/75000 train_loss:3.2903 lr_scale:1.000 muon_mom:0.950 train_time:5648310ms step_avg:191.47ms
step:29600/75000 train_loss:3.3835 lr_scale:1.000 muon_mom:0.950 train_time:5667401ms step_avg:191.47ms
step:29700/75000 train_loss:3.1884 lr_scale:1.000 muon_mom:0.950 train_time:5686565ms step_avg:191.47ms
step:29800/75000 train_loss:3.2677 lr_scale:1.000 muon_mom:0.950 train_time:5705734ms step_avg:191.47ms
step:29900/75000 train_loss:3.2250 lr_scale:1.000 muon_mom:0.950 train_time:5724826ms step_avg:191.47ms
step:30000/75000 train_loss:3.3042 lr_scale:1.000 muon_mom:0.950 train_time:5744041ms step_avg:191.47ms
step:30100/75000 train_loss:3.0979 lr_scale:1.000 muon_mom:0.950 train_time:5763176ms step_avg:191.47ms
step:30200/75000 train_loss:3.1356 lr_scale:1.000 muon_mom:0.950 train_time:5782318ms step_avg:191.47ms
step:30300/75000 train_loss:3.3424 lr_scale:1.000 muon_mom:0.950 train_time:5801481ms step_avg:191.47ms
step:30400/75000 train_loss:3.1089 lr_scale:1.000 muon_mom:0.950 train_time:5820635ms step_avg:191.47ms
step:30500/75000 train_loss:3.2889 lr_scale:1.000 muon_mom:0.950 train_time:5839722ms step_avg:191.47ms
step:30600/75000 train_loss:2.9980 lr_scale:1.000 muon_mom:0.950 train_time:5858872ms step_avg:191.47ms
step:30700/75000 train_loss:3.2423 lr_scale:1.000 muon_mom:0.950 train_time:5877962ms step_avg:191.46ms
step:30800/75000 train_loss:3.0403 lr_scale:1.000 muon_mom:0.950 train_time:5897119ms step_avg:191.46ms
step:30900/75000 train_loss:3.1534 lr_scale:1.000 muon_mom:0.950 train_time:5916267ms step_avg:191.46ms
step:31000/75000 train_loss:3.1327 lr_scale:1.000 muon_mom:0.950 train_time:5935443ms step_avg:191.47ms
step:31100/75000 train_loss:3.3436 lr_scale:1.000 muon_mom:0.950 train_time:5954622ms step_avg:191.47ms
step:31200/75000 train_loss:3.3402 lr_scale:1.000 muon_mom:0.950 train_time:5973709ms step_avg:191.47ms
step:31300/75000 train_loss:3.5069 lr_scale:1.000 muon_mom:0.950 train_time:5992896ms step_avg:191.47ms
step:31400/75000 train_loss:3.3104 lr_scale:1.000 muon_mom:0.950 train_time:6011998ms step_avg:191.46ms
step:31500/75000 train_loss:3.2259 lr_scale:1.000 muon_mom:0.950 train_time:6031193ms step_avg:191.47ms
step:31600/75000 train_loss:3.3181 lr_scale:1.000 muon_mom:0.950 train_time:6050293ms step_avg:191.46ms
step:31700/75000 train_loss:2.7319 lr_scale:1.000 muon_mom:0.950 train_time:6069556ms step_avg:191.47ms
step:31800/75000 train_loss:3.1395 lr_scale:1.000 muon_mom:0.950 train_time:6088648ms step_avg:191.47ms
step:31900/75000 train_loss:3.3934 lr_scale:1.000 muon_mom:0.950 train_time:6107818ms step_avg:191.47ms
step:32000/75000 train_loss:3.2818 lr_scale:1.000 muon_mom:0.950 train_time:6126911ms step_avg:191.47ms
step:32100/75000 train_loss:2.6773 lr_scale:1.000 muon_mom:0.950 train_time:6146104ms step_avg:191.47ms
step:32200/75000 train_loss:3.6722 lr_scale:1.000 muon_mom:0.950 train_time:6165206ms step_avg:191.47ms
step:32300/75000 train_loss:3.3346 lr_scale:1.000 muon_mom:0.950 train_time:6184491ms step_avg:191.47ms
step:32400/75000 train_loss:3.3387 lr_scale:1.000 muon_mom:0.950 train_time:6203583ms step_avg:191.47ms
step:32500/75000 train_loss:3.1940 lr_scale:1.000 muon_mom:0.950 train_time:6222842ms step_avg:191.47ms
step:32600/75000 train_loss:3.2541 lr_scale:1.000 muon_mom:0.950 train_time:6242016ms step_avg:191.47ms
step:32700/75000 train_loss:3.4679 lr_scale:1.000 muon_mom:0.950 train_time:6261116ms step_avg:191.47ms
step:32800/75000 train_loss:3.1881 lr_scale:1.000 muon_mom:0.950 train_time:6280213ms step_avg:191.47ms
step:32900/75000 train_loss:3.1235 lr_scale:1.000 muon_mom:0.950 train_time:6299405ms step_avg:191.47ms
step:33000/75000 train_loss:3.1857 lr_scale:1.000 muon_mom:0.950 train_time:6318595ms step_avg:191.47ms
step:33100/75000 train_loss:3.3659 lr_scale:1.000 muon_mom:0.950 train_time:6337694ms step_avg:191.47ms
step:33200/75000 train_loss:3.4464 lr_scale:1.000 muon_mom:0.950 train_time:6356952ms step_avg:191.47ms
step:33300/75000 train_loss:3.2063 lr_scale:1.000 muon_mom:0.950 train_time:6376124ms step_avg:191.48ms
step:33400/75000 train_loss:3.0921 lr_scale:1.000 muon_mom:0.950 train_time:6395223ms step_avg:191.47ms
step:33500/75000 train_loss:3.0037 lr_scale:1.000 muon_mom:0.950 train_time:6414322ms step_avg:191.47ms
step:33600/75000 train_loss:3.4202 lr_scale:1.000 muon_mom:0.950 train_time:6433519ms step_avg:191.47ms
step:33700/75000 train_loss:3.3109 lr_scale:1.000 muon_mom:0.950 train_time:6452690ms step_avg:191.47ms
step:33800/75000 train_loss:3.3168 lr_scale:1.000 muon_mom:0.950 train_time:6471787ms step_avg:191.47ms
step:33900/75000 train_loss:3.1565 lr_scale:1.000 muon_mom:0.950 train_time:6490940ms step_avg:191.47ms
step:34000/75000 train_loss:3.3492 lr_scale:1.000 muon_mom:0.950 train_time:6510126ms step_avg:191.47ms
step:34100/75000 train_loss:3.2493 lr_scale:1.000 muon_mom:0.950 train_time:6529282ms step_avg:191.47ms
step:34200/75000 train_loss:3.3625 lr_scale:1.000 muon_mom:0.950 train_time:6548373ms step_avg:191.47ms
step:34300/75000 train_loss:3.3656 lr_scale:1.000 muon_mom:0.950 train_time:6567470ms step_avg:191.47ms
step:34400/75000 train_loss:3.3852 lr_scale:1.000 muon_mom:0.950 train_time:6586643ms step_avg:191.47ms
step:34500/75000 train_loss:3.2413 lr_scale:1.000 muon_mom:0.950 train_time:6605802ms step_avg:191.47ms
step:34600/75000 train_loss:3.3989 lr_scale:1.000 muon_mom:0.950 train_time:6624897ms step_avg:191.47ms
step:34700/75000 train_loss:3.3442 lr_scale:1.000 muon_mom:0.950 train_time:6644052ms step_avg:191.47ms
step:34800/75000 train_loss:3.1322 lr_scale:1.000 muon_mom:0.950 train_time:6663297ms step_avg:191.47ms
step:34900/75000 train_loss:3.2993 lr_scale:1.000 muon_mom:0.950 train_time:6682391ms step_avg:191.47ms
step:35000/75000 train_loss:3.2087 lr_scale:1.000 muon_mom:0.950 train_time:6701479ms step_avg:191.47ms
step:35100/75000 train_loss:3.5012 lr_scale:1.000 muon_mom:0.950 train_time:6720631ms step_avg:191.47ms
step:35200/75000 train_loss:3.3070 lr_scale:1.000 muon_mom:0.950 train_time:6739787ms step_avg:191.47ms
step:35300/75000 train_loss:3.4516 lr_scale:1.000 muon_mom:0.950 train_time:6758877ms step_avg:191.47ms
step:35400/75000 train_loss:3.0669 lr_scale:1.000 muon_mom:0.950 train_time:6778027ms step_avg:191.47ms
step:35500/75000 train_loss:3.3183 lr_scale:1.000 muon_mom:0.950 train_time:6797203ms step_avg:191.47ms
step:35600/75000 train_loss:3.3377 lr_scale:1.000 muon_mom:0.950 train_time:6816366ms step_avg:191.47ms
step:35700/75000 train_loss:3.5356 lr_scale:1.000 muon_mom:0.950 train_time:6835461ms step_avg:191.47ms
step:35800/75000 train_loss:3.3498 lr_scale:1.000 muon_mom:0.950 train_time:6854548ms step_avg:191.47ms
step:35900/75000 train_loss:3.2536 lr_scale:1.000 muon_mom:0.950 train_time:6873786ms step_avg:191.47ms
step:36000/75000 train_loss:3.3497 lr_scale:1.000 muon_mom:0.950 train_time:6892881ms step_avg:191.47ms
step:36100/75000 train_loss:3.5080 lr_scale:1.000 muon_mom:0.950 train_time:6912039ms step_avg:191.47ms
step:36200/75000 train_loss:3.4016 lr_scale:1.000 muon_mom:0.950 train_time:6931132ms step_avg:191.47ms
step:36300/75000 train_loss:3.3409 lr_scale:1.000 muon_mom:0.950 train_time:6950378ms step_avg:191.47ms
step:36400/75000 train_loss:3.3250 lr_scale:1.000 muon_mom:0.950 train_time:6969471ms step_avg:191.47ms
step:36500/75000 train_loss:3.1757 lr_scale:1.000 muon_mom:0.950 train_time:6988561ms step_avg:191.47ms
step:36600/75000 train_loss:3.0683 lr_scale:1.000 muon_mom:0.950 train_time:7007652ms step_avg:191.47ms
step:36700/75000 train_loss:3.4648 lr_scale:1.000 muon_mom:0.950 train_time:7026882ms step_avg:191.47ms
step:36800/75000 train_loss:2.9729 lr_scale:1.000 muon_mom:0.950 train_time:7045977ms step_avg:191.47ms
step:36900/75000 train_loss:3.2248 lr_scale:1.000 muon_mom:0.950 train_time:7065126ms step_avg:191.47ms
step:37000/75000 train_loss:3.1628 lr_scale:1.000 muon_mom:0.950 train_time:7084389ms step_avg:191.47ms
step:37100/75000 train_loss:3.2393 lr_scale:1.000 muon_mom:0.950 train_time:7103557ms step_avg:191.47ms
step:37200/75000 train_loss:3.3642 lr_scale:1.000 muon_mom:0.950 train_time:7122648ms step_avg:191.47ms
step:37300/75000 train_loss:3.4255 lr_scale:1.000 muon_mom:0.950 train_time:7141778ms step_avg:191.47ms
step:37400/75000 train_loss:3.3507 lr_scale:1.000 muon_mom:0.950 train_time:7161153ms step_avg:191.47ms
step:37500/75000 train_loss:3.1467 lr_scale:1.000 muon_mom:0.950 train_time:7180282ms step_avg:191.47ms
step:37600/75000 train_loss:3.3162 lr_scale:1.000 muon_mom:0.950 train_time:7199470ms step_avg:191.48ms
step:37700/75000 train_loss:3.2228 lr_scale:1.000 muon_mom:0.950 train_time:7218605ms step_avg:191.47ms
step:37800/75000 train_loss:3.3145 lr_scale:1.000 muon_mom:0.950 train_time:7237877ms step_avg:191.48ms
step:37900/75000 train_loss:3.4233 lr_scale:1.000 muon_mom:0.950 train_time:7256971ms step_avg:191.48ms
step:38000/75000 train_loss:3.2050 lr_scale:1.000 muon_mom:0.950 train_time:7276064ms step_avg:191.48ms
step:38100/75000 train_loss:3.3487 lr_scale:1.000 muon_mom:0.950 train_time:7295241ms step_avg:191.48ms
step:38200/75000 train_loss:3.4117 lr_scale:1.000 muon_mom:0.950 train_time:7314452ms step_avg:191.48ms
step:38300/75000 train_loss:3.1642 lr_scale:1.000 muon_mom:0.950 train_time:7333539ms step_avg:191.48ms
step:38400/75000 train_loss:3.3395 lr_scale:1.000 muon_mom:0.950 train_time:7352689ms step_avg:191.48ms
step:38500/75000 train_loss:3.2283 lr_scale:1.000 muon_mom:0.950 train_time:7371848ms step_avg:191.48ms
step:38600/75000 train_loss:3.2804 lr_scale:1.000 muon_mom:0.950 train_time:7391009ms step_avg:191.48ms
step:38700/75000 train_loss:3.2196 lr_scale:1.000 muon_mom:0.950 train_time:7410097ms step_avg:191.48ms
step:38800/75000 train_loss:3.2844 lr_scale:1.000 muon_mom:0.950 train_time:7429183ms step_avg:191.47ms
step:38900/75000 train_loss:3.3157 lr_scale:1.000 muon_mom:0.950 train_time:7448339ms step_avg:191.47ms
step:39000/75000 train_loss:3.4166 lr_scale:1.000 muon_mom:0.950 train_time:7467498ms step_avg:191.47ms
step:39100/75000 train_loss:3.2427 lr_scale:1.000 muon_mom:0.950 train_time:7486648ms step_avg:191.47ms
step:39200/75000 train_loss:3.1822 lr_scale:1.000 muon_mom:0.950 train_time:7505799ms step_avg:191.47ms
step:39300/75000 train_loss:3.1873 lr_scale:1.000 muon_mom:0.950 train_time:7524958ms step_avg:191.47ms
step:39400/75000 train_loss:3.2396 lr_scale:1.000 muon_mom:0.950 train_time:7544044ms step_avg:191.47ms
step:39500/75000 train_loss:3.1104 lr_scale:1.000 muon_mom:0.950 train_time:7563129ms step_avg:191.47ms
step:39600/75000 train_loss:3.3808 lr_scale:1.000 muon_mom:0.950 train_time:7582298ms step_avg:191.47ms
step:39700/75000 train_loss:3.1765 lr_scale:1.000 muon_mom:0.950 train_time:7601477ms step_avg:191.47ms
step:39800/75000 train_loss:3.2680 lr_scale:1.000 muon_mom:0.950 train_time:7620633ms step_avg:191.47ms
step:39900/75000 train_loss:3.2347 lr_scale:1.000 muon_mom:0.950 train_time:7639732ms step_avg:191.47ms
step:40000/75000 train_loss:3.3674 lr_scale:1.000 muon_mom:0.950 train_time:7658900ms step_avg:191.47ms
step:40100/75000 train_loss:3.3463 lr_scale:1.000 muon_mom:0.950 train_time:7678087ms step_avg:191.47ms
step:40200/75000 train_loss:3.2487 lr_scale:1.000 muon_mom:0.950 train_time:7697184ms step_avg:191.47ms
step:40300/75000 train_loss:3.3551 lr_scale:1.000 muon_mom:0.950 train_time:7716280ms step_avg:191.47ms
step:40400/75000 train_loss:3.1765 lr_scale:1.000 muon_mom:0.950 train_time:7735457ms step_avg:191.47ms
step:40500/75000 train_loss:3.2468 lr_scale:1.000 muon_mom:0.950 train_time:7754654ms step_avg:191.47ms
step:40600/75000 train_loss:3.1677 lr_scale:1.000 muon_mom:0.950 train_time:7773820ms step_avg:191.47ms
step:40700/75000 train_loss:3.2287 lr_scale:1.000 muon_mom:0.950 train_time:7792991ms step_avg:191.47ms
step:40800/75000 train_loss:3.2437 lr_scale:1.000 muon_mom:0.950 train_time:7812087ms step_avg:191.47ms
step:40900/75000 train_loss:3.1118 lr_scale:1.000 muon_mom:0.950 train_time:7831274ms step_avg:191.47ms
step:41000/75000 train_loss:3.2954 lr_scale:1.000 muon_mom:0.950 train_time:7850368ms step_avg:191.47ms
step:41100/75000 train_loss:3.3995 lr_scale:1.000 muon_mom:0.950 train_time:7869554ms step_avg:191.47ms
step:41200/75000 train_loss:3.3538 lr_scale:1.000 muon_mom:0.950 train_time:7888757ms step_avg:191.47ms
step:41300/75000 train_loss:3.3674 lr_scale:1.000 muon_mom:0.950 train_time:7907915ms step_avg:191.47ms
step:41400/75000 train_loss:3.3890 lr_scale:1.000 muon_mom:0.950 train_time:7927006ms step_avg:191.47ms
step:41500/75000 train_loss:3.4423 lr_scale:1.000 muon_mom:0.950 train_time:7946178ms step_avg:191.47ms
step:41600/75000 train_loss:3.2750 lr_scale:1.000 muon_mom:0.950 train_time:7965351ms step_avg:191.47ms
step:41700/75000 train_loss:3.4036 lr_scale:1.000 muon_mom:0.950 train_time:7984552ms step_avg:191.48ms
step:41800/75000 train_loss:3.4041 lr_scale:1.000 muon_mom:0.950 train_time:8003713ms step_avg:191.48ms
step:41900/75000 train_loss:3.4968 lr_scale:1.000 muon_mom:0.950 train_time:8022808ms step_avg:191.48ms
step:42000/75000 train_loss:3.2964 lr_scale:1.000 muon_mom:0.950 train_time:8042041ms step_avg:191.48ms
step:42100/75000 train_loss:2.8738 lr_scale:1.000 muon_mom:0.950 train_time:8061135ms step_avg:191.48ms
step:42200/75000 train_loss:3.3823 lr_scale:1.000 muon_mom:0.950 train_time:8080294ms step_avg:191.48ms
step:42300/75000 train_loss:3.3428 lr_scale:1.000 muon_mom:0.950 train_time:8099386ms step_avg:191.47ms
step:42400/75000 train_loss:3.2661 lr_scale:1.000 muon_mom:0.950 train_time:8118560ms step_avg:191.48ms
step:42500/75000 train_loss:3.1605 lr_scale:1.000 muon_mom:0.950 train_time:8137653ms step_avg:191.47ms
step:42600/75000 train_loss:3.1794 lr_scale:1.000 muon_mom:0.950 train_time:8156805ms step_avg:191.47ms
step:42700/75000 train_loss:3.3134 lr_scale:1.000 muon_mom:0.950 train_time:8175898ms step_avg:191.47ms
step:42800/75000 train_loss:3.4770 lr_scale:1.000 muon_mom:0.950 train_time:8195137ms step_avg:191.48ms
step:42900/75000 train_loss:3.2311 lr_scale:1.000 muon_mom:0.950 train_time:8214295ms step_avg:191.48ms
step:43000/75000 train_loss:3.2535 lr_scale:1.000 muon_mom:0.950 train_time:8233389ms step_avg:191.47ms
step:43100/75000 train_loss:3.3979 lr_scale:1.000 muon_mom:0.950 train_time:8252485ms step_avg:191.47ms
step:43200/75000 train_loss:3.2750 lr_scale:1.000 muon_mom:0.950 train_time:8271667ms step_avg:191.47ms
step:43300/75000 train_loss:3.2573 lr_scale:1.000 muon_mom:0.950 train_time:8290834ms step_avg:191.47ms
step:43400/75000 train_loss:2.8874 lr_scale:1.000 muon_mom:0.950 train_time:8309930ms step_avg:191.47ms
step:43500/75000 train_loss:3.4323 lr_scale:1.000 muon_mom:0.950 train_time:8329182ms step_avg:191.48ms
step:43600/75000 train_loss:3.5057 lr_scale:1.000 muon_mom:0.950 train_time:8348281ms step_avg:191.47ms
step:43700/75000 train_loss:3.4812 lr_scale:1.000 muon_mom:0.950 train_time:8367445ms step_avg:191.47ms
step:43800/75000 train_loss:3.4110 lr_scale:1.000 muon_mom:0.950 train_time:8386542ms step_avg:191.47ms
step:43900/75000 train_loss:3.3165 lr_scale:1.000 muon_mom:0.950 train_time:8405734ms step_avg:191.47ms
step:44000/75000 train_loss:3.4365 lr_scale:1.000 muon_mom:0.950 train_time:8424920ms step_avg:191.48ms
step:44100/75000 train_loss:3.5416 lr_scale:1.000 muon_mom:0.950 train_time:8444022ms step_avg:191.47ms
step:44200/75000 train_loss:3.1373 lr_scale:1.000 muon_mom:0.950 train_time:8463118ms step_avg:191.47ms
step:44300/75000 train_loss:3.3764 lr_scale:1.000 muon_mom:0.950 train_time:8482379ms step_avg:191.48ms
step:44400/75000 train_loss:3.0844 lr_scale:1.000 muon_mom:0.950 train_time:8501539ms step_avg:191.48ms
step:44500/75000 train_loss:3.8981 lr_scale:1.000 muon_mom:0.950 train_time:8520632ms step_avg:191.47ms
step:44600/75000 train_loss:3.4389 lr_scale:1.000 muon_mom:0.950 train_time:8539725ms step_avg:191.47ms
step:44700/75000 train_loss:3.3786 lr_scale:1.000 muon_mom:0.950 train_time:8558895ms step_avg:191.47ms
step:44800/75000 train_loss:3.0886 lr_scale:1.000 muon_mom:0.950 train_time:8578061ms step_avg:191.47ms
step:44900/75000 train_loss:3.2357 lr_scale:1.000 muon_mom:0.950 train_time:8597149ms step_avg:191.47ms
step:45000/75000 train_loss:3.0916 lr_scale:1.000 muon_mom:0.950 train_time:8616309ms step_avg:191.47ms
step:45100/75000 train_loss:3.3918 lr_scale:1.000 muon_mom:0.950 train_time:8635554ms step_avg:191.48ms
step:45200/75000 train_loss:3.2451 lr_scale:1.000 muon_mom:0.950 train_time:8654648ms step_avg:191.47ms
step:45300/75000 train_loss:3.2044 lr_scale:1.000 muon_mom:0.950 train_time:8673745ms step_avg:191.47ms
step:45400/75000 train_loss:2.8744 lr_scale:1.000 muon_mom:0.950 train_time:8692918ms step_avg:191.47ms
step:45500/75000 train_loss:3.3083 lr_scale:1.000 muon_mom:0.950 train_time:8712100ms step_avg:191.47ms
step:45600/75000 train_loss:3.2990 lr_scale:1.000 muon_mom:0.950 train_time:8731193ms step_avg:191.47ms
step:45700/75000 train_loss:3.2522 lr_scale:1.000 muon_mom:0.950 train_time:8750370ms step_avg:191.47ms
step:45800/75000 train_loss:3.4162 lr_scale:1.000 muon_mom:0.950 train_time:8769556ms step_avg:191.48ms
step:45900/75000 train_loss:3.2231 lr_scale:1.000 muon_mom:0.950 train_time:8788716ms step_avg:191.48ms
step:46000/75000 train_loss:3.3891 lr_scale:1.000 muon_mom:0.950 train_time:8807808ms step_avg:191.47ms
step:46100/75000 train_loss:2.7130 lr_scale:1.000 muon_mom:0.950 train_time:8826905ms step_avg:191.47ms
step:46200/75000 train_loss:3.3619 lr_scale:1.000 muon_mom:0.950 train_time:8846086ms step_avg:191.47ms
step:46300/75000 train_loss:3.2450 lr_scale:1.000 muon_mom:0.950 train_time:8865260ms step_avg:191.47ms
step:46400/75000 train_loss:3.4110 lr_scale:1.000 muon_mom:0.950 train_time:8884462ms step_avg:191.48ms
step:46500/75000 train_loss:2.9130 lr_scale:1.000 muon_mom:0.950 train_time:8903612ms step_avg:191.48ms
step:46600/75000 train_loss:3.4269 lr_scale:1.000 muon_mom:0.950 train_time:8922850ms step_avg:191.48ms
step:46700/75000 train_loss:3.0828 lr_scale:1.000 muon_mom:0.950 train_time:8941948ms step_avg:191.48ms
step:46800/75000 train_loss:3.2078 lr_scale:1.000 muon_mom:0.950 train_time:8961039ms step_avg:191.48ms
step:46900/75000 train_loss:3.3614 lr_scale:1.000 muon_mom:0.950 train_time:8980135ms step_avg:191.47ms
step:47000/75000 train_loss:2.9449 lr_scale:1.000 muon_mom:0.950 train_time:8999379ms step_avg:191.48ms
step:47100/75000 train_loss:3.2790 lr_scale:1.000 muon_mom:0.950 train_time:9018466ms step_avg:191.47ms
step:47200/75000 train_loss:3.0291 lr_scale:1.000 muon_mom:0.950 train_time:9037606ms step_avg:191.47ms
step:47300/75000 train_loss:3.3917 lr_scale:1.000 muon_mom:0.950 train_time:9056766ms step_avg:191.47ms
step:47400/75000 train_loss:3.3963 lr_scale:1.000 muon_mom:0.950 train_time:9075972ms step_avg:191.48ms
step:47500/75000 train_loss:3.1645 lr_scale:1.000 muon_mom:0.950 train_time:9095059ms step_avg:191.47ms
step:47600/75000 train_loss:3.3569 lr_scale:1.000 muon_mom:0.950 train_time:9114145ms step_avg:191.47ms
step:47700/75000 train_loss:3.2130 lr_scale:1.000 muon_mom:0.950 train_time:9133402ms step_avg:191.48ms
step:47800/75000 train_loss:3.3001 lr_scale:1.000 muon_mom:0.950 train_time:9152491ms step_avg:191.47ms
step:47900/75000 train_loss:3.3555 lr_scale:1.000 muon_mom:0.950 train_time:9171659ms step_avg:191.48ms
step:48000/75000 train_loss:3.0058 lr_scale:1.000 muon_mom:0.950 train_time:9190749ms step_avg:191.47ms
step:48100/75000 train_loss:3.3324 lr_scale:1.000 muon_mom:0.950 train_time:9209993ms step_avg:191.48ms
step:48200/75000 train_loss:3.3029 lr_scale:1.000 muon_mom:0.950 train_time:9229084ms step_avg:191.47ms
step:48300/75000 train_loss:3.3235 lr_scale:1.000 muon_mom:0.950 train_time:9248176ms step_avg:191.47ms
step:48400/75000 train_loss:3.1567 lr_scale:1.000 muon_mom:0.950 train_time:9267268ms step_avg:191.47ms
step:48500/75000 train_loss:3.2542 lr_scale:1.000 muon_mom:0.950 train_time:9286513ms step_avg:191.47ms
step:48600/75000 train_loss:3.0745 lr_scale:1.000 muon_mom:0.950 train_time:9305597ms step_avg:191.47ms
step:48700/75000 train_loss:3.1503 lr_scale:1.000 muon_mom:0.950 train_time:9324741ms step_avg:191.47ms
step:48800/75000 train_loss:3.0978 lr_scale:1.000 muon_mom:0.950 train_time:9343883ms step_avg:191.47ms
step:48900/75000 train_loss:3.3802 lr_scale:1.000 muon_mom:0.950 train_time:9363040ms step_avg:191.47ms
step:49000/75000 train_loss:3.2132 lr_scale:1.000 muon_mom:0.950 train_time:9382125ms step_avg:191.47ms
step:49100/75000 train_loss:3.2106 lr_scale:1.000 muon_mom:0.950 train_time:9401220ms step_avg:191.47ms
step:49200/75000 train_loss:2.9947 lr_scale:1.000 muon_mom:0.950 train_time:9420386ms step_avg:191.47ms
step:49300/75000 train_loss:3.2326 lr_scale:1.000 muon_mom:0.950 train_time:9439573ms step_avg:191.47ms
step:49400/75000 train_loss:3.3219 lr_scale:1.000 muon_mom:0.950 train_time:9458733ms step_avg:191.47ms
step:49500/75000 train_loss:3.2589 lr_scale:1.000 muon_mom:0.950 train_time:9477828ms step_avg:191.47ms
step:49600/75000 train_loss:3.2512 lr_scale:1.000 muon_mom:0.950 train_time:9497067ms step_avg:191.47ms
step:49700/75000 train_loss:2.6935 lr_scale:1.000 muon_mom:0.950 train_time:9516156ms step_avg:191.47ms
step:49800/75000 train_loss:3.4594 lr_scale:1.000 muon_mom:0.950 train_time:9535244ms step_avg:191.47ms
step:49900/75000 train_loss:3.4007 lr_scale:1.000 muon_mom:0.950 train_time:9554405ms step_avg:191.47ms
step:50000/75000 train_loss:3.1704 lr_scale:1.000 muon_mom:0.950 train_time:9573583ms step_avg:191.47ms
step:50100/75000 train_loss:3.5125 lr_scale:1.000 muon_mom:0.950 train_time:9592740ms step_avg:191.47ms
step:50200/75000 train_loss:3.1334 lr_scale:1.000 muon_mom:0.950 train_time:9611834ms step_avg:191.47ms
step:50300/75000 train_loss:3.2470 lr_scale:1.000 muon_mom:0.950 train_time:9630995ms step_avg:191.47ms
step:50400/75000 train_loss:3.2404 lr_scale:1.000 muon_mom:0.950 train_time:9650178ms step_avg:191.47ms
step:50500/75000 train_loss:3.2574 lr_scale:1.000 muon_mom:0.950 train_time:9669265ms step_avg:191.47ms
step:50600/75000 train_loss:3.2764 lr_scale:1.000 muon_mom:0.950 train_time:9688350ms step_avg:191.47ms
step:50700/75000 train_loss:3.1082 lr_scale:1.000 muon_mom:0.950 train_time:9707515ms step_avg:191.47ms
step:50800/75000 train_loss:3.2641 lr_scale:1.000 muon_mom:0.950 train_time:9726694ms step_avg:191.47ms
step:50900/75000 train_loss:3.2022 lr_scale:1.000 muon_mom:0.950 train_time:9745851ms step_avg:191.47ms
step:51000/75000 train_loss:3.2547 lr_scale:1.000 muon_mom:0.950 train_time:9765021ms step_avg:191.47ms
step:51100/75000 train_loss:3.0769 lr_scale:1.000 muon_mom:0.950 train_time:9784226ms step_avg:191.47ms
step:51200/75000 train_loss:3.4099 lr_scale:1.000 muon_mom:0.950 train_time:9803420ms step_avg:191.47ms
step:51300/75000 train_loss:3.2527 lr_scale:1.000 muon_mom:0.950 train_time:9822506ms step_avg:191.47ms
step:51400/75000 train_loss:3.3101 lr_scale:1.000 muon_mom:0.950 train_time:9841672ms step_avg:191.47ms
step:51500/75000 train_loss:3.2274 lr_scale:1.000 muon_mom:0.950 train_time:9860850ms step_avg:191.47ms
step:51600/75000 train_loss:3.2417 lr_scale:1.000 muon_mom:0.950 train_time:9880005ms step_avg:191.47ms
step:51700/75000 train_loss:3.3434 lr_scale:1.000 muon_mom:0.950 train_time:9899100ms step_avg:191.47ms
step:51800/75000 train_loss:3.1690 lr_scale:1.000 muon_mom:0.950 train_time:9918257ms step_avg:191.47ms
step:51900/75000 train_loss:3.1732 lr_scale:1.000 muon_mom:0.950 train_time:9937434ms step_avg:191.47ms
step:52000/75000 train_loss:3.2424 lr_scale:1.000 muon_mom:0.950 train_time:9956528ms step_avg:191.47ms
step:52100/75000 train_loss:3.3394 lr_scale:1.000 muon_mom:0.950 train_time:9975621ms step_avg:191.47ms
step:52200/75000 train_loss:3.3109 lr_scale:1.000 muon_mom:0.950 train_time:9994788ms step_avg:191.47ms
step:52300/75000 train_loss:4.7215 lr_scale:1.000 muon_mom:0.950 train_time:10013969ms step_avg:191.47ms
step:52400/75000 train_loss:3.2078 lr_scale:1.000 muon_mom:0.950 train_time:10033123ms step_avg:191.47ms
step:52500/75000 train_loss:2.9582 lr_scale:1.000 muon_mom:0.950 train_time:10052283ms step_avg:191.47ms
step:52600/75000 train_loss:3.2048 lr_scale:1.000 muon_mom:0.950 train_time:10071375ms step_avg:191.47ms
step:52700/75000 train_loss:3.2115 lr_scale:1.000 muon_mom:0.950 train_time:10090546ms step_avg:191.47ms
step:52800/75000 train_loss:3.3363 lr_scale:1.000 muon_mom:0.950 train_time:10109636ms step_avg:191.47ms
step:52900/75000 train_loss:3.6157 lr_scale:1.000 muon_mom:0.950 train_time:10128797ms step_avg:191.47ms
step:53000/75000 train_loss:3.2338 lr_scale:1.000 muon_mom:0.950 train_time:10147888ms step_avg:191.47ms
step:53100/75000 train_loss:3.2678 lr_scale:1.000 muon_mom:0.950 train_time:10167128ms step_avg:191.47ms
step:53200/75000 train_loss:3.2139 lr_scale:1.000 muon_mom:0.950 train_time:10186295ms step_avg:191.47ms
step:53300/75000 train_loss:3.2608 lr_scale:1.000 muon_mom:0.950 train_time:10205388ms step_avg:191.47ms
step:53400/75000 train_loss:3.4973 lr_scale:1.000 muon_mom:0.950 train_time:10224480ms step_avg:191.47ms
step:53500/75000 train_loss:3.3719 lr_scale:1.000 muon_mom:0.950 train_time:10243660ms step_avg:191.47ms
step:53600/75000 train_loss:3.2362 lr_scale:1.000 muon_mom:0.950 train_time:10262820ms step_avg:191.47ms
step:53700/75000 train_loss:3.4626 lr_scale:1.000 muon_mom:0.950 train_time:10281912ms step_avg:191.47ms
step:53800/75000 train_loss:3.2717 lr_scale:1.000 muon_mom:0.950 train_time:10301146ms step_avg:191.47ms
step:53900/75000 train_loss:3.3028 lr_scale:1.000 muon_mom:0.950 train_time:10320241ms step_avg:191.47ms
step:54000/75000 train_loss:3.2682 lr_scale:1.000 muon_mom:0.950 train_time:10339403ms step_avg:191.47ms
step:54100/75000 train_loss:3.0759 lr_scale:1.000 muon_mom:0.950 train_time:10358497ms step_avg:191.47ms
step:54200/75000 train_loss:3.3357 lr_scale:1.000 muon_mom:0.950 train_time:10377673ms step_avg:191.47ms
step:54300/75000 train_loss:3.2818 lr_scale:1.000 muon_mom:0.950 train_time:10396767ms step_avg:191.47ms
step:54400/75000 train_loss:3.4620 lr_scale:1.000 muon_mom:0.950 train_time:10415936ms step_avg:191.47ms
step:54500/75000 train_loss:3.2827 lr_scale:1.000 muon_mom:0.950 train_time:10435029ms step_avg:191.47ms
step:54600/75000 train_loss:3.7329 lr_scale:1.000 muon_mom:0.950 train_time:10454275ms step_avg:191.47ms
step:54700/75000 train_loss:3.3178 lr_scale:1.000 muon_mom:0.950 train_time:10473432ms step_avg:191.47ms
step:54800/75000 train_loss:3.3601 lr_scale:1.000 muon_mom:0.950 train_time:10492523ms step_avg:191.47ms
step:54900/75000 train_loss:3.2164 lr_scale:1.000 muon_mom:0.950 train_time:10511619ms step_avg:191.47ms
step:55000/75000 train_loss:3.3011 lr_scale:1.000 muon_mom:0.950 train_time:10530793ms step_avg:191.47ms
step:55100/75000 train_loss:3.3190 lr_scale:1.000 muon_mom:0.950 train_time:10549964ms step_avg:191.47ms
step:55200/75000 train_loss:3.8960 lr_scale:1.000 muon_mom:0.950 train_time:10569056ms step_avg:191.47ms
step:55300/75000 train_loss:2.9515 lr_scale:1.000 muon_mom:0.950 train_time:10588225ms step_avg:191.47ms
step:55400/75000 train_loss:3.2329 lr_scale:1.000 muon_mom:0.950 train_time:10607404ms step_avg:191.47ms
step:55500/75000 train_loss:3.0004 lr_scale:1.000 muon_mom:0.950 train_time:10626579ms step_avg:191.47ms
step:55600/75000 train_loss:3.2842 lr_scale:1.000 muon_mom:0.950 train_time:10645677ms step_avg:191.47ms
step:55700/75000 train_loss:3.4094 lr_scale:1.000 muon_mom:0.950 train_time:10664869ms step_avg:191.47ms
step:55800/75000 train_loss:3.3237 lr_scale:1.000 muon_mom:0.950 train_time:10684134ms step_avg:191.47ms
step:55900/75000 train_loss:3.1799 lr_scale:1.000 muon_mom:0.950 train_time:10703227ms step_avg:191.47ms
step:56000/75000 train_loss:3.4144 lr_scale:1.000 muon_mom:0.950 train_time:10722380ms step_avg:191.47ms
step:56100/75000 train_loss:3.2483 lr_scale:1.000 muon_mom:0.950 train_time:10741549ms step_avg:191.47ms
step:56200/75000 train_loss:3.3838 lr_scale:1.000 muon_mom:0.950 train_time:10760708ms step_avg:191.47ms
step:56300/75000 train_loss:3.3117 lr_scale:1.000 muon_mom:0.950 train_time:10779810ms step_avg:191.47ms
step:56400/75000 train_loss:3.2426 lr_scale:1.000 muon_mom:0.950 train_time:10798900ms step_avg:191.47ms
step:56500/75000 train_loss:3.2702 lr_scale:1.000 muon_mom:0.950 train_time:10818071ms step_avg:191.47ms
step:56600/75000 train_loss:3.1991 lr_scale:1.000 muon_mom:0.950 train_time:10837227ms step_avg:191.47ms
step:56700/75000 train_loss:3.5819 lr_scale:1.000 muon_mom:0.950 train_time:10856320ms step_avg:191.47ms
step:56800/75000 train_loss:3.3616 lr_scale:1.000 muon_mom:0.950 train_time:10875468ms step_avg:191.47ms
step:56900/75000 train_loss:3.3050 lr_scale:1.000 muon_mom:0.950 train_time:10894713ms step_avg:191.47ms
step:57000/75000 train_loss:3.2824 lr_scale:1.000 muon_mom:0.950 train_time:10913812ms step_avg:191.47ms
step:57100/75000 train_loss:3.3397 lr_scale:1.000 muon_mom:0.950 train_time:10932910ms step_avg:191.47ms
step:57200/75000 train_loss:3.2694 lr_scale:1.000 muon_mom:0.950 train_time:10952007ms step_avg:191.47ms
step:57300/75000 train_loss:2.7735 lr_scale:1.000 muon_mom:0.950 train_time:10971268ms step_avg:191.47ms
step:57400/75000 train_loss:3.5167 lr_scale:1.000 muon_mom:0.950 train_time:10990363ms step_avg:191.47ms
step:57500/75000 train_loss:3.2868 lr_scale:1.000 muon_mom:0.950 train_time:11009529ms step_avg:191.47ms
step:57600/75000 train_loss:3.1404 lr_scale:1.000 muon_mom:0.950 train_time:11028621ms step_avg:191.47ms
step:57700/75000 train_loss:3.3283 lr_scale:1.000 muon_mom:0.950 train_time:11047888ms step_avg:191.47ms
step:57800/75000 train_loss:3.2350 lr_scale:1.000 muon_mom:0.950 train_time:11066974ms step_avg:191.47ms
step:57900/75000 train_loss:3.2868 lr_scale:1.000 muon_mom:0.950 train_time:11086069ms step_avg:191.47ms
step:58000/75000 train_loss:3.2575 lr_scale:1.000 muon_mom:0.950 train_time:11105313ms step_avg:191.47ms
step:58100/75000 train_loss:3.4809 lr_scale:1.000 muon_mom:0.950 train_time:11124405ms step_avg:191.47ms
step:58200/75000 train_loss:3.2596 lr_scale:1.000 muon_mom:0.950 train_time:11143497ms step_avg:191.47ms
step:58300/75000 train_loss:3.2690 lr_scale:1.000 muon_mom:0.950 train_time:11162661ms step_avg:191.47ms
step:58400/75000 train_loss:3.2638 lr_scale:1.000 muon_mom:0.950 train_time:11181914ms step_avg:191.47ms
step:58500/75000 train_loss:3.3455 lr_scale:1.000 muon_mom:0.950 train_time:11201013ms step_avg:191.47ms
step:58600/75000 train_loss:3.2623 lr_scale:1.000 muon_mom:0.950 train_time:11220110ms step_avg:191.47ms
step:58700/75000 train_loss:3.3035 lr_scale:1.000 muon_mom:0.950 train_time:11239209ms step_avg:191.47ms
step:58800/75000 train_loss:3.2480 lr_scale:1.000 muon_mom:0.950 train_time:11258470ms step_avg:191.47ms
step:58900/75000 train_loss:3.2553 lr_scale:1.000 muon_mom:0.950 train_time:11277563ms step_avg:191.47ms
step:59000/75000 train_loss:3.3535 lr_scale:1.000 muon_mom:0.950 train_time:11296723ms step_avg:191.47ms
step:59100/75000 train_loss:2.9521 lr_scale:1.000 muon_mom:0.950 train_time:11315871ms step_avg:191.47ms
step:59200/75000 train_loss:3.2541 lr_scale:1.000 muon_mom:0.950 train_time:11335048ms step_avg:191.47ms
step:59300/75000 train_loss:3.2831 lr_scale:1.000 muon_mom:0.950 train_time:11354145ms step_avg:191.47ms
step:59400/75000 train_loss:3.4989 lr_scale:1.000 muon_mom:0.950 train_time:11373238ms step_avg:191.47ms
step:59500/75000 train_loss:3.2397 lr_scale:1.000 muon_mom:0.950 train_time:11392409ms step_avg:191.47ms
step:59600/75000 train_loss:3.2378 lr_scale:1.000 muon_mom:0.950 train_time:11411585ms step_avg:191.47ms
step:59700/75000 train_loss:3.2996 lr_scale:1.000 muon_mom:0.950 train_time:11430764ms step_avg:191.47ms
step:59800/75000 train_loss:3.2410 lr_scale:1.000 muon_mom:0.950 train_time:11449861ms step_avg:191.47ms
step:59900/75000 train_loss:3.2820 lr_scale:1.000 muon_mom:0.950 train_time:11469118ms step_avg:191.47ms
step:60000/75000 train_loss:3.2039 lr_scale:1.000 muon_mom:0.950 train_time:11488212ms step_avg:191.47ms
step:60100/75000 train_loss:3.3668 lr_scale:0.993 muon_mom:0.950 train_time:11507305ms step_avg:191.47ms
step:60200/75000 train_loss:3.1041 lr_scale:0.987 muon_mom:0.950 train_time:11526402ms step_avg:191.47ms
step:60300/75000 train_loss:2.8697 lr_scale:0.980 muon_mom:0.950 train_time:11545641ms step_avg:191.47ms
step:60400/75000 train_loss:3.1637 lr_scale:0.973 muon_mom:0.950 train_time:11564733ms step_avg:191.47ms
step:60500/75000 train_loss:3.2104 lr_scale:0.967 muon_mom:0.950 train_time:11584001ms step_avg:191.47ms
step:60600/75000 train_loss:3.3248 lr_scale:0.960 muon_mom:0.950 train_time:11603156ms step_avg:191.47ms
step:60700/75000 train_loss:3.4330 lr_scale:0.953 muon_mom:0.950 train_time:11622313ms step_avg:191.47ms
step:60800/75000 train_loss:3.3271 lr_scale:0.947 muon_mom:0.950 train_time:11641405ms step_avg:191.47ms
step:60900/75000 train_loss:3.3339 lr_scale:0.940 muon_mom:0.950 train_time:11660498ms step_avg:191.47ms
step:61000/75000 train_loss:3.3741 lr_scale:0.933 muon_mom:0.950 train_time:11679659ms step_avg:191.47ms
step:61100/75000 train_loss:3.3679 lr_scale:0.927 muon_mom:0.950 train_time:11698837ms step_avg:191.47ms
step:61200/75000 train_loss:3.1530 lr_scale:0.920 muon_mom:0.950 train_time:11717996ms step_avg:191.47ms
step:61300/75000 train_loss:3.1870 lr_scale:0.913 muon_mom:0.950 train_time:11737144ms step_avg:191.47ms
step:61400/75000 train_loss:3.1333 lr_scale:0.907 muon_mom:0.950 train_time:11756247ms step_avg:191.47ms
step:61500/75000 train_loss:3.5578 lr_scale:0.900 muon_mom:0.950 train_time:11775411ms step_avg:191.47ms
step:61600/75000 train_loss:3.2273 lr_scale:0.893 muon_mom:0.950 train_time:11794499ms step_avg:191.47ms
step:61700/75000 train_loss:3.1693 lr_scale:0.887 muon_mom:0.950 train_time:11813664ms step_avg:191.47ms
step:61800/75000 train_loss:3.3315 lr_scale:0.880 muon_mom:0.950 train_time:11832827ms step_avg:191.47ms
step:61900/75000 train_loss:3.3584 lr_scale:0.873 muon_mom:0.950 train_time:11851975ms step_avg:191.47ms
step:62000/75000 train_loss:3.3067 lr_scale:0.867 muon_mom:0.950 train_time:11871070ms step_avg:191.47ms
step:62100/75000 train_loss:3.0856 lr_scale:0.860 muon_mom:0.950 train_time:11890234ms step_avg:191.47ms
step:62200/75000 train_loss:3.2145 lr_scale:0.853 muon_mom:0.950 train_time:11909425ms step_avg:191.47ms
step:62300/75000 train_loss:3.3929 lr_scale:0.847 muon_mom:0.950 train_time:11928518ms step_avg:191.47ms
step:62400/75000 train_loss:3.3548 lr_scale:0.840 muon_mom:0.950 train_time:11947610ms step_avg:191.47ms
step:62500/75000 train_loss:3.1295 lr_scale:0.833 muon_mom:0.950 train_time:11966799ms step_avg:191.47ms
step:62600/75000 train_loss:3.2436 lr_scale:0.827 muon_mom:0.950 train_time:11985981ms step_avg:191.47ms
step:62700/75000 train_loss:3.1700 lr_scale:0.820 muon_mom:0.950 train_time:12005139ms step_avg:191.47ms
step:62800/75000 train_loss:3.2823 lr_scale:0.813 muon_mom:0.950 train_time:12024306ms step_avg:191.47ms
step:62900/75000 train_loss:3.2097 lr_scale:0.807 muon_mom:0.950 train_time:12043393ms step_avg:191.47ms
step:63000/75000 train_loss:3.3611 lr_scale:0.800 muon_mom:0.950 train_time:12062551ms step_avg:191.47ms
step:63100/75000 train_loss:3.2283 lr_scale:0.793 muon_mom:0.950 train_time:12081640ms step_avg:191.47ms
step:63200/75000 train_loss:3.1395 lr_scale:0.787 muon_mom:0.950 train_time:12100812ms step_avg:191.47ms
step:63300/75000 train_loss:3.2720 lr_scale:0.780 muon_mom:0.950 train_time:12119899ms step_avg:191.47ms
step:63400/75000 train_loss:3.1519 lr_scale:0.773 muon_mom:0.950 train_time:12139111ms step_avg:191.47ms
step:63500/75000 train_loss:3.3513 lr_scale:0.767 muon_mom:0.950 train_time:12158199ms step_avg:191.47ms
step:63600/75000 train_loss:3.1571 lr_scale:0.760 muon_mom:0.950 train_time:12177353ms step_avg:191.47ms
step:63700/75000 train_loss:3.1352 lr_scale:0.753 muon_mom:0.950 train_time:12196442ms step_avg:191.47ms
step:63800/75000 train_loss:2.9964 lr_scale:0.747 muon_mom:0.950 train_time:12215597ms step_avg:191.47ms
step:63900/75000 train_loss:3.2489 lr_scale:0.740 muon_mom:0.950 train_time:12234751ms step_avg:191.47ms
step:64000/75000 train_loss:3.3820 lr_scale:0.733 muon_mom:0.950 train_time:12253846ms step_avg:191.47ms
step:64100/75000 train_loss:3.0281 lr_scale:0.727 muon_mom:0.950 train_time:12273019ms step_avg:191.47ms
step:64200/75000 train_loss:3.1737 lr_scale:0.720 muon_mom:0.950 train_time:12292174ms step_avg:191.47ms
step:64300/75000 train_loss:2.9359 lr_scale:0.713 muon_mom:0.950 train_time:12311333ms step_avg:191.47ms
step:64400/75000 train_loss:3.2509 lr_scale:0.707 muon_mom:0.950 train_time:12330429ms step_avg:191.47ms
step:64500/75000 train_loss:3.0554 lr_scale:0.700 muon_mom:0.950 train_time:12349615ms step_avg:191.47ms
step:64600/75000 train_loss:3.0503 lr_scale:0.693 muon_mom:0.950 train_time:12368707ms step_avg:191.47ms
step:64700/75000 train_loss:3.3419 lr_scale:0.687 muon_mom:0.950 train_time:12387868ms step_avg:191.47ms
step:64800/75000 train_loss:3.2373 lr_scale:0.680 muon_mom:0.950 train_time:12406967ms step_avg:191.47ms
step:64900/75000 train_loss:3.1872 lr_scale:0.673 muon_mom:0.950 train_time:12426213ms step_avg:191.47ms
step:65000/75000 train_loss:2.8236 lr_scale:0.667 muon_mom:0.950 train_time:12445374ms step_avg:191.47ms
step:65100/75000 train_loss:3.3169 lr_scale:0.660 muon_mom:0.950 train_time:12464471ms step_avg:191.47ms
step:65200/75000 train_loss:3.0463 lr_scale:0.653 muon_mom:0.950 train_time:12483669ms step_avg:191.47ms
step:65300/75000 train_loss:3.3189 lr_scale:0.647 muon_mom:0.950 train_time:12502832ms step_avg:191.47ms
step:65400/75000 train_loss:3.3843 lr_scale:0.640 muon_mom:0.950 train_time:12521996ms step_avg:191.47ms
step:65500/75000 train_loss:3.2261 lr_scale:0.633 muon_mom:0.950 train_time:12541091ms step_avg:191.47ms
step:65600/75000 train_loss:3.3560 lr_scale:0.627 muon_mom:0.950 train_time:12560246ms step_avg:191.47ms
step:65700/75000 train_loss:3.4172 lr_scale:0.620 muon_mom:0.950 train_time:12579421ms step_avg:191.47ms
step:65800/75000 train_loss:3.2791 lr_scale:0.613 muon_mom:0.950 train_time:12598582ms step_avg:191.47ms
step:65900/75000 train_loss:3.0574 lr_scale:0.607 muon_mom:0.950 train_time:12617677ms step_avg:191.47ms
step:66000/75000 train_loss:3.0253 lr_scale:0.600 muon_mom:0.950 train_time:12636851ms step_avg:191.47ms
step:66100/75000 train_loss:3.2654 lr_scale:0.593 muon_mom:0.950 train_time:12655958ms step_avg:191.47ms
step:66200/75000 train_loss:3.2829 lr_scale:0.587 muon_mom:0.950 train_time:12675122ms step_avg:191.47ms
step:66300/75000 train_loss:3.2640 lr_scale:0.580 muon_mom:0.950 train_time:12694219ms step_avg:191.47ms
step:66400/75000 train_loss:3.3293 lr_scale:0.573 muon_mom:0.950 train_time:12713448ms step_avg:191.47ms
step:66500/75000 train_loss:3.0592 lr_scale:0.567 muon_mom:0.950 train_time:12732609ms step_avg:191.47ms
step:66600/75000 train_loss:3.2641 lr_scale:0.560 muon_mom:0.950 train_time:12751699ms step_avg:191.47ms
step:66700/75000 train_loss:3.2732 lr_scale:0.553 muon_mom:0.950 train_time:12770789ms step_avg:191.47ms
step:66800/75000 train_loss:3.2380 lr_scale:0.547 muon_mom:0.950 train_time:12789951ms step_avg:191.47ms
step:66900/75000 train_loss:3.0310 lr_scale:0.540 muon_mom:0.950 train_time:12809111ms step_avg:191.47ms
step:67000/75000 train_loss:3.2258 lr_scale:0.533 muon_mom:0.950 train_time:12828213ms step_avg:191.47ms
step:67100/75000 train_loss:3.1625 lr_scale:0.527 muon_mom:0.950 train_time:12847395ms step_avg:191.47ms
step:67200/75000 train_loss:3.2788 lr_scale:0.520 muon_mom:0.950 train_time:12866640ms step_avg:191.47ms
step:67300/75000 train_loss:3.3090 lr_scale:0.513 muon_mom:0.950 train_time:12885729ms step_avg:191.47ms
step:67400/75000 train_loss:3.3347 lr_scale:0.507 muon_mom:0.950 train_time:12904828ms step_avg:191.47ms
step:67500/75000 train_loss:3.2275 lr_scale:0.500 muon_mom:0.950 train_time:12923931ms step_avg:191.47ms
step:67600/75000 train_loss:3.3879 lr_scale:0.493 muon_mom:0.950 train_time:12943215ms step_avg:191.47ms
step:67700/75000 train_loss:3.3299 lr_scale:0.487 muon_mom:0.950 train_time:12962317ms step_avg:191.47ms
step:67800/75000 train_loss:3.1380 lr_scale:0.480 muon_mom:0.950 train_time:12981480ms step_avg:191.47ms
step:67900/75000 train_loss:3.1332 lr_scale:0.473 muon_mom:0.950 train_time:13000664ms step_avg:191.47ms
step:68000/75000 train_loss:3.3606 lr_scale:0.467 muon_mom:0.950 train_time:13019821ms step_avg:191.47ms
step:68100/75000 train_loss:3.1104 lr_scale:0.460 muon_mom:0.950 train_time:13038921ms step_avg:191.47ms
step:68200/75000 train_loss:3.2657 lr_scale:0.453 muon_mom:0.950 train_time:13058022ms step_avg:191.47ms
step:68300/75000 train_loss:3.0147 lr_scale:0.447 muon_mom:0.950 train_time:13077182ms step_avg:191.47ms
step:68400/75000 train_loss:3.1679 lr_scale:0.440 muon_mom:0.950 train_time:13096340ms step_avg:191.47ms
step:68500/75000 train_loss:3.1375 lr_scale:0.433 muon_mom:0.950 train_time:13115431ms step_avg:191.47ms
step:68600/75000 train_loss:3.2602 lr_scale:0.427 muon_mom:0.950 train_time:13134581ms step_avg:191.47ms
step:68700/75000 train_loss:2.9842 lr_scale:0.420 muon_mom:0.950 train_time:13153810ms step_avg:191.47ms
step:68800/75000 train_loss:3.1626 lr_scale:0.413 muon_mom:0.950 train_time:13172901ms step_avg:191.47ms
step:68900/75000 train_loss:3.2979 lr_scale:0.407 muon_mom:0.950 train_time:13191992ms step_avg:191.47ms
step:69000/75000 train_loss:3.0098 lr_scale:0.400 muon_mom:0.950 train_time:13211081ms step_avg:191.46ms
step:69100/75000 train_loss:3.1562 lr_scale:0.393 muon_mom:0.950 train_time:13230311ms step_avg:191.47ms
step:69200/75000 train_loss:3.3042 lr_scale:0.387 muon_mom:0.950 train_time:13249402ms step_avg:191.47ms
step:69300/75000 train_loss:3.1469 lr_scale:0.380 muon_mom:0.950 train_time:13268554ms step_avg:191.47ms
step:69400/75000 train_loss:2.9928 lr_scale:0.373 muon_mom:0.950 train_time:13287651ms step_avg:191.46ms
step:69500/75000 train_loss:2.9693 lr_scale:0.367 muon_mom:0.950 train_time:13306875ms step_avg:191.47ms
step:69600/75000 train_loss:3.2631 lr_scale:0.360 muon_mom:0.950 train_time:13325964ms step_avg:191.47ms
step:69700/75000 train_loss:3.3227 lr_scale:0.353 muon_mom:0.950 train_time:13345053ms step_avg:191.46ms
step:69800/75000 train_loss:3.3290 lr_scale:0.347 muon_mom:0.950 train_time:13364208ms step_avg:191.46ms
step:69900/75000 train_loss:3.1833 lr_scale:0.340 muon_mom:0.950 train_time:13383487ms step_avg:191.47ms
step:70000/75000 train_loss:3.1684 lr_scale:0.333 muon_mom:0.950 train_time:13402653ms step_avg:191.47ms
step:70100/75000 train_loss:3.1763 lr_scale:0.327 muon_mom:0.950 train_time:13421745ms step_avg:191.47ms
step:70200/75000 train_loss:3.0415 lr_scale:0.320 muon_mom:0.950 train_time:13440982ms step_avg:191.47ms
step:70300/75000 train_loss:2.9576 lr_scale:0.313 muon_mom:0.950 train_time:13460071ms step_avg:191.47ms
step:70400/75000 train_loss:2.9178 lr_scale:0.307 muon_mom:0.950 train_time:13479160ms step_avg:191.47ms
step:70500/75000 train_loss:3.2959 lr_scale:0.300 muon_mom:0.950 train_time:13498251ms step_avg:191.46ms
step:70600/75000 train_loss:3.0792 lr_scale:0.293 muon_mom:0.950 train_time:13517489ms step_avg:191.47ms
step:70700/75000 train_loss:3.0673 lr_scale:0.287 muon_mom:0.950 train_time:13536579ms step_avg:191.47ms
step:70800/75000 train_loss:3.0666 lr_scale:0.280 muon_mom:0.950 train_time:13555727ms step_avg:191.47ms
step:70900/75000 train_loss:3.0013 lr_scale:0.273 muon_mom:0.950 train_time:13574885ms step_avg:191.47ms
step:71000/75000 train_loss:3.3085 lr_scale:0.267 muon_mom:0.950 train_time:13594062ms step_avg:191.47ms
step:71100/75000 train_loss:3.1879 lr_scale:0.260 muon_mom:0.950 train_time:13613152ms step_avg:191.46ms
step:71200/75000 train_loss:3.1911 lr_scale:0.253 muon_mom:0.950 train_time:13632249ms step_avg:191.46ms
step:71300/75000 train_loss:3.1409 lr_scale:0.247 muon_mom:0.950 train_time:13651409ms step_avg:191.46ms
step:71400/75000 train_loss:3.0287 lr_scale:0.240 muon_mom:0.950 train_time:13670587ms step_avg:191.46ms
step:71500/75000 train_loss:3.2261 lr_scale:0.233 muon_mom:0.950 train_time:13689740ms step_avg:191.46ms
step:71600/75000 train_loss:3.1165 lr_scale:0.227 muon_mom:0.950 train_time:13708836ms step_avg:191.46ms
step:71700/75000 train_loss:3.2510 lr_scale:0.220 muon_mom:0.950 train_time:13728000ms step_avg:191.46ms
step:71800/75000 train_loss:3.0949 lr_scale:0.213 muon_mom:0.950 train_time:13747178ms step_avg:191.46ms
step:71900/75000 train_loss:2.8513 lr_scale:0.207 muon_mom:0.950 train_time:13766274ms step_avg:191.46ms
step:72000/75000 train_loss:3.1081 lr_scale:0.200 muon_mom:0.950 train_time:13785373ms step_avg:191.46ms
step:72100/75000 train_loss:2.9877 lr_scale:0.193 muon_mom:0.950 train_time:13804634ms step_avg:191.47ms
step:72200/75000 train_loss:3.0909 lr_scale:0.187 muon_mom:0.950 train_time:13823732ms step_avg:191.46ms
step:72300/75000 train_loss:3.1417 lr_scale:0.180 muon_mom:0.950 train_time:13842921ms step_avg:191.47ms
step:72400/75000 train_loss:3.5910 lr_scale:0.173 muon_mom:0.950 train_time:13862105ms step_avg:191.47ms
step:72500/75000 train_loss:3.0801 lr_scale:0.167 muon_mom:0.950 train_time:13881301ms step_avg:191.47ms
step:72600/75000 train_loss:3.4215 lr_scale:0.160 muon_mom:0.950 train_time:13900398ms step_avg:191.47ms
step:72700/75000 train_loss:3.1242 lr_scale:0.153 muon_mom:0.950 train_time:13919499ms step_avg:191.46ms
step:72800/75000 train_loss:3.1792 lr_scale:0.147 muon_mom:0.950 train_time:13938678ms step_avg:191.47ms
step:72900/75000 train_loss:3.0467 lr_scale:0.140 muon_mom:0.950 train_time:13957840ms step_avg:191.47ms
step:73000/75000 train_loss:3.2197 lr_scale:0.133 muon_mom:0.950 train_time:13977018ms step_avg:191.47ms
step:73100/75000 train_loss:3.0599 lr_scale:0.127 muon_mom:0.950 train_time:13996195ms step_avg:191.47ms
step:73200/75000 train_loss:3.1529 lr_scale:0.120 muon_mom:0.950 train_time:14015292ms step_avg:191.47ms
step:73300/75000 train_loss:3.1963 lr_scale:0.113 muon_mom:0.950 train_time:14034470ms step_avg:191.47ms
step:73400/75000 train_loss:3.0655 lr_scale:0.107 muon_mom:0.950 train_time:14053571ms step_avg:191.47ms
step:73500/75000 train_loss:3.2476 lr_scale:0.100 muon_mom:0.950 train_time:14072764ms step_avg:191.47ms
step:73600/75000 train_loss:2.8219 lr_scale:0.100 muon_mom:0.950 train_time:14091864ms step_avg:191.47ms
step:73700/75000 train_loss:2.9683 lr_scale:0.100 muon_mom:0.950 train_time:14111120ms step_avg:191.47ms
step:73800/75000 train_loss:3.0396 lr_scale:0.100 muon_mom:0.950 train_time:14130219ms step_avg:191.47ms
step:73900/75000 train_loss:3.0719 lr_scale:0.100 muon_mom:0.950 train_time:14149394ms step_avg:191.47ms
step:74000/75000 train_loss:2.9837 lr_scale:0.100 muon_mom:0.950 train_time:14168491ms step_avg:191.47ms
step:74100/75000 train_loss:3.1056 lr_scale:0.100 muon_mom:0.950 train_time:14187679ms step_avg:191.47ms
step:74200/75000 train_loss:3.0238 lr_scale:0.100 muon_mom:0.950 train_time:14206776ms step_avg:191.47ms
step:74300/75000 train_loss:3.1429 lr_scale:0.100 muon_mom:0.950 train_time:14225948ms step_avg:191.47ms
step:74400/75000 train_loss:2.8357 lr_scale:0.100 muon_mom:0.950 train_time:14245146ms step_avg:191.47ms
step:74500/75000 train_loss:3.2598 lr_scale:0.100 muon_mom:0.950 train_time:14264323ms step_avg:191.47ms
step:74600/75000 train_loss:3.1959 lr_scale:0.100 muon_mom:0.950 train_time:14283612ms step_avg:191.47ms
step:74700/75000 train_loss:2.5948 lr_scale:0.100 muon_mom:0.950 train_time:14302713ms step_avg:191.47ms
step:74800/75000 train_loss:3.3045 lr_scale:0.100 muon_mom:0.950 train_time:14321908ms step_avg:191.47ms
step:74900/75000 train_loss:3.1898 lr_scale:0.100 muon_mom:0.950 train_time:14341016ms step_avg:191.47ms
step:75000/75000 train_loss:3.0369 lr_scale:0.100 muon_mom:0.950 train_time:14360221ms step_avg:191.47ms
peak memory allocated: 8540 MiB reserved: 10100 MiB
fp_final_saved step:75000 path:artifacts_submission_3seed_wd15k_20260524/seed_999/fp_final_seed999_step75000.pt bytes:92607290
val_tokens:40534017 eval_ctx:8192 eval_stride:8192 val_token_limit:0
final_fp val_loss:3.1599 val_bpb:1.2233 eval_time:71793ms
final_fp_exact val_loss:3.15990415 val_bpb:1.22328895
quant_stats:int6=36 int8=1 passthrough=28 param_count=23146538
baseline_bytes:92586152 stored_bytes:23229780
compressed_blob_bytes:15674148 code_bytes:62830 total:15736978
target_artifact_bytes:16000000 headroom:263022
final_quant_roundtrip val_loss:3.1955 val_bpb:1.2371 eval_time:71145ms artifact_bytes:15736978
final_quant_roundtrip_exact val_loss:3.19549252 val_bpb:1.23706622
