====================================================================================================
Running Python 3.12.3 (main, Nov  6 2025, 13:44:16) [GCC 13.3.0]
Running PyTorch 2.9.1+cu128
Sun May 24 21:18:04 2026       
+-----------------------------------------------------------------------------------------+
| NVIDIA-SMI 570.195.03             Driver Version: 570.195.03     CUDA Version: 12.8     |
|-----------------------------------------+------------------------+----------------------+
| GPU  Name                 Persistence-M | Bus-Id          Disp.A | Volatile Uncorr. ECC |
| Fan  Temp   Perf          Pwr:Usage/Cap |           Memory-Usage | GPU-Util  Compute M. |
|                                         |                        |               MIG M. |
|=========================================+========================+======================|
|   0  NVIDIA H100 80GB HBM3          On  |   00000000:05:00.0 Off |                    0 |
| N/A   37C    P0            119W /  700W |    1519MiB /  81559MiB |      0%      Default |
|                                         |                        |             Disabled |
+-----------------------------------------+------------------------+----------------------+
|   1  NVIDIA H100 80GB HBM3          On  |   00000000:06:00.0 Off |                    0 |
| N/A   32C    P0            115W /  700W |    1519MiB /  81559MiB |      0%      Default |
|                                         |                        |             Disabled |
+-----------------------------------------+------------------------+----------------------+
|   2  NVIDIA H100 80GB HBM3          On  |   00000000:07:00.0 Off |                    0 |
| N/A   31C    P0            121W /  700W |    1519MiB /  81559MiB |      0%      Default |
|                                         |                        |             Disabled |
+-----------------------------------------+------------------------+----------------------+
|   3  NVIDIA H100 80GB HBM3          On  |   00000000:08:00.0 Off |                    0 |
| N/A   37C    P0            120W /  700W |    1519MiB /  81559MiB |      0%      Default |
|                                         |                        |             Disabled |
+-----------------------------------------+------------------------+----------------------+
|   4  NVIDIA H100 80GB HBM3          On  |   00000000:09:00.0 Off |                    0 |
| N/A   36C    P0            117W /  700W |    1519MiB /  81559MiB |      0%      Default |
|                                         |                        |             Disabled |
+-----------------------------------------+------------------------+----------------------+
|   5  NVIDIA H100 80GB HBM3          On  |   00000000:0A:00.0 Off |                    0 |
| N/A   31C    P0            115W /  700W |    1519MiB /  81559MiB |      0%      Default |
|                                         |                        |             Disabled |
+-----------------------------------------+------------------------+----------------------+
|   6  NVIDIA H100 80GB HBM3          On  |   00000000:0B:00.0 Off |                    0 |
| N/A   30C    P0            116W /  700W |    1519MiB /  81559MiB |      0%      Default |
|                                         |                        |             Disabled |
+-----------------------------------------+------------------------+----------------------+
|   7  NVIDIA H100 80GB HBM3          On  |   00000000:0C:00.0 Off |                    0 |
| N/A   37C    P0            118W /  700W |    1519MiB /  81559MiB |      0%      Default |
|                                         |                        |             Disabled |
+-----------------------------------------+------------------------+----------------------+
                                                                                         
+-----------------------------------------------------------------------------------------+
| Processes:                                                                              |
|  GPU   GI   CI              PID   Type   Process name                        GPU Memory |
|        ID   ID                                                               Usage      |
|=========================================================================================|
|    0   N/A  N/A             772      C   /usr/local/bin/python                  1510MiB |
|    1   N/A  N/A             773      C   /usr/local/bin/python                  1510MiB |
|    2   N/A  N/A             774      C   /usr/local/bin/python                  1510MiB |
|    3   N/A  N/A             775      C   /usr/local/bin/python                  1510MiB |
|    4   N/A  N/A             776      C   /usr/local/bin/python                  1510MiB |
|    5   N/A  N/A             777      C   /usr/local/bin/python                  1622MiB |
|    6   N/A  N/A             778      C   /usr/local/bin/python                  1510MiB |
|    7   N/A  N/A             779      C   /usr/local/bin/python                  1510MiB |
+-----------------------------------------------------------------------------------------+

====================================================================================================
submission:UT-K6 RLMA(rank=320,on=1) TTT(on=0,iters=(3, 4, 5),chunk=32) vocab=8192 d_model=1024 d_ff=3072 heads=8/4/128 seq=8192 batch_tokens=262144 iter=75000
model_params:23146538
world_size:8 grad_accum_steps:1
opt_split:matrix=14745600 scalar=12330 embed=8388608
residual_scale:0.35355
starting training: iterations=75000 warmup=500 warmdown=15000
step:1/75000 train_loss:14.9297 lr_scale:0.000 muon_mom:0.850 train_time:873ms step_avg:872.73ms
step:2/75000 train_loss:14.8740 lr_scale:0.002 muon_mom:0.850 train_time:1035ms step_avg:517.69ms
step:3/75000 train_loss:14.9119 lr_scale:0.004 muon_mom:0.850 train_time:1247ms step_avg:415.50ms
step:4/75000 train_loss:14.9236 lr_scale:0.006 muon_mom:0.851 train_time:1443ms step_avg:360.82ms
step:5/75000 train_loss:14.9264 lr_scale:0.008 muon_mom:0.851 train_time:1639ms step_avg:327.89ms
step:6/75000 train_loss:14.8963 lr_scale:0.010 muon_mom:0.851 train_time:1837ms step_avg:306.18ms
step:7/75000 train_loss:14.8647 lr_scale:0.012 muon_mom:0.851 train_time:2034ms step_avg:290.56ms
step:8/75000 train_loss:14.8019 lr_scale:0.014 muon_mom:0.851 train_time:2230ms step_avg:278.80ms
step:9/75000 train_loss:14.7536 lr_scale:0.016 muon_mom:0.852 train_time:2428ms step_avg:269.75ms
step:10/75000 train_loss:14.7071 lr_scale:0.018 muon_mom:0.852 train_time:2624ms step_avg:262.44ms
step:100/75000 train_loss:5.4867 lr_scale:0.198 muon_mom:0.870 train_time:19863ms step_avg:198.63ms
step:200/75000 train_loss:4.9713 lr_scale:0.398 muon_mom:0.890 train_time:39093ms step_avg:195.47ms
step:300/75000 train_loss:4.5372 lr_scale:0.598 muon_mom:0.910 train_time:58230ms step_avg:194.10ms
step:400/75000 train_loss:4.3220 lr_scale:0.798 muon_mom:0.930 train_time:80337ms step_avg:200.84ms
step:500/75000 train_loss:4.0684 lr_scale:0.998 muon_mom:0.950 train_time:99471ms step_avg:198.94ms
step:600/75000 train_loss:3.5006 lr_scale:1.000 muon_mom:0.950 train_time:118680ms step_avg:197.80ms
step:700/75000 train_loss:3.5410 lr_scale:1.000 muon_mom:0.950 train_time:137773ms step_avg:196.82ms
step:800/75000 train_loss:3.7795 lr_scale:1.000 muon_mom:0.950 train_time:159619ms step_avg:199.52ms
step:900/75000 train_loss:3.8029 lr_scale:1.000 muon_mom:0.950 train_time:178803ms step_avg:198.67ms
step:1000/75000 train_loss:3.4112 lr_scale:1.000 muon_mom:0.950 train_time:197884ms step_avg:197.88ms
step:1100/75000 train_loss:3.4257 lr_scale:1.000 muon_mom:0.950 train_time:216964ms step_avg:197.24ms
step:1200/75000 train_loss:3.6730 lr_scale:1.000 muon_mom:0.950 train_time:239033ms step_avg:199.19ms
step:1300/75000 train_loss:3.5979 lr_scale:1.000 muon_mom:0.950 train_time:258199ms step_avg:198.61ms
step:1400/75000 train_loss:3.5326 lr_scale:1.000 muon_mom:0.950 train_time:277276ms step_avg:198.05ms
step:1500/75000 train_loss:3.5637 lr_scale:1.000 muon_mom:0.950 train_time:296436ms step_avg:197.62ms
step:1600/75000 train_loss:3.4159 lr_scale:1.000 muon_mom:0.950 train_time:318693ms step_avg:199.18ms
step:1700/75000 train_loss:3.4694 lr_scale:1.000 muon_mom:0.950 train_time:337859ms step_avg:198.74ms
step:1800/75000 train_loss:3.4414 lr_scale:1.000 muon_mom:0.950 train_time:356938ms step_avg:198.30ms
step:1900/75000 train_loss:3.6249 lr_scale:1.000 muon_mom:0.950 train_time:376016ms step_avg:197.90ms
step:2000/75000 train_loss:3.4355 lr_scale:1.000 muon_mom:0.950 train_time:399154ms step_avg:199.58ms
step:2100/75000 train_loss:3.5383 lr_scale:1.000 muon_mom:0.950 train_time:418244ms step_avg:199.16ms
step:2200/75000 train_loss:3.2214 lr_scale:1.000 muon_mom:0.950 train_time:437414ms step_avg:198.82ms
step:2300/75000 train_loss:3.4602 lr_scale:1.000 muon_mom:0.950 train_time:459533ms step_avg:199.80ms
step:2400/75000 train_loss:3.5457 lr_scale:1.000 muon_mom:0.950 train_time:478702ms step_avg:199.46ms
step:2500/75000 train_loss:3.4237 lr_scale:1.000 muon_mom:0.950 train_time:497785ms step_avg:199.11ms
step:2600/75000 train_loss:3.4926 lr_scale:1.000 muon_mom:0.950 train_time:516866ms step_avg:198.79ms
step:2700/75000 train_loss:3.3527 lr_scale:1.000 muon_mom:0.950 train_time:539829ms step_avg:199.94ms
step:2800/75000 train_loss:3.5345 lr_scale:1.000 muon_mom:0.950 train_time:559010ms step_avg:199.65ms
step:2900/75000 train_loss:3.5253 lr_scale:1.000 muon_mom:0.950 train_time:578094ms step_avg:199.34ms
step:3000/75000 train_loss:3.4715 lr_scale:1.000 muon_mom:0.950 train_time:597261ms step_avg:199.09ms
step:3100/75000 train_loss:3.4205 lr_scale:1.000 muon_mom:0.950 train_time:619988ms step_avg:200.00ms
step:3200/75000 train_loss:3.6972 lr_scale:1.000 muon_mom:0.950 train_time:639071ms step_avg:199.71ms
step:3300/75000 train_loss:3.4784 lr_scale:1.000 muon_mom:0.950 train_time:658152ms step_avg:199.44ms
step:3400/75000 train_loss:3.4513 lr_scale:1.000 muon_mom:0.950 train_time:677232ms step_avg:199.19ms
step:3500/75000 train_loss:3.3308 lr_scale:1.000 muon_mom:0.950 train_time:699650ms step_avg:199.90ms
step:3600/75000 train_loss:3.2979 lr_scale:1.000 muon_mom:0.950 train_time:718838ms step_avg:199.68ms
step:3700/75000 train_loss:3.5052 lr_scale:1.000 muon_mom:0.950 train_time:738001ms step_avg:199.46ms
step:3800/75000 train_loss:3.4616 lr_scale:1.000 muon_mom:0.950 train_time:757081ms step_avg:199.23ms
step:3900/75000 train_loss:3.5681 lr_scale:1.000 muon_mom:0.950 train_time:779238ms step_avg:199.80ms
step:4000/75000 train_loss:3.7181 lr_scale:1.000 muon_mom:0.950 train_time:798320ms step_avg:199.58ms
step:4100/75000 train_loss:3.3459 lr_scale:1.000 muon_mom:0.950 train_time:817401ms step_avg:199.37ms
step:4200/75000 train_loss:3.4630 lr_scale:1.000 muon_mom:0.950 train_time:839533ms step_avg:199.89ms
step:4300/75000 train_loss:3.2859 lr_scale:1.000 muon_mom:0.950 train_time:858625ms step_avg:199.68ms
step:4400/75000 train_loss:3.5479 lr_scale:1.000 muon_mom:0.950 train_time:877705ms step_avg:199.48ms
step:4500/75000 train_loss:3.3343 lr_scale:1.000 muon_mom:0.950 train_time:896889ms step_avg:199.31ms
step:4600/75000 train_loss:3.4945 lr_scale:1.000 muon_mom:0.950 train_time:919151ms step_avg:199.82ms
step:4700/75000 train_loss:3.4008 lr_scale:1.000 muon_mom:0.950 train_time:938236ms step_avg:199.62ms
step:4800/75000 train_loss:3.4652 lr_scale:1.000 muon_mom:0.950 train_time:957321ms step_avg:199.44ms
step:4900/75000 train_loss:3.3002 lr_scale:1.000 muon_mom:0.950 train_time:976403ms step_avg:199.27ms
step:5000/75000 train_loss:3.5616 lr_scale:1.000 muon_mom:0.950 train_time:998739ms step_avg:199.75ms
step:5100/75000 train_loss:3.4542 lr_scale:1.000 muon_mom:0.950 train_time:1017821ms step_avg:199.57ms
step:5200/75000 train_loss:3.5233 lr_scale:1.000 muon_mom:0.950 train_time:1036989ms step_avg:199.42ms
step:5300/75000 train_loss:3.1981 lr_scale:1.000 muon_mom:0.950 train_time:1056169ms step_avg:199.28ms
step:5400/75000 train_loss:3.4065 lr_scale:1.000 muon_mom:0.950 train_time:1078324ms step_avg:199.69ms
step:5500/75000 train_loss:3.2499 lr_scale:1.000 muon_mom:0.950 train_time:1097412ms step_avg:199.53ms
step:5600/75000 train_loss:4.5363 lr_scale:1.000 muon_mom:0.950 train_time:1116503ms step_avg:199.38ms
step:5700/75000 train_loss:3.4598 lr_scale:1.000 muon_mom:0.950 train_time:1135694ms step_avg:199.24ms
step:5800/75000 train_loss:3.4278 lr_scale:1.000 muon_mom:0.950 train_time:1158938ms step_avg:199.82ms
step:5900/75000 train_loss:3.4745 lr_scale:1.000 muon_mom:0.950 train_time:1178108ms step_avg:199.68ms
step:6000/75000 train_loss:3.3700 lr_scale:1.000 muon_mom:0.950 train_time:1197194ms step_avg:199.53ms
step:6100/75000 train_loss:3.4719 lr_scale:1.000 muon_mom:0.950 train_time:1216368ms step_avg:199.40ms
step:6200/75000 train_loss:3.2901 lr_scale:1.000 muon_mom:0.950 train_time:1238896ms step_avg:199.82ms
step:6300/75000 train_loss:3.4052 lr_scale:1.000 muon_mom:0.950 train_time:1257981ms step_avg:199.68ms
step:6400/75000 train_loss:3.3478 lr_scale:1.000 muon_mom:0.950 train_time:1277067ms step_avg:199.54ms
step:6500/75000 train_loss:3.3192 lr_scale:1.000 muon_mom:0.950 train_time:1299387ms step_avg:199.91ms
step:6600/75000 train_loss:3.4717 lr_scale:1.000 muon_mom:0.950 train_time:1318479ms step_avg:199.77ms
step:6700/75000 train_loss:3.3370 lr_scale:1.000 muon_mom:0.950 train_time:1337649ms step_avg:199.65ms
step:6800/75000 train_loss:3.5398 lr_scale:1.000 muon_mom:0.950 train_time:1356797ms step_avg:199.53ms
step:6900/75000 train_loss:3.3991 lr_scale:1.000 muon_mom:0.950 train_time:1379334ms step_avg:199.90ms
step:7000/75000 train_loss:3.4696 lr_scale:1.000 muon_mom:0.950 train_time:1398423ms step_avg:199.77ms
step:7100/75000 train_loss:3.2638 lr_scale:1.000 muon_mom:0.950 train_time:1417513ms step_avg:199.65ms
step:7200/75000 train_loss:3.3530 lr_scale:1.000 muon_mom:0.950 train_time:1436683ms step_avg:199.54ms
step:7300/75000 train_loss:3.3593 lr_scale:1.000 muon_mom:0.950 train_time:1455842ms step_avg:199.43ms
step:7400/75000 train_loss:3.4405 lr_scale:1.000 muon_mom:0.950 train_time:1474984ms step_avg:199.32ms
step:7500/75000 train_loss:2.7394 lr_scale:1.000 muon_mom:0.950 train_time:1494127ms step_avg:199.22ms
step:7600/75000 train_loss:3.3609 lr_scale:1.000 muon_mom:0.950 train_time:1513211ms step_avg:199.11ms
step:7700/75000 train_loss:3.3170 lr_scale:1.000 muon_mom:0.950 train_time:1532393ms step_avg:199.01ms
step:7800/75000 train_loss:3.3249 lr_scale:1.000 muon_mom:0.950 train_time:1551479ms step_avg:198.91ms
step:7900/75000 train_loss:3.2626 lr_scale:1.000 muon_mom:0.950 train_time:1570634ms step_avg:198.81ms
step:8000/75000 train_loss:3.2407 lr_scale:1.000 muon_mom:0.950 train_time:1589720ms step_avg:198.71ms
step:8100/75000 train_loss:3.3461 lr_scale:1.000 muon_mom:0.950 train_time:1608937ms step_avg:198.63ms
step:8200/75000 train_loss:3.2662 lr_scale:1.000 muon_mom:0.950 train_time:1628132ms step_avg:198.55ms
step:8300/75000 train_loss:3.3778 lr_scale:1.000 muon_mom:0.950 train_time:1647288ms step_avg:198.47ms
step:8400/75000 train_loss:3.3920 lr_scale:1.000 muon_mom:0.950 train_time:1666452ms step_avg:198.39ms
step:8500/75000 train_loss:3.4304 lr_scale:1.000 muon_mom:0.950 train_time:1685540ms step_avg:198.30ms
step:8600/75000 train_loss:3.2271 lr_scale:1.000 muon_mom:0.950 train_time:1704626ms step_avg:198.21ms
step:8700/75000 train_loss:3.3813 lr_scale:1.000 muon_mom:0.950 train_time:1723781ms step_avg:198.14ms
step:8800/75000 train_loss:3.3787 lr_scale:1.000 muon_mom:0.950 train_time:1742969ms step_avg:198.06ms
step:8900/75000 train_loss:3.4131 lr_scale:1.000 muon_mom:0.950 train_time:1762125ms step_avg:197.99ms
step:9000/75000 train_loss:3.4356 lr_scale:1.000 muon_mom:0.950 train_time:1781275ms step_avg:197.92ms
step:9100/75000 train_loss:3.5257 lr_scale:1.000 muon_mom:0.950 train_time:1800365ms step_avg:197.84ms
step:9200/75000 train_loss:3.4282 lr_scale:1.000 muon_mom:0.950 train_time:1819553ms step_avg:197.78ms
step:9300/75000 train_loss:3.2965 lr_scale:1.000 muon_mom:0.950 train_time:1838649ms step_avg:197.70ms
step:9400/75000 train_loss:3.4328 lr_scale:1.000 muon_mom:0.950 train_time:1857803ms step_avg:197.64ms
step:9500/75000 train_loss:3.3406 lr_scale:1.000 muon_mom:0.950 train_time:1876888ms step_avg:197.57ms
step:9600/75000 train_loss:3.4236 lr_scale:1.000 muon_mom:0.950 train_time:1896145ms step_avg:197.52ms
step:9700/75000 train_loss:3.2629 lr_scale:1.000 muon_mom:0.950 train_time:1915233ms step_avg:197.45ms
step:9800/75000 train_loss:3.3268 lr_scale:1.000 muon_mom:0.950 train_time:1934374ms step_avg:197.39ms
step:9900/75000 train_loss:3.3433 lr_scale:1.000 muon_mom:0.950 train_time:1953464ms step_avg:197.32ms
step:10000/75000 train_loss:3.3096 lr_scale:1.000 muon_mom:0.950 train_time:1972648ms step_avg:197.26ms
step:10100/75000 train_loss:3.4504 lr_scale:1.000 muon_mom:0.950 train_time:1991814ms step_avg:197.21ms
step:10200/75000 train_loss:3.3813 lr_scale:1.000 muon_mom:0.950 train_time:2010897ms step_avg:197.15ms
step:10300/75000 train_loss:3.0189 lr_scale:1.000 muon_mom:0.950 train_time:2030078ms step_avg:197.09ms
step:10400/75000 train_loss:3.3631 lr_scale:1.000 muon_mom:0.950 train_time:2049216ms step_avg:197.04ms
step:10500/75000 train_loss:3.3990 lr_scale:1.000 muon_mom:0.950 train_time:2068360ms step_avg:196.99ms
step:10600/75000 train_loss:3.3188 lr_scale:1.000 muon_mom:0.950 train_time:2087443ms step_avg:196.93ms
step:10700/75000 train_loss:2.9858 lr_scale:1.000 muon_mom:0.950 train_time:2106601ms step_avg:196.88ms
step:10800/75000 train_loss:3.4024 lr_scale:1.000 muon_mom:0.950 train_time:2125681ms step_avg:196.82ms
step:10900/75000 train_loss:3.4742 lr_scale:1.000 muon_mom:0.950 train_time:2144848ms step_avg:196.78ms
step:11000/75000 train_loss:3.3169 lr_scale:1.000 muon_mom:0.950 train_time:2163929ms step_avg:196.72ms
step:11100/75000 train_loss:3.2790 lr_scale:1.000 muon_mom:0.950 train_time:2183144ms step_avg:196.68ms
step:11200/75000 train_loss:3.3153 lr_scale:1.000 muon_mom:0.950 train_time:2202291ms step_avg:196.63ms
step:11300/75000 train_loss:3.7710 lr_scale:1.000 muon_mom:0.950 train_time:2221373ms step_avg:196.58ms
step:11400/75000 train_loss:3.4573 lr_scale:1.000 muon_mom:0.950 train_time:2240453ms step_avg:196.53ms
step:11500/75000 train_loss:3.3349 lr_scale:1.000 muon_mom:0.950 train_time:2259612ms step_avg:196.49ms
step:11600/75000 train_loss:3.1322 lr_scale:1.000 muon_mom:0.950 train_time:2278759ms step_avg:196.44ms
step:11700/75000 train_loss:3.2424 lr_scale:1.000 muon_mom:0.950 train_time:2297841ms step_avg:196.40ms
step:11800/75000 train_loss:3.5206 lr_scale:1.000 muon_mom:0.950 train_time:2316982ms step_avg:196.35ms
step:11900/75000 train_loss:3.3931 lr_scale:1.000 muon_mom:0.950 train_time:2336143ms step_avg:196.31ms
step:12000/75000 train_loss:3.3982 lr_scale:1.000 muon_mom:0.950 train_time:2355295ms step_avg:196.27ms
step:12100/75000 train_loss:3.2697 lr_scale:1.000 muon_mom:0.950 train_time:2374391ms step_avg:196.23ms
step:12200/75000 train_loss:3.3263 lr_scale:1.000 muon_mom:0.950 train_time:2393482ms step_avg:196.19ms
step:12300/75000 train_loss:3.5653 lr_scale:1.000 muon_mom:0.950 train_time:2412635ms step_avg:196.15ms
step:12400/75000 train_loss:3.3200 lr_scale:1.000 muon_mom:0.950 train_time:2431801ms step_avg:196.11ms
step:12500/75000 train_loss:3.4916 lr_scale:1.000 muon_mom:0.950 train_time:2450884ms step_avg:196.07ms
step:12600/75000 train_loss:3.2309 lr_scale:1.000 muon_mom:0.950 train_time:2470109ms step_avg:196.04ms
step:12700/75000 train_loss:3.2563 lr_scale:1.000 muon_mom:0.950 train_time:2489248ms step_avg:196.00ms
step:12800/75000 train_loss:2.8120 lr_scale:1.000 muon_mom:0.950 train_time:2508328ms step_avg:195.96ms
step:12900/75000 train_loss:3.2916 lr_scale:1.000 muon_mom:0.950 train_time:2527518ms step_avg:195.93ms
step:13000/75000 train_loss:3.3440 lr_scale:1.000 muon_mom:0.950 train_time:2546682ms step_avg:195.90ms
step:13100/75000 train_loss:3.3981 lr_scale:1.000 muon_mom:0.950 train_time:2565827ms step_avg:195.86ms
step:13200/75000 train_loss:3.2368 lr_scale:1.000 muon_mom:0.950 train_time:2584909ms step_avg:195.83ms
step:13300/75000 train_loss:3.4265 lr_scale:1.000 muon_mom:0.950 train_time:2604058ms step_avg:195.79ms
step:13400/75000 train_loss:3.4089 lr_scale:1.000 muon_mom:0.950 train_time:2623291ms step_avg:195.77ms
step:13500/75000 train_loss:3.3442 lr_scale:1.000 muon_mom:0.950 train_time:2642375ms step_avg:195.73ms
step:13600/75000 train_loss:3.2211 lr_scale:1.000 muon_mom:0.950 train_time:2661458ms step_avg:195.70ms
step:13700/75000 train_loss:2.9609 lr_scale:1.000 muon_mom:0.950 train_time:2680541ms step_avg:195.66ms
step:13800/75000 train_loss:3.5026 lr_scale:1.000 muon_mom:0.950 train_time:2699771ms step_avg:195.64ms
step:13900/75000 train_loss:3.0678 lr_scale:1.000 muon_mom:0.950 train_time:2718854ms step_avg:195.60ms
step:14000/75000 train_loss:3.4840 lr_scale:1.000 muon_mom:0.950 train_time:2737995ms step_avg:195.57ms
step:14100/75000 train_loss:3.4078 lr_scale:1.000 muon_mom:0.950 train_time:2757076ms step_avg:195.54ms
step:14200/75000 train_loss:3.2017 lr_scale:1.000 muon_mom:0.950 train_time:2776296ms step_avg:195.51ms
step:14300/75000 train_loss:3.3651 lr_scale:1.000 muon_mom:0.950 train_time:2795377ms step_avg:195.48ms
step:14400/75000 train_loss:3.2843 lr_scale:1.000 muon_mom:0.950 train_time:2814457ms step_avg:195.45ms
step:14500/75000 train_loss:3.2824 lr_scale:1.000 muon_mom:0.950 train_time:2833607ms step_avg:195.42ms
step:14600/75000 train_loss:2.5340 lr_scale:1.000 muon_mom:0.950 train_time:2852762ms step_avg:195.39ms
step:14700/75000 train_loss:3.2631 lr_scale:1.000 muon_mom:0.950 train_time:2871846ms step_avg:195.36ms
step:14800/75000 train_loss:3.2952 lr_scale:1.000 muon_mom:0.950 train_time:2890985ms step_avg:195.34ms
step:14900/75000 train_loss:3.2353 lr_scale:1.000 muon_mom:0.950 train_time:2912359ms step_avg:195.46ms
step:15000/75000 train_loss:3.2984 lr_scale:1.000 muon_mom:0.950 train_time:2931440ms step_avg:195.43ms
step:15100/75000 train_loss:3.4470 lr_scale:1.000 muon_mom:0.950 train_time:2950528ms step_avg:195.40ms
step:15200/75000 train_loss:3.1604 lr_scale:1.000 muon_mom:0.950 train_time:2969616ms step_avg:195.37ms
step:15300/75000 train_loss:3.3890 lr_scale:1.000 muon_mom:0.950 train_time:2992004ms step_avg:195.56ms
step:15400/75000 train_loss:3.3630 lr_scale:1.000 muon_mom:0.950 train_time:3011088ms step_avg:195.53ms
step:15500/75000 train_loss:3.3946 lr_scale:1.000 muon_mom:0.950 train_time:3030253ms step_avg:195.50ms
step:15600/75000 train_loss:3.3598 lr_scale:1.000 muon_mom:0.950 train_time:3049337ms step_avg:195.47ms
step:15700/75000 train_loss:3.3798 lr_scale:1.000 muon_mom:0.950 train_time:3071540ms step_avg:195.64ms
step:15800/75000 train_loss:3.1906 lr_scale:1.000 muon_mom:0.950 train_time:3090622ms step_avg:195.61ms
step:15900/75000 train_loss:3.2945 lr_scale:1.000 muon_mom:0.950 train_time:3109706ms step_avg:195.58ms
step:16000/75000 train_loss:3.4528 lr_scale:1.000 muon_mom:0.950 train_time:3128871ms step_avg:195.55ms
step:16100/75000 train_loss:3.2130 lr_scale:1.000 muon_mom:0.950 train_time:3151022ms step_avg:195.72ms
step:16200/75000 train_loss:3.3615 lr_scale:1.000 muon_mom:0.950 train_time:3170167ms step_avg:195.69ms
step:16300/75000 train_loss:3.2506 lr_scale:1.000 muon_mom:0.950 train_time:3189251ms step_avg:195.66ms
step:16400/75000 train_loss:3.3205 lr_scale:1.000 muon_mom:0.950 train_time:3208403ms step_avg:195.63ms
step:16500/75000 train_loss:3.1721 lr_scale:1.000 muon_mom:0.950 train_time:3230517ms step_avg:195.79ms
step:16600/75000 train_loss:3.2254 lr_scale:1.000 muon_mom:0.950 train_time:3249601ms step_avg:195.76ms
step:16700/75000 train_loss:3.3538 lr_scale:1.000 muon_mom:0.950 train_time:3268686ms step_avg:195.73ms
step:16800/75000 train_loss:3.1691 lr_scale:1.000 muon_mom:0.950 train_time:3291635ms step_avg:195.93ms
step:16900/75000 train_loss:3.4017 lr_scale:1.000 muon_mom:0.950 train_time:3310728ms step_avg:195.90ms
step:17000/75000 train_loss:3.4122 lr_scale:1.000 muon_mom:0.950 train_time:3329896ms step_avg:195.88ms
step:17100/75000 train_loss:3.4146 lr_scale:1.000 muon_mom:0.950 train_time:3349069ms step_avg:195.85ms
step:17200/75000 train_loss:3.3218 lr_scale:1.000 muon_mom:0.950 train_time:3371336ms step_avg:196.01ms
step:17300/75000 train_loss:3.3783 lr_scale:1.000 muon_mom:0.950 train_time:3390422ms step_avg:195.98ms
step:17400/75000 train_loss:3.2661 lr_scale:1.000 muon_mom:0.950 train_time:3409505ms step_avg:195.95ms
step:17500/75000 train_loss:3.3480 lr_scale:1.000 muon_mom:0.950 train_time:3428789ms step_avg:195.93ms
step:17600/75000 train_loss:3.2791 lr_scale:1.000 muon_mom:0.950 train_time:3451283ms step_avg:196.10ms
step:17700/75000 train_loss:3.1314 lr_scale:1.000 muon_mom:0.950 train_time:3470442ms step_avg:196.07ms
step:17800/75000 train_loss:3.3436 lr_scale:1.000 muon_mom:0.950 train_time:3489532ms step_avg:196.04ms
step:17900/75000 train_loss:3.5393 lr_scale:1.000 muon_mom:0.950 train_time:3508687ms step_avg:196.02ms
step:18000/75000 train_loss:3.6285 lr_scale:1.000 muon_mom:0.950 train_time:3531239ms step_avg:196.18ms
step:18100/75000 train_loss:3.1517 lr_scale:1.000 muon_mom:0.950 train_time:3550322ms step_avg:196.15ms
step:18200/75000 train_loss:3.2991 lr_scale:1.000 muon_mom:0.950 train_time:3569405ms step_avg:196.12ms
step:18300/75000 train_loss:3.2633 lr_scale:1.000 muon_mom:0.950 train_time:3588587ms step_avg:196.10ms
step:18400/75000 train_loss:3.2482 lr_scale:1.000 muon_mom:0.950 train_time:3611405ms step_avg:196.27ms
step:18500/75000 train_loss:3.4310 lr_scale:1.000 muon_mom:0.950 train_time:3630634ms step_avg:196.25ms
step:18600/75000 train_loss:3.3304 lr_scale:1.000 muon_mom:0.950 train_time:3649933ms step_avg:196.23ms
step:18700/75000 train_loss:3.3666 lr_scale:1.000 muon_mom:0.950 train_time:3672585ms step_avg:196.39ms
step:18800/75000 train_loss:3.3437 lr_scale:1.000 muon_mom:0.950 train_time:3691726ms step_avg:196.37ms
step:18900/75000 train_loss:3.4009 lr_scale:1.000 muon_mom:0.950 train_time:3710817ms step_avg:196.34ms
step:19000/75000 train_loss:3.1797 lr_scale:1.000 muon_mom:0.950 train_time:3730003ms step_avg:196.32ms
step:19100/75000 train_loss:3.3249 lr_scale:1.000 muon_mom:0.950 train_time:3752983ms step_avg:196.49ms
step:19200/75000 train_loss:3.4110 lr_scale:1.000 muon_mom:0.950 train_time:3772170ms step_avg:196.47ms
step:19300/75000 train_loss:3.3936 lr_scale:1.000 muon_mom:0.950 train_time:3791358ms step_avg:196.44ms
step:19400/75000 train_loss:3.3335 lr_scale:1.000 muon_mom:0.950 train_time:3810452ms step_avg:196.42ms
step:19500/75000 train_loss:3.2530 lr_scale:1.000 muon_mom:0.950 train_time:3832817ms step_avg:196.55ms
step:19600/75000 train_loss:3.2953 lr_scale:1.000 muon_mom:0.950 train_time:3851907ms step_avg:196.53ms
step:19700/75000 train_loss:3.3330 lr_scale:1.000 muon_mom:0.950 train_time:3871091ms step_avg:196.50ms
step:19800/75000 train_loss:3.4459 lr_scale:1.000 muon_mom:0.950 train_time:3890181ms step_avg:196.47ms
step:19900/75000 train_loss:3.7545 lr_scale:1.000 muon_mom:0.950 train_time:3912839ms step_avg:196.63ms
step:20000/75000 train_loss:3.2134 lr_scale:1.000 muon_mom:0.950 train_time:3931937ms step_avg:196.60ms
step:20100/75000 train_loss:3.2718 lr_scale:1.000 muon_mom:0.950 train_time:3951137ms step_avg:196.57ms
step:20200/75000 train_loss:3.4290 lr_scale:1.000 muon_mom:0.950 train_time:3970233ms step_avg:196.55ms
step:20300/75000 train_loss:3.4670 lr_scale:1.000 muon_mom:0.950 train_time:3993151ms step_avg:196.71ms
step:20400/75000 train_loss:3.3876 lr_scale:1.000 muon_mom:0.950 train_time:4012241ms step_avg:196.68ms
step:20500/75000 train_loss:3.2626 lr_scale:1.000 muon_mom:0.950 train_time:4031434ms step_avg:196.66ms
step:20600/75000 train_loss:3.1010 lr_scale:1.000 muon_mom:0.950 train_time:4054173ms step_avg:196.80ms
step:20700/75000 train_loss:3.1973 lr_scale:1.000 muon_mom:0.950 train_time:4073397ms step_avg:196.78ms
step:20800/75000 train_loss:3.1489 lr_scale:1.000 muon_mom:0.950 train_time:4092593ms step_avg:196.76ms
step:20900/75000 train_loss:3.1965 lr_scale:1.000 muon_mom:0.950 train_time:4111691ms step_avg:196.73ms
step:21000/75000 train_loss:3.3745 lr_scale:1.000 muon_mom:0.950 train_time:4135023ms step_avg:196.91ms
step:21100/75000 train_loss:3.4280 lr_scale:1.000 muon_mom:0.950 train_time:4154120ms step_avg:196.88ms
step:21200/75000 train_loss:3.1457 lr_scale:1.000 muon_mom:0.950 train_time:4173301ms step_avg:196.85ms
step:21300/75000 train_loss:3.5466 lr_scale:1.000 muon_mom:0.950 train_time:4192396ms step_avg:196.83ms
step:21400/75000 train_loss:3.4233 lr_scale:1.000 muon_mom:0.950 train_time:4215977ms step_avg:197.01ms
step:21500/75000 train_loss:3.3255 lr_scale:1.000 muon_mom:0.950 train_time:4235061ms step_avg:196.98ms
step:21600/75000 train_loss:3.1979 lr_scale:1.000 muon_mom:0.950 train_time:4254198ms step_avg:196.95ms
step:21700/75000 train_loss:3.2707 lr_scale:1.000 muon_mom:0.950 train_time:4273282ms step_avg:196.93ms
step:21800/75000 train_loss:3.1737 lr_scale:1.000 muon_mom:0.950 train_time:4295461ms step_avg:197.04ms
step:21900/75000 train_loss:3.0202 lr_scale:1.000 muon_mom:0.950 train_time:4314650ms step_avg:197.02ms
step:22000/75000 train_loss:3.3808 lr_scale:1.000 muon_mom:0.950 train_time:4333806ms step_avg:196.99ms
step:22100/75000 train_loss:3.5163 lr_scale:1.000 muon_mom:0.950 train_time:4352981ms step_avg:196.97ms
step:22200/75000 train_loss:3.4878 lr_scale:1.000 muon_mom:0.950 train_time:4375743ms step_avg:197.11ms
step:22300/75000 train_loss:3.3618 lr_scale:1.000 muon_mom:0.950 train_time:4394928ms step_avg:197.08ms
step:22400/75000 train_loss:3.3619 lr_scale:1.000 muon_mom:0.950 train_time:4414019ms step_avg:197.05ms
step:22500/75000 train_loss:3.4435 lr_scale:1.000 muon_mom:0.950 train_time:4433104ms step_avg:197.03ms
step:22600/75000 train_loss:3.3359 lr_scale:1.000 muon_mom:0.950 train_time:4455320ms step_avg:197.14ms
step:22700/75000 train_loss:3.2415 lr_scale:1.000 muon_mom:0.950 train_time:4474503ms step_avg:197.11ms
step:22800/75000 train_loss:3.1328 lr_scale:1.000 muon_mom:0.950 train_time:4493585ms step_avg:197.09ms
step:22900/75000 train_loss:2.9698 lr_scale:1.000 muon_mom:0.950 train_time:4516010ms step_avg:197.21ms
step:23000/75000 train_loss:3.1701 lr_scale:1.000 muon_mom:0.950 train_time:4535176ms step_avg:197.18ms
step:23100/75000 train_loss:3.3262 lr_scale:1.000 muon_mom:0.950 train_time:4554263ms step_avg:197.15ms
step:23200/75000 train_loss:3.2572 lr_scale:1.000 muon_mom:0.950 train_time:4573349ms step_avg:197.13ms
step:23300/75000 train_loss:3.4431 lr_scale:1.000 muon_mom:0.950 train_time:4595761ms step_avg:197.24ms
step:23400/75000 train_loss:3.5964 lr_scale:1.000 muon_mom:0.950 train_time:4614938ms step_avg:197.22ms
step:23500/75000 train_loss:3.2660 lr_scale:1.000 muon_mom:0.950 train_time:4634025ms step_avg:197.19ms
step:23600/75000 train_loss:3.4227 lr_scale:1.000 muon_mom:0.950 train_time:4653189ms step_avg:197.17ms
step:23700/75000 train_loss:3.2810 lr_scale:1.000 muon_mom:0.950 train_time:4676103ms step_avg:197.30ms
step:23800/75000 train_loss:3.1546 lr_scale:1.000 muon_mom:0.950 train_time:4695271ms step_avg:197.28ms
step:23900/75000 train_loss:3.4569 lr_scale:1.000 muon_mom:0.950 train_time:4714361ms step_avg:197.25ms
step:24000/75000 train_loss:3.1918 lr_scale:1.000 muon_mom:0.950 train_time:4733453ms step_avg:197.23ms
step:24100/75000 train_loss:3.3962 lr_scale:1.000 muon_mom:0.950 train_time:4755904ms step_avg:197.34ms
step:24200/75000 train_loss:3.3511 lr_scale:1.000 muon_mom:0.950 train_time:4774986ms step_avg:197.31ms
step:24300/75000 train_loss:3.2821 lr_scale:1.000 muon_mom:0.950 train_time:4794070ms step_avg:197.29ms
step:24400/75000 train_loss:3.1110 lr_scale:1.000 muon_mom:0.950 train_time:4813235ms step_avg:197.26ms
step:24500/75000 train_loss:3.3328 lr_scale:1.000 muon_mom:0.950 train_time:4835561ms step_avg:197.37ms
step:24600/75000 train_loss:3.3869 lr_scale:1.000 muon_mom:0.950 train_time:4854641ms step_avg:197.34ms
step:24700/75000 train_loss:3.3726 lr_scale:1.000 muon_mom:0.950 train_time:4873725ms step_avg:197.32ms
step:24800/75000 train_loss:3.3626 lr_scale:1.000 muon_mom:0.950 train_time:4895786ms step_avg:197.41ms
step:24900/75000 train_loss:3.3566 lr_scale:1.000 muon_mom:0.950 train_time:4914951ms step_avg:197.39ms
step:25000/75000 train_loss:3.1441 lr_scale:1.000 muon_mom:0.950 train_time:4934037ms step_avg:197.36ms
step:25100/75000 train_loss:3.2289 lr_scale:1.000 muon_mom:0.950 train_time:4953197ms step_avg:197.34ms
step:25200/75000 train_loss:3.2599 lr_scale:1.000 muon_mom:0.950 train_time:4975785ms step_avg:197.45ms
step:25300/75000 train_loss:3.0618 lr_scale:1.000 muon_mom:0.950 train_time:4994871ms step_avg:197.43ms
step:25400/75000 train_loss:3.4709 lr_scale:1.000 muon_mom:0.950 train_time:5013958ms step_avg:197.40ms
step:25500/75000 train_loss:3.4105 lr_scale:1.000 muon_mom:0.950 train_time:5033047ms step_avg:197.37ms
step:25600/75000 train_loss:3.2138 lr_scale:1.000 muon_mom:0.950 train_time:5055622ms step_avg:197.49ms
step:25700/75000 train_loss:3.6393 lr_scale:1.000 muon_mom:0.950 train_time:5074706ms step_avg:197.46ms
step:25800/75000 train_loss:3.3446 lr_scale:1.000 muon_mom:0.950 train_time:5093875ms step_avg:197.44ms
step:25900/75000 train_loss:3.2683 lr_scale:1.000 muon_mom:0.950 train_time:5112961ms step_avg:197.41ms
step:26000/75000 train_loss:3.1779 lr_scale:1.000 muon_mom:0.950 train_time:5135113ms step_avg:197.50ms
step:26100/75000 train_loss:3.0493 lr_scale:1.000 muon_mom:0.950 train_time:5154198ms step_avg:197.48ms
step:26200/75000 train_loss:3.1841 lr_scale:1.000 muon_mom:0.950 train_time:5173280ms step_avg:197.45ms
step:26300/75000 train_loss:3.1503 lr_scale:1.000 muon_mom:0.950 train_time:5192367ms step_avg:197.43ms
step:26400/75000 train_loss:3.4884 lr_scale:1.000 muon_mom:0.950 train_time:5214522ms step_avg:197.52ms
step:26500/75000 train_loss:3.1517 lr_scale:1.000 muon_mom:0.950 train_time:5233675ms step_avg:197.50ms
step:26600/75000 train_loss:3.3212 lr_scale:1.000 muon_mom:0.950 train_time:5252846ms step_avg:197.48ms
step:26700/75000 train_loss:3.2249 lr_scale:1.000 muon_mom:0.950 train_time:5272018ms step_avg:197.45ms
step:26800/75000 train_loss:3.1459 lr_scale:1.000 muon_mom:0.950 train_time:5294604ms step_avg:197.56ms
step:26900/75000 train_loss:3.4609 lr_scale:1.000 muon_mom:0.950 train_time:5313693ms step_avg:197.54ms
step:27000/75000 train_loss:3.8657 lr_scale:1.000 muon_mom:0.950 train_time:5332778ms step_avg:197.51ms
step:27100/75000 train_loss:3.4690 lr_scale:1.000 muon_mom:0.950 train_time:5355244ms step_avg:197.61ms
step:27200/75000 train_loss:3.3144 lr_scale:1.000 muon_mom:0.950 train_time:5374331ms step_avg:197.59ms
step:27300/75000 train_loss:3.2296 lr_scale:1.000 muon_mom:0.950 train_time:5393515ms step_avg:197.56ms
step:27400/75000 train_loss:3.0201 lr_scale:1.000 muon_mom:0.950 train_time:5412683ms step_avg:197.54ms
step:27500/75000 train_loss:3.3893 lr_scale:1.000 muon_mom:0.950 train_time:5435157ms step_avg:197.64ms
step:27600/75000 train_loss:3.5006 lr_scale:1.000 muon_mom:0.950 train_time:5454243ms step_avg:197.62ms
step:27700/75000 train_loss:3.3556 lr_scale:1.000 muon_mom:0.950 train_time:5473332ms step_avg:197.59ms
step:27800/75000 train_loss:3.3437 lr_scale:1.000 muon_mom:0.950 train_time:5492501ms step_avg:197.57ms
step:27900/75000 train_loss:3.3167 lr_scale:1.000 muon_mom:0.950 train_time:5515171ms step_avg:197.68ms
step:28000/75000 train_loss:3.2790 lr_scale:1.000 muon_mom:0.950 train_time:5534334ms step_avg:197.65ms
step:28100/75000 train_loss:3.2816 lr_scale:1.000 muon_mom:0.950 train_time:5553428ms step_avg:197.63ms
step:28200/75000 train_loss:3.3296 lr_scale:1.000 muon_mom:0.950 train_time:5572615ms step_avg:197.61ms
step:28300/75000 train_loss:2.9505 lr_scale:1.000 muon_mom:0.950 train_time:5594897ms step_avg:197.70ms
step:28400/75000 train_loss:3.0869 lr_scale:1.000 muon_mom:0.950 train_time:5613986ms step_avg:197.68ms
step:28500/75000 train_loss:3.3280 lr_scale:1.000 muon_mom:0.950 train_time:5633076ms step_avg:197.65ms
step:28600/75000 train_loss:3.2978 lr_scale:1.000 muon_mom:0.950 train_time:5652242ms step_avg:197.63ms
step:28700/75000 train_loss:3.4943 lr_scale:1.000 muon_mom:0.950 train_time:5674621ms step_avg:197.72ms
step:28800/75000 train_loss:3.3653 lr_scale:1.000 muon_mom:0.950 train_time:5693775ms step_avg:197.70ms
step:28900/75000 train_loss:3.0767 lr_scale:1.000 muon_mom:0.950 train_time:5712953ms step_avg:197.68ms
step:29000/75000 train_loss:3.2200 lr_scale:1.000 muon_mom:0.950 train_time:5735607ms step_avg:197.78ms
step:29100/75000 train_loss:3.3890 lr_scale:1.000 muon_mom:0.950 train_time:5754695ms step_avg:197.76ms
step:29200/75000 train_loss:3.2040 lr_scale:1.000 muon_mom:0.950 train_time:5773778ms step_avg:197.73ms
step:29300/75000 train_loss:3.2570 lr_scale:1.000 muon_mom:0.950 train_time:5792957ms step_avg:197.71ms
step:29400/75000 train_loss:3.4267 lr_scale:1.000 muon_mom:0.950 train_time:5815156ms step_avg:197.79ms
step:29500/75000 train_loss:3.2965 lr_scale:1.000 muon_mom:0.950 train_time:5834330ms step_avg:197.77ms
step:29600/75000 train_loss:3.3700 lr_scale:1.000 muon_mom:0.950 train_time:5853421ms step_avg:197.75ms
step:29700/75000 train_loss:3.1891 lr_scale:1.000 muon_mom:0.950 train_time:5872595ms step_avg:197.73ms
step:29800/75000 train_loss:3.2692 lr_scale:1.000 muon_mom:0.950 train_time:5894820ms step_avg:197.81ms
step:29900/75000 train_loss:3.2231 lr_scale:1.000 muon_mom:0.950 train_time:5913901ms step_avg:197.79ms
step:30000/75000 train_loss:3.3051 lr_scale:1.000 muon_mom:0.950 train_time:5933082ms step_avg:197.77ms
step:30100/75000 train_loss:3.1081 lr_scale:1.000 muon_mom:0.950 train_time:5952175ms step_avg:197.75ms
step:30200/75000 train_loss:3.1451 lr_scale:1.000 muon_mom:0.950 train_time:5975019ms step_avg:197.85ms
step:30300/75000 train_loss:3.3423 lr_scale:1.000 muon_mom:0.950 train_time:5994192ms step_avg:197.83ms
step:30400/75000 train_loss:3.1126 lr_scale:1.000 muon_mom:0.950 train_time:6013366ms step_avg:197.81ms
step:30500/75000 train_loss:3.2861 lr_scale:1.000 muon_mom:0.950 train_time:6032457ms step_avg:197.79ms
step:30600/75000 train_loss:3.0010 lr_scale:1.000 muon_mom:0.950 train_time:6051641ms step_avg:197.77ms
step:30700/75000 train_loss:3.2301 lr_scale:1.000 muon_mom:0.950 train_time:6070733ms step_avg:197.74ms
step:30800/75000 train_loss:3.0266 lr_scale:1.000 muon_mom:0.950 train_time:6089897ms step_avg:197.72ms
step:30900/75000 train_loss:3.1426 lr_scale:1.000 muon_mom:0.950 train_time:6109064ms step_avg:197.70ms
step:31000/75000 train_loss:3.1339 lr_scale:1.000 muon_mom:0.950 train_time:6128317ms step_avg:197.69ms
step:31100/75000 train_loss:3.3406 lr_scale:1.000 muon_mom:0.950 train_time:6147474ms step_avg:197.67ms
step:31200/75000 train_loss:3.3311 lr_scale:1.000 muon_mom:0.950 train_time:6166564ms step_avg:197.65ms
step:31300/75000 train_loss:3.5103 lr_scale:1.000 muon_mom:0.950 train_time:6185734ms step_avg:197.63ms
step:31400/75000 train_loss:3.3061 lr_scale:1.000 muon_mom:0.950 train_time:6204822ms step_avg:197.61ms
step:31500/75000 train_loss:3.2231 lr_scale:1.000 muon_mom:0.950 train_time:6224000ms step_avg:197.59ms
step:31600/75000 train_loss:3.3110 lr_scale:1.000 muon_mom:0.950 train_time:6243089ms step_avg:197.57ms
step:31700/75000 train_loss:2.7320 lr_scale:1.000 muon_mom:0.950 train_time:6262337ms step_avg:197.55ms
step:31800/75000 train_loss:3.1304 lr_scale:1.000 muon_mom:0.950 train_time:6281429ms step_avg:197.53ms
step:31900/75000 train_loss:3.3966 lr_scale:1.000 muon_mom:0.950 train_time:6300581ms step_avg:197.51ms
step:32000/75000 train_loss:3.2806 lr_scale:1.000 muon_mom:0.950 train_time:6319668ms step_avg:197.49ms
step:32100/75000 train_loss:2.6653 lr_scale:1.000 muon_mom:0.950 train_time:6338836ms step_avg:197.47ms
step:32200/75000 train_loss:3.6603 lr_scale:1.000 muon_mom:0.950 train_time:6357924ms step_avg:197.45ms
step:32300/75000 train_loss:3.3467 lr_scale:1.000 muon_mom:0.950 train_time:6377103ms step_avg:197.43ms
step:32400/75000 train_loss:3.3399 lr_scale:1.000 muon_mom:0.950 train_time:6396192ms step_avg:197.41ms
step:32500/75000 train_loss:3.1838 lr_scale:1.000 muon_mom:0.950 train_time:6415435ms step_avg:197.40ms
step:32600/75000 train_loss:3.2475 lr_scale:1.000 muon_mom:0.950 train_time:6434579ms step_avg:197.38ms
step:32700/75000 train_loss:3.4644 lr_scale:1.000 muon_mom:0.950 train_time:6453664ms step_avg:197.36ms
step:32800/75000 train_loss:3.1882 lr_scale:1.000 muon_mom:0.950 train_time:6472754ms step_avg:197.34ms
step:32900/75000 train_loss:3.1301 lr_scale:1.000 muon_mom:0.950 train_time:6491926ms step_avg:197.32ms
step:33000/75000 train_loss:3.1838 lr_scale:1.000 muon_mom:0.950 train_time:6511076ms step_avg:197.31ms
step:33100/75000 train_loss:3.3711 lr_scale:1.000 muon_mom:0.950 train_time:6530166ms step_avg:197.29ms
step:33200/75000 train_loss:3.4374 lr_scale:1.000 muon_mom:0.950 train_time:6549377ms step_avg:197.27ms
step:33300/75000 train_loss:3.2183 lr_scale:1.000 muon_mom:0.950 train_time:6568517ms step_avg:197.25ms
step:33400/75000 train_loss:3.0919 lr_scale:1.000 muon_mom:0.950 train_time:6587596ms step_avg:197.23ms
step:33500/75000 train_loss:3.0020 lr_scale:1.000 muon_mom:0.950 train_time:6606678ms step_avg:197.21ms
step:33600/75000 train_loss:3.4185 lr_scale:1.000 muon_mom:0.950 train_time:6625823ms step_avg:197.20ms
step:33700/75000 train_loss:3.3073 lr_scale:1.000 muon_mom:0.950 train_time:6644968ms step_avg:197.18ms
step:33800/75000 train_loss:3.3213 lr_scale:1.000 muon_mom:0.950 train_time:6664049ms step_avg:197.16ms
step:33900/75000 train_loss:3.1557 lr_scale:1.000 muon_mom:0.950 train_time:6683193ms step_avg:197.14ms
step:34000/75000 train_loss:3.3475 lr_scale:1.000 muon_mom:0.950 train_time:6702345ms step_avg:197.13ms
step:34100/75000 train_loss:3.2373 lr_scale:1.000 muon_mom:0.950 train_time:6721491ms step_avg:197.11ms
step:34200/75000 train_loss:3.3645 lr_scale:1.000 muon_mom:0.950 train_time:6740574ms step_avg:197.09ms
step:34300/75000 train_loss:3.3668 lr_scale:1.000 muon_mom:0.950 train_time:6759658ms step_avg:197.07ms
step:34400/75000 train_loss:3.3825 lr_scale:1.000 muon_mom:0.950 train_time:6778822ms step_avg:197.06ms
step:34500/75000 train_loss:3.2352 lr_scale:1.000 muon_mom:0.950 train_time:6797975ms step_avg:197.04ms
step:34600/75000 train_loss:3.4051 lr_scale:1.000 muon_mom:0.950 train_time:6817057ms step_avg:197.02ms
step:34700/75000 train_loss:3.3536 lr_scale:1.000 muon_mom:0.950 train_time:6836194ms step_avg:197.01ms
step:34800/75000 train_loss:3.1372 lr_scale:1.000 muon_mom:0.950 train_time:6855406ms step_avg:196.99ms
step:34900/75000 train_loss:3.2901 lr_scale:1.000 muon_mom:0.950 train_time:6874485ms step_avg:196.98ms
step:35000/75000 train_loss:3.2067 lr_scale:1.000 muon_mom:0.950 train_time:6893565ms step_avg:196.96ms
step:35100/75000 train_loss:3.4927 lr_scale:1.000 muon_mom:0.950 train_time:6912706ms step_avg:196.94ms
step:35200/75000 train_loss:3.3077 lr_scale:1.000 muon_mom:0.950 train_time:6931854ms step_avg:196.93ms
step:35300/75000 train_loss:3.4549 lr_scale:1.000 muon_mom:0.950 train_time:6950938ms step_avg:196.91ms
step:35400/75000 train_loss:3.0697 lr_scale:1.000 muon_mom:0.950 train_time:6970088ms step_avg:196.90ms
step:35500/75000 train_loss:3.3310 lr_scale:1.000 muon_mom:0.950 train_time:6989238ms step_avg:196.88ms
step:35600/75000 train_loss:3.3388 lr_scale:1.000 muon_mom:0.950 train_time:7008382ms step_avg:196.86ms
step:35700/75000 train_loss:3.5363 lr_scale:1.000 muon_mom:0.950 train_time:7027574ms step_avg:196.85ms
step:35800/75000 train_loss:3.3490 lr_scale:1.000 muon_mom:0.950 train_time:7046658ms step_avg:196.83ms
step:35900/75000 train_loss:3.2575 lr_scale:1.000 muon_mom:0.950 train_time:7065878ms step_avg:196.82ms
step:36000/75000 train_loss:3.3525 lr_scale:1.000 muon_mom:0.950 train_time:7084962ms step_avg:196.80ms
step:36100/75000 train_loss:3.5138 lr_scale:1.000 muon_mom:0.950 train_time:7104096ms step_avg:196.79ms
step:36200/75000 train_loss:3.3989 lr_scale:1.000 muon_mom:0.950 train_time:7123179ms step_avg:196.77ms
step:36300/75000 train_loss:3.3444 lr_scale:1.000 muon_mom:0.950 train_time:7142386ms step_avg:196.76ms
step:36400/75000 train_loss:3.3220 lr_scale:1.000 muon_mom:0.950 train_time:7161467ms step_avg:196.74ms
step:36500/75000 train_loss:3.1776 lr_scale:1.000 muon_mom:0.950 train_time:7180550ms step_avg:196.73ms
step:36600/75000 train_loss:3.0562 lr_scale:1.000 muon_mom:0.950 train_time:7199631ms step_avg:196.71ms
step:36700/75000 train_loss:3.4638 lr_scale:1.000 muon_mom:0.950 train_time:7218843ms step_avg:196.70ms
step:36800/75000 train_loss:2.9822 lr_scale:1.000 muon_mom:0.950 train_time:7237922ms step_avg:196.68ms
step:36900/75000 train_loss:3.2233 lr_scale:1.000 muon_mom:0.950 train_time:7257064ms step_avg:196.67ms
step:37000/75000 train_loss:3.1651 lr_scale:1.000 muon_mom:0.950 train_time:7276204ms step_avg:196.65ms
step:37100/75000 train_loss:3.2302 lr_scale:1.000 muon_mom:0.950 train_time:7295349ms step_avg:196.64ms
step:37200/75000 train_loss:3.3699 lr_scale:1.000 muon_mom:0.950 train_time:7314431ms step_avg:196.62ms
step:37300/75000 train_loss:3.4192 lr_scale:1.000 muon_mom:0.950 train_time:7333522ms step_avg:196.61ms
step:37400/75000 train_loss:3.3487 lr_scale:1.000 muon_mom:0.950 train_time:7352756ms step_avg:196.60ms
step:37500/75000 train_loss:3.1413 lr_scale:1.000 muon_mom:0.950 train_time:7371844ms step_avg:196.58ms
step:37600/75000 train_loss:3.3085 lr_scale:1.000 muon_mom:0.950 train_time:7390990ms step_avg:196.57ms
step:37700/75000 train_loss:3.2132 lr_scale:1.000 muon_mom:0.950 train_time:7410080ms step_avg:196.55ms
step:37800/75000 train_loss:3.3149 lr_scale:1.000 muon_mom:0.950 train_time:7429314ms step_avg:196.54ms
step:37900/75000 train_loss:3.4213 lr_scale:1.000 muon_mom:0.950 train_time:7448406ms step_avg:196.53ms
step:38000/75000 train_loss:3.2111 lr_scale:1.000 muon_mom:0.950 train_time:7467497ms step_avg:196.51ms
step:38100/75000 train_loss:3.3455 lr_scale:1.000 muon_mom:0.950 train_time:7486654ms step_avg:196.50ms
step:38200/75000 train_loss:3.4134 lr_scale:1.000 muon_mom:0.950 train_time:7505827ms step_avg:196.49ms
step:38300/75000 train_loss:3.1595 lr_scale:1.000 muon_mom:0.950 train_time:7524920ms step_avg:196.47ms
step:38400/75000 train_loss:3.3491 lr_scale:1.000 muon_mom:0.950 train_time:7544064ms step_avg:196.46ms
step:38500/75000 train_loss:3.2258 lr_scale:1.000 muon_mom:0.950 train_time:7563215ms step_avg:196.45ms
step:38600/75000 train_loss:3.2903 lr_scale:1.000 muon_mom:0.950 train_time:7582388ms step_avg:196.43ms
step:38700/75000 train_loss:3.2288 lr_scale:1.000 muon_mom:0.950 train_time:7601479ms step_avg:196.42ms
step:38800/75000 train_loss:3.2864 lr_scale:1.000 muon_mom:0.950 train_time:7620569ms step_avg:196.41ms
step:38900/75000 train_loss:3.3098 lr_scale:1.000 muon_mom:0.950 train_time:7639740ms step_avg:196.39ms
step:39000/75000 train_loss:3.4094 lr_scale:1.000 muon_mom:0.950 train_time:7658914ms step_avg:196.38ms
step:39100/75000 train_loss:3.2404 lr_scale:1.000 muon_mom:0.950 train_time:7678074ms step_avg:196.37ms
step:39200/75000 train_loss:3.1839 lr_scale:1.000 muon_mom:0.950 train_time:7697231ms step_avg:196.36ms
step:39300/75000 train_loss:3.1909 lr_scale:1.000 muon_mom:0.950 train_time:7716401ms step_avg:196.35ms
step:39400/75000 train_loss:3.2390 lr_scale:1.000 muon_mom:0.950 train_time:7735489ms step_avg:196.33ms
step:39500/75000 train_loss:3.1110 lr_scale:1.000 muon_mom:0.950 train_time:7754580ms step_avg:196.32ms
step:39600/75000 train_loss:3.3765 lr_scale:1.000 muon_mom:0.950 train_time:7773735ms step_avg:196.31ms
step:39700/75000 train_loss:3.1806 lr_scale:1.000 muon_mom:0.950 train_time:7792917ms step_avg:196.30ms
step:39800/75000 train_loss:3.2681 lr_scale:1.000 muon_mom:0.950 train_time:7812076ms step_avg:196.28ms
step:39900/75000 train_loss:3.2279 lr_scale:1.000 muon_mom:0.950 train_time:7831166ms step_avg:196.27ms
step:40000/75000 train_loss:3.3593 lr_scale:1.000 muon_mom:0.950 train_time:7850320ms step_avg:196.26ms
step:40100/75000 train_loss:3.3322 lr_scale:1.000 muon_mom:0.950 train_time:7869503ms step_avg:196.25ms
step:40200/75000 train_loss:3.2457 lr_scale:1.000 muon_mom:0.950 train_time:7888595ms step_avg:196.23ms
step:40300/75000 train_loss:3.3603 lr_scale:1.000 muon_mom:0.950 train_time:7907683ms step_avg:196.22ms
step:40400/75000 train_loss:3.1756 lr_scale:1.000 muon_mom:0.950 train_time:7926946ms step_avg:196.21ms
step:40500/75000 train_loss:3.2556 lr_scale:1.000 muon_mom:0.950 train_time:7946144ms step_avg:196.20ms
step:40600/75000 train_loss:3.1775 lr_scale:1.000 muon_mom:0.950 train_time:7965326ms step_avg:196.19ms
step:40700/75000 train_loss:3.2328 lr_scale:1.000 muon_mom:0.950 train_time:7984499ms step_avg:196.18ms
step:40800/75000 train_loss:3.2411 lr_scale:1.000 muon_mom:0.950 train_time:8003593ms step_avg:196.17ms
step:40900/75000 train_loss:3.1202 lr_scale:1.000 muon_mom:0.950 train_time:8022783ms step_avg:196.16ms
step:41000/75000 train_loss:3.2984 lr_scale:1.000 muon_mom:0.950 train_time:8041876ms step_avg:196.14ms
step:41100/75000 train_loss:3.3922 lr_scale:1.000 muon_mom:0.950 train_time:8061049ms step_avg:196.13ms
step:41200/75000 train_loss:3.3595 lr_scale:1.000 muon_mom:0.950 train_time:8080234ms step_avg:196.12ms
step:41300/75000 train_loss:3.3739 lr_scale:1.000 muon_mom:0.950 train_time:8099385ms step_avg:196.11ms
step:41400/75000 train_loss:3.3805 lr_scale:1.000 muon_mom:0.950 train_time:8118475ms step_avg:196.10ms
step:41500/75000 train_loss:3.4361 lr_scale:1.000 muon_mom:0.950 train_time:8137649ms step_avg:196.09ms
step:41600/75000 train_loss:3.2751 lr_scale:1.000 muon_mom:0.950 train_time:8156822ms step_avg:196.08ms
step:41700/75000 train_loss:3.4026 lr_scale:1.000 muon_mom:0.950 train_time:8175910ms step_avg:196.06ms
step:41800/75000 train_loss:3.4042 lr_scale:1.000 muon_mom:0.950 train_time:8195069ms step_avg:196.05ms
step:41900/75000 train_loss:3.5005 lr_scale:1.000 muon_mom:0.950 train_time:8214156ms step_avg:196.04ms
step:42000/75000 train_loss:3.3016 lr_scale:1.000 muon_mom:0.950 train_time:8233392ms step_avg:196.03ms
step:42100/75000 train_loss:2.8669 lr_scale:1.000 muon_mom:0.950 train_time:8252480ms step_avg:196.02ms
step:42200/75000 train_loss:3.3768 lr_scale:1.000 muon_mom:0.950 train_time:8271640ms step_avg:196.01ms
step:42300/75000 train_loss:3.3383 lr_scale:1.000 muon_mom:0.950 train_time:8290736ms step_avg:196.00ms
step:42400/75000 train_loss:3.2696 lr_scale:1.000 muon_mom:0.950 train_time:8309933ms step_avg:195.99ms
step:42500/75000 train_loss:3.1627 lr_scale:1.000 muon_mom:0.950 train_time:8329023ms step_avg:195.98ms
step:42600/75000 train_loss:3.1850 lr_scale:1.000 muon_mom:0.950 train_time:8348192ms step_avg:195.97ms
step:42700/75000 train_loss:3.3033 lr_scale:1.000 muon_mom:0.950 train_time:8367284ms step_avg:195.96ms
step:42800/75000 train_loss:3.4700 lr_scale:1.000 muon_mom:0.950 train_time:8386520ms step_avg:195.95ms
step:42900/75000 train_loss:3.2214 lr_scale:1.000 muon_mom:0.950 train_time:8405695ms step_avg:195.94ms
step:43000/75000 train_loss:3.2558 lr_scale:1.000 muon_mom:0.950 train_time:8424791ms step_avg:195.93ms
step:43100/75000 train_loss:3.3992 lr_scale:1.000 muon_mom:0.950 train_time:8443885ms step_avg:195.91ms
step:43200/75000 train_loss:3.2713 lr_scale:1.000 muon_mom:0.950 train_time:8463049ms step_avg:195.90ms
step:43300/75000 train_loss:3.2521 lr_scale:1.000 muon_mom:0.950 train_time:8482229ms step_avg:195.89ms
step:43400/75000 train_loss:2.8940 lr_scale:1.000 muon_mom:0.950 train_time:8501317ms step_avg:195.88ms
step:43500/75000 train_loss:3.4263 lr_scale:1.000 muon_mom:0.950 train_time:8520549ms step_avg:195.87ms
step:43600/75000 train_loss:3.5105 lr_scale:1.000 muon_mom:0.950 train_time:8539633ms step_avg:195.86ms
step:43700/75000 train_loss:3.4743 lr_scale:1.000 muon_mom:0.950 train_time:8558773ms step_avg:195.85ms
step:43800/75000 train_loss:3.3959 lr_scale:1.000 muon_mom:0.950 train_time:8577856ms step_avg:195.84ms
step:43900/75000 train_loss:3.3182 lr_scale:1.000 muon_mom:0.950 train_time:8597013ms step_avg:195.83ms
step:44000/75000 train_loss:3.4410 lr_scale:1.000 muon_mom:0.950 train_time:8616161ms step_avg:195.82ms
step:44100/75000 train_loss:3.5462 lr_scale:1.000 muon_mom:0.950 train_time:8635250ms step_avg:195.81ms
step:44200/75000 train_loss:3.1359 lr_scale:1.000 muon_mom:0.950 train_time:8654342ms step_avg:195.80ms
step:44300/75000 train_loss:3.3680 lr_scale:1.000 muon_mom:0.950 train_time:8673611ms step_avg:195.79ms
step:44400/75000 train_loss:3.0850 lr_scale:1.000 muon_mom:0.950 train_time:8692786ms step_avg:195.78ms
step:44500/75000 train_loss:3.9034 lr_scale:1.000 muon_mom:0.950 train_time:8711884ms step_avg:195.77ms
step:44600/75000 train_loss:3.4456 lr_scale:1.000 muon_mom:0.950 train_time:8730977ms step_avg:195.76ms
step:44700/75000 train_loss:3.3837 lr_scale:1.000 muon_mom:0.950 train_time:8750174ms step_avg:195.75ms
step:44800/75000 train_loss:3.0849 lr_scale:1.000 muon_mom:0.950 train_time:8769317ms step_avg:195.74ms
step:44900/75000 train_loss:3.2411 lr_scale:1.000 muon_mom:0.950 train_time:8788403ms step_avg:195.73ms
step:45000/75000 train_loss:3.0835 lr_scale:1.000 muon_mom:0.950 train_time:8807544ms step_avg:195.72ms
step:45100/75000 train_loss:3.3962 lr_scale:1.000 muon_mom:0.950 train_time:8826867ms step_avg:195.72ms
step:45200/75000 train_loss:3.2554 lr_scale:1.000 muon_mom:0.950 train_time:8845952ms step_avg:195.71ms
step:45300/75000 train_loss:3.2064 lr_scale:1.000 muon_mom:0.950 train_time:8865047ms step_avg:195.70ms
step:45400/75000 train_loss:2.8739 lr_scale:1.000 muon_mom:0.950 train_time:8884216ms step_avg:195.69ms
step:45500/75000 train_loss:3.3056 lr_scale:1.000 muon_mom:0.950 train_time:8903371ms step_avg:195.68ms
step:45600/75000 train_loss:3.3043 lr_scale:1.000 muon_mom:0.950 train_time:8922464ms step_avg:195.67ms
step:45700/75000 train_loss:3.2631 lr_scale:1.000 muon_mom:0.950 train_time:8941612ms step_avg:195.66ms
step:45800/75000 train_loss:3.4148 lr_scale:1.000 muon_mom:0.950 train_time:8960793ms step_avg:195.65ms
step:45900/75000 train_loss:3.2233 lr_scale:1.000 muon_mom:0.950 train_time:8979956ms step_avg:195.64ms
step:46000/75000 train_loss:3.3835 lr_scale:1.000 muon_mom:0.950 train_time:8999052ms step_avg:195.63ms
step:46100/75000 train_loss:2.6941 lr_scale:1.000 muon_mom:0.950 train_time:9018147ms step_avg:195.62ms
step:46200/75000 train_loss:3.3607 lr_scale:1.000 muon_mom:0.950 train_time:9037345ms step_avg:195.61ms
step:46300/75000 train_loss:3.2486 lr_scale:1.000 muon_mom:0.950 train_time:9056518ms step_avg:195.61ms
step:46400/75000 train_loss:3.4074 lr_scale:1.000 muon_mom:0.950 train_time:9075610ms step_avg:195.60ms
step:46500/75000 train_loss:2.9145 lr_scale:1.000 muon_mom:0.950 train_time:9094762ms step_avg:195.59ms
step:46600/75000 train_loss:3.4369 lr_scale:1.000 muon_mom:0.950 train_time:9114003ms step_avg:195.58ms
step:46700/75000 train_loss:3.0894 lr_scale:1.000 muon_mom:0.950 train_time:9133089ms step_avg:195.57ms
step:46800/75000 train_loss:3.2030 lr_scale:1.000 muon_mom:0.950 train_time:9152175ms step_avg:195.56ms
step:46900/75000 train_loss:3.3626 lr_scale:1.000 muon_mom:0.950 train_time:9171263ms step_avg:195.55ms
step:47000/75000 train_loss:2.9518 lr_scale:1.000 muon_mom:0.950 train_time:9190491ms step_avg:195.54ms
step:47100/75000 train_loss:3.2737 lr_scale:1.000 muon_mom:0.950 train_time:9209576ms step_avg:195.53ms
step:47200/75000 train_loss:3.0344 lr_scale:1.000 muon_mom:0.950 train_time:9228732ms step_avg:195.52ms
step:47300/75000 train_loss:3.3939 lr_scale:1.000 muon_mom:0.950 train_time:9247889ms step_avg:195.52ms
step:47400/75000 train_loss:3.3955 lr_scale:1.000 muon_mom:0.950 train_time:9267099ms step_avg:195.51ms
step:47500/75000 train_loss:3.1534 lr_scale:1.000 muon_mom:0.950 train_time:9286187ms step_avg:195.50ms
step:47600/75000 train_loss:3.3561 lr_scale:1.000 muon_mom:0.950 train_time:9305272ms step_avg:195.49ms
step:47700/75000 train_loss:3.2283 lr_scale:1.000 muon_mom:0.950 train_time:9324516ms step_avg:195.48ms
step:47800/75000 train_loss:3.2979 lr_scale:1.000 muon_mom:0.950 train_time:9343605ms step_avg:195.47ms
step:47900/75000 train_loss:3.3542 lr_scale:1.000 muon_mom:0.950 train_time:9362755ms step_avg:195.46ms
step:48000/75000 train_loss:3.0117 lr_scale:1.000 muon_mom:0.950 train_time:9381845ms step_avg:195.46ms
step:48100/75000 train_loss:3.3345 lr_scale:1.000 muon_mom:0.950 train_time:9401087ms step_avg:195.45ms
step:48200/75000 train_loss:3.3065 lr_scale:1.000 muon_mom:0.950 train_time:9420176ms step_avg:195.44ms
step:48300/75000 train_loss:3.3262 lr_scale:1.000 muon_mom:0.950 train_time:9439265ms step_avg:195.43ms
step:48400/75000 train_loss:3.1625 lr_scale:1.000 muon_mom:0.950 train_time:9458349ms step_avg:195.42ms
step:48500/75000 train_loss:3.2584 lr_scale:1.000 muon_mom:0.950 train_time:9477587ms step_avg:195.41ms
step:48600/75000 train_loss:3.0705 lr_scale:1.000 muon_mom:0.950 train_time:9496672ms step_avg:195.40ms
step:48700/75000 train_loss:3.1487 lr_scale:1.000 muon_mom:0.950 train_time:9515818ms step_avg:195.40ms
step:48800/75000 train_loss:3.0954 lr_scale:1.000 muon_mom:0.950 train_time:9534972ms step_avg:195.39ms
step:48900/75000 train_loss:3.3849 lr_scale:1.000 muon_mom:0.950 train_time:9554156ms step_avg:195.38ms
step:49000/75000 train_loss:3.2104 lr_scale:1.000 muon_mom:0.950 train_time:9573246ms step_avg:195.37ms
step:49100/75000 train_loss:3.2139 lr_scale:1.000 muon_mom:0.950 train_time:9592340ms step_avg:195.36ms
step:49200/75000 train_loss:2.9904 lr_scale:1.000 muon_mom:0.950 train_time:9611521ms step_avg:195.36ms
step:49300/75000 train_loss:3.2192 lr_scale:1.000 muon_mom:0.950 train_time:9630711ms step_avg:195.35ms
step:49400/75000 train_loss:3.3188 lr_scale:1.000 muon_mom:0.950 train_time:9649887ms step_avg:195.34ms
step:49500/75000 train_loss:3.2443 lr_scale:1.000 muon_mom:0.950 train_time:9668981ms step_avg:195.33ms
step:49600/75000 train_loss:3.2455 lr_scale:1.000 muon_mom:0.950 train_time:9688225ms step_avg:195.33ms
step:49700/75000 train_loss:2.6913 lr_scale:1.000 muon_mom:0.950 train_time:9707314ms step_avg:195.32ms
step:49800/75000 train_loss:3.4701 lr_scale:1.000 muon_mom:0.950 train_time:9726513ms step_avg:195.31ms
step:49900/75000 train_loss:3.3970 lr_scale:1.000 muon_mom:0.950 train_time:9745662ms step_avg:195.30ms
step:50000/75000 train_loss:3.1672 lr_scale:1.000 muon_mom:0.950 train_time:9764820ms step_avg:195.30ms
step:50100/75000 train_loss:3.5129 lr_scale:1.000 muon_mom:0.950 train_time:9783953ms step_avg:195.29ms
step:50200/75000 train_loss:3.1280 lr_scale:1.000 muon_mom:0.950 train_time:9803036ms step_avg:195.28ms
step:50300/75000 train_loss:3.2544 lr_scale:1.000 muon_mom:0.950 train_time:9822188ms step_avg:195.27ms
step:50400/75000 train_loss:3.2291 lr_scale:1.000 muon_mom:0.950 train_time:9841362ms step_avg:195.27ms
step:50500/75000 train_loss:3.2604 lr_scale:1.000 muon_mom:0.950 train_time:9860453ms step_avg:195.26ms
step:50600/75000 train_loss:3.2768 lr_scale:1.000 muon_mom:0.950 train_time:9879545ms step_avg:195.25ms
step:50700/75000 train_loss:3.1178 lr_scale:1.000 muon_mom:0.950 train_time:9898694ms step_avg:195.24ms
step:50800/75000 train_loss:3.2615 lr_scale:1.000 muon_mom:0.950 train_time:9917879ms step_avg:195.23ms
step:50900/75000 train_loss:3.2069 lr_scale:1.000 muon_mom:0.950 train_time:9937033ms step_avg:195.23ms
step:51000/75000 train_loss:3.2543 lr_scale:1.000 muon_mom:0.950 train_time:9956193ms step_avg:195.22ms
step:51100/75000 train_loss:3.0783 lr_scale:1.000 muon_mom:0.950 train_time:9975287ms step_avg:195.21ms
step:51200/75000 train_loss:3.4031 lr_scale:1.000 muon_mom:0.950 train_time:9994461ms step_avg:195.20ms
step:51300/75000 train_loss:3.2438 lr_scale:1.000 muon_mom:0.950 train_time:10013553ms step_avg:195.20ms
step:51400/75000 train_loss:3.3220 lr_scale:1.000 muon_mom:0.950 train_time:10032718ms step_avg:195.19ms
step:51500/75000 train_loss:3.2286 lr_scale:1.000 muon_mom:0.950 train_time:10051892ms step_avg:195.18ms
step:51600/75000 train_loss:3.2483 lr_scale:1.000 muon_mom:0.950 train_time:10071046ms step_avg:195.18ms
step:51700/75000 train_loss:3.3541 lr_scale:1.000 muon_mom:0.950 train_time:10090134ms step_avg:195.17ms
step:51800/75000 train_loss:3.1758 lr_scale:1.000 muon_mom:0.950 train_time:10109290ms step_avg:195.16ms
step:51900/75000 train_loss:3.1696 lr_scale:1.000 muon_mom:0.950 train_time:10128455ms step_avg:195.15ms
step:52000/75000 train_loss:3.2438 lr_scale:1.000 muon_mom:0.950 train_time:10147544ms step_avg:195.15ms
step:52100/75000 train_loss:3.3460 lr_scale:1.000 muon_mom:0.950 train_time:10166637ms step_avg:195.14ms
step:52200/75000 train_loss:3.3130 lr_scale:1.000 muon_mom:0.950 train_time:10185813ms step_avg:195.13ms
step:52300/75000 train_loss:4.7206 lr_scale:1.000 muon_mom:0.950 train_time:10204982ms step_avg:195.12ms
step:52400/75000 train_loss:3.2152 lr_scale:1.000 muon_mom:0.950 train_time:10224132ms step_avg:195.12ms
step:52500/75000 train_loss:2.9593 lr_scale:1.000 muon_mom:0.950 train_time:10243279ms step_avg:195.11ms
step:52600/75000 train_loss:3.2087 lr_scale:1.000 muon_mom:0.950 train_time:10262364ms step_avg:195.10ms
step:52700/75000 train_loss:3.2019 lr_scale:1.000 muon_mom:0.950 train_time:10281508ms step_avg:195.10ms
step:52800/75000 train_loss:3.3387 lr_scale:1.000 muon_mom:0.950 train_time:10300594ms step_avg:195.09ms
step:52900/75000 train_loss:3.6112 lr_scale:1.000 muon_mom:0.950 train_time:10319743ms step_avg:195.08ms
step:53000/75000 train_loss:3.2318 lr_scale:1.000 muon_mom:0.950 train_time:10338829ms step_avg:195.07ms
step:53100/75000 train_loss:3.2747 lr_scale:1.000 muon_mom:0.950 train_time:10358085ms step_avg:195.07ms
step:53200/75000 train_loss:3.2072 lr_scale:1.000 muon_mom:0.950 train_time:10377249ms step_avg:195.06ms
step:53300/75000 train_loss:3.2662 lr_scale:1.000 muon_mom:0.950 train_time:10396345ms step_avg:195.05ms
step:53400/75000 train_loss:3.5042 lr_scale:1.000 muon_mom:0.950 train_time:10415441ms step_avg:195.05ms
step:53500/75000 train_loss:3.3739 lr_scale:1.000 muon_mom:0.950 train_time:10434636ms step_avg:195.04ms
step:53600/75000 train_loss:3.2284 lr_scale:1.000 muon_mom:0.950 train_time:10453805ms step_avg:195.03ms
step:53700/75000 train_loss:3.4562 lr_scale:1.000 muon_mom:0.950 train_time:10472901ms step_avg:195.03ms
step:53800/75000 train_loss:3.2759 lr_scale:1.000 muon_mom:0.950 train_time:10492119ms step_avg:195.02ms
step:53900/75000 train_loss:3.3059 lr_scale:1.000 muon_mom:0.950 train_time:10511209ms step_avg:195.01ms
step:54000/75000 train_loss:3.2754 lr_scale:1.000 muon_mom:0.950 train_time:10530369ms step_avg:195.01ms
step:54100/75000 train_loss:3.0653 lr_scale:1.000 muon_mom:0.950 train_time:10549458ms step_avg:195.00ms
step:54200/75000 train_loss:3.3470 lr_scale:1.000 muon_mom:0.950 train_time:10568626ms step_avg:194.99ms
step:54300/75000 train_loss:3.2902 lr_scale:1.000 muon_mom:0.950 train_time:10587722ms step_avg:194.99ms
step:54400/75000 train_loss:3.4565 lr_scale:1.000 muon_mom:0.950 train_time:10606881ms step_avg:194.98ms
step:54500/75000 train_loss:3.2727 lr_scale:1.000 muon_mom:0.950 train_time:10626087ms step_avg:194.97ms
step:54600/75000 train_loss:3.7294 lr_scale:1.000 muon_mom:0.950 train_time:10645310ms step_avg:194.97ms
step:54700/75000 train_loss:3.3117 lr_scale:1.000 muon_mom:0.950 train_time:10664459ms step_avg:194.96ms
step:54800/75000 train_loss:3.3632 lr_scale:1.000 muon_mom:0.950 train_time:10683552ms step_avg:194.96ms
step:54900/75000 train_loss:3.2260 lr_scale:1.000 muon_mom:0.950 train_time:10702646ms step_avg:194.95ms
step:55000/75000 train_loss:3.2892 lr_scale:1.000 muon_mom:0.950 train_time:10721818ms step_avg:194.94ms
step:55100/75000 train_loss:3.3244 lr_scale:1.000 muon_mom:0.950 train_time:10740987ms step_avg:194.94ms
step:55200/75000 train_loss:3.9099 lr_scale:1.000 muon_mom:0.950 train_time:10760077ms step_avg:194.93ms
step:55300/75000 train_loss:2.9516 lr_scale:1.000 muon_mom:0.950 train_time:10779230ms step_avg:194.92ms
step:55400/75000 train_loss:3.2323 lr_scale:1.000 muon_mom:0.950 train_time:10798388ms step_avg:194.92ms
step:55500/75000 train_loss:3.0030 lr_scale:1.000 muon_mom:0.950 train_time:10817544ms step_avg:194.91ms
step:55600/75000 train_loss:3.2827 lr_scale:1.000 muon_mom:0.950 train_time:10836634ms step_avg:194.90ms
step:55700/75000 train_loss:3.4290 lr_scale:1.000 muon_mom:0.950 train_time:10855803ms step_avg:194.90ms
step:55800/75000 train_loss:3.3227 lr_scale:1.000 muon_mom:0.950 train_time:10874967ms step_avg:194.89ms
step:55900/75000 train_loss:3.1737 lr_scale:1.000 muon_mom:0.950 train_time:10894061ms step_avg:194.88ms
step:56000/75000 train_loss:3.4194 lr_scale:1.000 muon_mom:0.950 train_time:10913226ms step_avg:194.88ms
step:56100/75000 train_loss:3.2354 lr_scale:1.000 muon_mom:0.950 train_time:10932394ms step_avg:194.87ms
step:56200/75000 train_loss:3.3860 lr_scale:1.000 muon_mom:0.950 train_time:10951568ms step_avg:194.87ms
step:56300/75000 train_loss:3.3094 lr_scale:1.000 muon_mom:0.950 train_time:10970662ms step_avg:194.86ms
step:56400/75000 train_loss:3.2534 lr_scale:1.000 muon_mom:0.950 train_time:10989754ms step_avg:194.85ms
step:56500/75000 train_loss:3.2711 lr_scale:1.000 muon_mom:0.950 train_time:11008926ms step_avg:194.85ms
step:56600/75000 train_loss:3.1972 lr_scale:1.000 muon_mom:0.950 train_time:11028097ms step_avg:194.84ms
step:56700/75000 train_loss:3.5746 lr_scale:1.000 muon_mom:0.950 train_time:11047192ms step_avg:194.84ms
step:56800/75000 train_loss:3.3547 lr_scale:1.000 muon_mom:0.950 train_time:11066355ms step_avg:194.83ms
step:56900/75000 train_loss:3.2987 lr_scale:1.000 muon_mom:0.950 train_time:11085586ms step_avg:194.83ms
step:57000/75000 train_loss:3.2769 lr_scale:1.000 muon_mom:0.950 train_time:11104679ms step_avg:194.82ms
step:57100/75000 train_loss:3.3372 lr_scale:1.000 muon_mom:0.950 train_time:11123770ms step_avg:194.81ms
step:57200/75000 train_loss:3.2780 lr_scale:1.000 muon_mom:0.950 train_time:11142861ms step_avg:194.81ms
step:57300/75000 train_loss:2.7706 lr_scale:1.000 muon_mom:0.950 train_time:11162106ms step_avg:194.80ms
step:57400/75000 train_loss:3.5165 lr_scale:1.000 muon_mom:0.950 train_time:11181200ms step_avg:194.79ms
step:57500/75000 train_loss:3.2853 lr_scale:1.000 muon_mom:0.950 train_time:11200370ms step_avg:194.79ms
step:57600/75000 train_loss:3.1533 lr_scale:1.000 muon_mom:0.950 train_time:11219461ms step_avg:194.78ms
step:57700/75000 train_loss:3.3294 lr_scale:1.000 muon_mom:0.950 train_time:11238736ms step_avg:194.78ms
step:57800/75000 train_loss:3.2306 lr_scale:1.000 muon_mom:0.950 train_time:11257822ms step_avg:194.77ms
step:57900/75000 train_loss:3.2913 lr_scale:1.000 muon_mom:0.950 train_time:11276908ms step_avg:194.77ms
step:58000/75000 train_loss:3.2549 lr_scale:1.000 muon_mom:0.950 train_time:11296141ms step_avg:194.76ms
step:58100/75000 train_loss:3.4790 lr_scale:1.000 muon_mom:0.950 train_time:11315225ms step_avg:194.75ms
step:58200/75000 train_loss:3.2683 lr_scale:1.000 muon_mom:0.950 train_time:11334310ms step_avg:194.75ms
step:58300/75000 train_loss:3.2610 lr_scale:1.000 muon_mom:0.950 train_time:11353469ms step_avg:194.74ms
step:58400/75000 train_loss:3.2652 lr_scale:1.000 muon_mom:0.950 train_time:11372676ms step_avg:194.74ms
step:58500/75000 train_loss:3.3502 lr_scale:1.000 muon_mom:0.950 train_time:11391762ms step_avg:194.73ms
step:58600/75000 train_loss:3.2621 lr_scale:1.000 muon_mom:0.950 train_time:11410850ms step_avg:194.72ms
step:58700/75000 train_loss:3.3046 lr_scale:1.000 muon_mom:0.950 train_time:11429939ms step_avg:194.72ms
step:58800/75000 train_loss:3.2545 lr_scale:1.000 muon_mom:0.950 train_time:11449176ms step_avg:194.71ms
step:58900/75000 train_loss:3.2590 lr_scale:1.000 muon_mom:0.950 train_time:11468262ms step_avg:194.71ms
step:59000/75000 train_loss:3.3567 lr_scale:1.000 muon_mom:0.950 train_time:11487412ms step_avg:194.70ms
step:59100/75000 train_loss:2.9449 lr_scale:1.000 muon_mom:0.950 train_time:11506554ms step_avg:194.70ms
step:59200/75000 train_loss:3.2553 lr_scale:1.000 muon_mom:0.950 train_time:11525807ms step_avg:194.69ms
step:59300/75000 train_loss:3.2807 lr_scale:1.000 muon_mom:0.950 train_time:11544894ms step_avg:194.69ms
step:59400/75000 train_loss:3.4952 lr_scale:1.000 muon_mom:0.950 train_time:11563986ms step_avg:194.68ms
step:59500/75000 train_loss:3.2361 lr_scale:1.000 muon_mom:0.950 train_time:11583167ms step_avg:194.68ms
step:59600/75000 train_loss:3.2422 lr_scale:1.000 muon_mom:0.950 train_time:11602319ms step_avg:194.67ms
step:59700/75000 train_loss:3.2949 lr_scale:1.000 muon_mom:0.950 train_time:11621482ms step_avg:194.66ms
step:59800/75000 train_loss:3.2399 lr_scale:1.000 muon_mom:0.950 train_time:11640576ms step_avg:194.66ms
step:59900/75000 train_loss:3.2775 lr_scale:1.000 muon_mom:0.950 train_time:11659812ms step_avg:194.65ms
step:60000/75000 train_loss:3.2005 lr_scale:1.000 muon_mom:0.950 train_time:11678897ms step_avg:194.65ms
step:60100/75000 train_loss:3.3686 lr_scale:0.993 muon_mom:0.950 train_time:11697985ms step_avg:194.64ms
step:60200/75000 train_loss:3.1136 lr_scale:0.987 muon_mom:0.950 train_time:11717069ms step_avg:194.64ms
step:60300/75000 train_loss:2.8708 lr_scale:0.980 muon_mom:0.950 train_time:11736293ms step_avg:194.63ms
step:60400/75000 train_loss:3.1531 lr_scale:0.973 muon_mom:0.950 train_time:11755378ms step_avg:194.63ms
step:60500/75000 train_loss:3.2150 lr_scale:0.967 muon_mom:0.950 train_time:11774546ms step_avg:194.62ms
step:60600/75000 train_loss:3.3273 lr_scale:0.960 muon_mom:0.950 train_time:11793710ms step_avg:194.62ms
step:60700/75000 train_loss:3.4229 lr_scale:0.953 muon_mom:0.950 train_time:11812872ms step_avg:194.61ms
step:60800/75000 train_loss:3.3233 lr_scale:0.947 muon_mom:0.950 train_time:11831966ms step_avg:194.60ms
step:60900/75000 train_loss:3.3334 lr_scale:0.940 muon_mom:0.950 train_time:11851059ms step_avg:194.60ms
step:61000/75000 train_loss:3.3853 lr_scale:0.933 muon_mom:0.950 train_time:11870227ms step_avg:194.59ms
step:61100/75000 train_loss:3.3658 lr_scale:0.927 muon_mom:0.950 train_time:11889402ms step_avg:194.59ms
step:61200/75000 train_loss:3.1384 lr_scale:0.920 muon_mom:0.950 train_time:11908554ms step_avg:194.58ms
step:61300/75000 train_loss:3.1878 lr_scale:0.913 muon_mom:0.950 train_time:11927703ms step_avg:194.58ms
step:61400/75000 train_loss:3.1285 lr_scale:0.907 muon_mom:0.950 train_time:11946800ms step_avg:194.57ms
step:61500/75000 train_loss:3.5540 lr_scale:0.900 muon_mom:0.950 train_time:11965946ms step_avg:194.57ms
step:61600/75000 train_loss:3.2236 lr_scale:0.893 muon_mom:0.950 train_time:11985030ms step_avg:194.56ms
step:61700/75000 train_loss:3.1708 lr_scale:0.887 muon_mom:0.950 train_time:12004193ms step_avg:194.56ms
step:61800/75000 train_loss:3.3315 lr_scale:0.880 muon_mom:0.950 train_time:12023378ms step_avg:194.55ms
step:61900/75000 train_loss:3.3684 lr_scale:0.873 muon_mom:0.950 train_time:12042530ms step_avg:194.55ms
step:62000/75000 train_loss:3.3064 lr_scale:0.867 muon_mom:0.950 train_time:12061625ms step_avg:194.54ms
step:62100/75000 train_loss:3.0832 lr_scale:0.860 muon_mom:0.950 train_time:12080787ms step_avg:194.54ms
step:62200/75000 train_loss:3.2181 lr_scale:0.853 muon_mom:0.950 train_time:12099958ms step_avg:194.53ms
step:62300/75000 train_loss:3.3902 lr_scale:0.847 muon_mom:0.950 train_time:12119051ms step_avg:194.53ms
step:62400/75000 train_loss:3.3619 lr_scale:0.840 muon_mom:0.950 train_time:12138148ms step_avg:194.52ms
step:62500/75000 train_loss:3.1416 lr_scale:0.833 muon_mom:0.950 train_time:12157315ms step_avg:194.52ms
step:62600/75000 train_loss:3.2447 lr_scale:0.827 muon_mom:0.950 train_time:12176470ms step_avg:194.51ms
step:62700/75000 train_loss:3.1680 lr_scale:0.820 muon_mom:0.950 train_time:12195630ms step_avg:194.51ms
step:62800/75000 train_loss:3.2857 lr_scale:0.813 muon_mom:0.950 train_time:12214783ms step_avg:194.50ms
step:62900/75000 train_loss:3.2159 lr_scale:0.807 muon_mom:0.950 train_time:12233871ms step_avg:194.50ms
step:63000/75000 train_loss:3.3545 lr_scale:0.800 muon_mom:0.950 train_time:12253033ms step_avg:194.49ms
step:63100/75000 train_loss:3.2261 lr_scale:0.793 muon_mom:0.950 train_time:12272123ms step_avg:194.49ms
step:63200/75000 train_loss:3.1512 lr_scale:0.787 muon_mom:0.950 train_time:12291275ms step_avg:194.48ms
step:63300/75000 train_loss:3.2673 lr_scale:0.780 muon_mom:0.950 train_time:12310363ms step_avg:194.48ms
step:63400/75000 train_loss:3.1541 lr_scale:0.773 muon_mom:0.950 train_time:12329580ms step_avg:194.47ms
step:63500/75000 train_loss:3.3543 lr_scale:0.767 muon_mom:0.950 train_time:12348668ms step_avg:194.47ms
step:63600/75000 train_loss:3.1676 lr_scale:0.760 muon_mom:0.950 train_time:12367826ms step_avg:194.46ms
step:63700/75000 train_loss:3.1285 lr_scale:0.753 muon_mom:0.950 train_time:12386926ms step_avg:194.46ms
step:63800/75000 train_loss:2.9970 lr_scale:0.747 muon_mom:0.950 train_time:12406108ms step_avg:194.45ms
step:63900/75000 train_loss:3.2528 lr_scale:0.740 muon_mom:0.950 train_time:12425374ms step_avg:194.45ms
step:64000/75000 train_loss:3.3915 lr_scale:0.733 muon_mom:0.950 train_time:12444465ms step_avg:194.44ms
step:64100/75000 train_loss:3.0308 lr_scale:0.727 muon_mom:0.950 train_time:12463626ms step_avg:194.44ms
step:64200/75000 train_loss:3.1673 lr_scale:0.720 muon_mom:0.950 train_time:12482777ms step_avg:194.44ms
step:64300/75000 train_loss:2.9344 lr_scale:0.713 muon_mom:0.950 train_time:12501951ms step_avg:194.43ms
step:64400/75000 train_loss:3.2511 lr_scale:0.707 muon_mom:0.950 train_time:12521043ms step_avg:194.43ms
step:64500/75000 train_loss:3.0543 lr_scale:0.700 muon_mom:0.950 train_time:12540225ms step_avg:194.42ms
step:64600/75000 train_loss:3.0441 lr_scale:0.693 muon_mom:0.950 train_time:12559318ms step_avg:194.42ms
step:64700/75000 train_loss:3.3522 lr_scale:0.687 muon_mom:0.950 train_time:12578491ms step_avg:194.41ms
step:64800/75000 train_loss:3.2443 lr_scale:0.680 muon_mom:0.950 train_time:12597584ms step_avg:194.41ms
step:64900/75000 train_loss:3.1918 lr_scale:0.673 muon_mom:0.950 train_time:12616819ms step_avg:194.40ms
step:65000/75000 train_loss:2.8186 lr_scale:0.667 muon_mom:0.950 train_time:12636000ms step_avg:194.40ms
step:65100/75000 train_loss:3.3118 lr_scale:0.660 muon_mom:0.950 train_time:12655101ms step_avg:194.39ms
step:65200/75000 train_loss:3.0496 lr_scale:0.653 muon_mom:0.950 train_time:12674202ms step_avg:194.39ms
step:65300/75000 train_loss:3.3204 lr_scale:0.647 muon_mom:0.950 train_time:12693395ms step_avg:194.39ms
step:65400/75000 train_loss:3.3885 lr_scale:0.640 muon_mom:0.950 train_time:12712560ms step_avg:194.38ms
step:65500/75000 train_loss:3.2256 lr_scale:0.633 muon_mom:0.950 train_time:12731657ms step_avg:194.38ms
step:65600/75000 train_loss:3.3503 lr_scale:0.627 muon_mom:0.950 train_time:12750812ms step_avg:194.37ms
step:65700/75000 train_loss:3.4149 lr_scale:0.620 muon_mom:0.950 train_time:12770003ms step_avg:194.37ms
step:65800/75000 train_loss:3.2785 lr_scale:0.613 muon_mom:0.950 train_time:12789182ms step_avg:194.36ms
step:65900/75000 train_loss:3.0516 lr_scale:0.607 muon_mom:0.950 train_time:12808276ms step_avg:194.36ms
step:66000/75000 train_loss:3.0365 lr_scale:0.600 muon_mom:0.950 train_time:12827454ms step_avg:194.36ms
step:66100/75000 train_loss:3.2625 lr_scale:0.593 muon_mom:0.950 train_time:12846549ms step_avg:194.35ms
step:66200/75000 train_loss:3.2920 lr_scale:0.587 muon_mom:0.950 train_time:12865732ms step_avg:194.35ms
step:66300/75000 train_loss:3.2594 lr_scale:0.580 muon_mom:0.950 train_time:12884836ms step_avg:194.34ms
step:66400/75000 train_loss:3.3257 lr_scale:0.573 muon_mom:0.950 train_time:12904099ms step_avg:194.34ms
step:66500/75000 train_loss:3.0556 lr_scale:0.567 muon_mom:0.950 train_time:12923267ms step_avg:194.33ms
step:66600/75000 train_loss:3.2644 lr_scale:0.560 muon_mom:0.950 train_time:12942359ms step_avg:194.33ms
step:66700/75000 train_loss:3.2714 lr_scale:0.553 muon_mom:0.950 train_time:12961451ms step_avg:194.32ms
step:66800/75000 train_loss:3.2398 lr_scale:0.547 muon_mom:0.950 train_time:12980643ms step_avg:194.32ms
step:66900/75000 train_loss:3.0353 lr_scale:0.540 muon_mom:0.950 train_time:12999813ms step_avg:194.32ms
step:67000/75000 train_loss:3.2246 lr_scale:0.533 muon_mom:0.950 train_time:13018915ms step_avg:194.31ms
step:67100/75000 train_loss:3.1584 lr_scale:0.527 muon_mom:0.950 train_time:13038090ms step_avg:194.31ms
step:67200/75000 train_loss:3.2855 lr_scale:0.520 muon_mom:0.950 train_time:13057355ms step_avg:194.31ms
step:67300/75000 train_loss:3.3134 lr_scale:0.513 muon_mom:0.950 train_time:13076459ms step_avg:194.30ms
step:67400/75000 train_loss:3.3430 lr_scale:0.507 muon_mom:0.950 train_time:13095560ms step_avg:194.30ms
step:67500/75000 train_loss:3.2238 lr_scale:0.500 muon_mom:0.950 train_time:13114662ms step_avg:194.29ms
step:67600/75000 train_loss:3.3824 lr_scale:0.493 muon_mom:0.950 train_time:13133895ms step_avg:194.29ms
step:67700/75000 train_loss:3.3303 lr_scale:0.487 muon_mom:0.950 train_time:13152985ms step_avg:194.28ms
step:67800/75000 train_loss:3.1304 lr_scale:0.480 muon_mom:0.950 train_time:13172143ms step_avg:194.28ms
step:67900/75000 train_loss:3.1279 lr_scale:0.473 muon_mom:0.950 train_time:13191331ms step_avg:194.28ms
step:68000/75000 train_loss:3.3572 lr_scale:0.467 muon_mom:0.950 train_time:13210496ms step_avg:194.27ms
step:68100/75000 train_loss:3.1075 lr_scale:0.460 muon_mom:0.950 train_time:13229596ms step_avg:194.27ms
step:68200/75000 train_loss:3.2742 lr_scale:0.453 muon_mom:0.950 train_time:13248693ms step_avg:194.26ms
step:68300/75000 train_loss:3.0152 lr_scale:0.447 muon_mom:0.950 train_time:13267880ms step_avg:194.26ms
step:68400/75000 train_loss:3.1689 lr_scale:0.440 muon_mom:0.950 train_time:13287049ms step_avg:194.26ms
step:68500/75000 train_loss:3.1353 lr_scale:0.433 muon_mom:0.950 train_time:13306146ms step_avg:194.25ms
step:68600/75000 train_loss:3.2626 lr_scale:0.427 muon_mom:0.950 train_time:13325427ms step_avg:194.25ms
step:68700/75000 train_loss:2.9788 lr_scale:0.420 muon_mom:0.950 train_time:13344657ms step_avg:194.25ms
step:68800/75000 train_loss:3.1701 lr_scale:0.413 muon_mom:0.950 train_time:13363746ms step_avg:194.24ms
step:68900/75000 train_loss:3.2927 lr_scale:0.407 muon_mom:0.950 train_time:13382837ms step_avg:194.24ms
step:69000/75000 train_loss:3.0159 lr_scale:0.400 muon_mom:0.950 train_time:13401928ms step_avg:194.23ms
step:69100/75000 train_loss:3.1467 lr_scale:0.393 muon_mom:0.950 train_time:13421152ms step_avg:194.23ms
step:69200/75000 train_loss:3.3047 lr_scale:0.387 muon_mom:0.950 train_time:13440252ms step_avg:194.22ms
step:69300/75000 train_loss:3.1470 lr_scale:0.380 muon_mom:0.950 train_time:13459431ms step_avg:194.22ms
step:69400/75000 train_loss:2.9975 lr_scale:0.373 muon_mom:0.950 train_time:13478519ms step_avg:194.21ms
step:69500/75000 train_loss:2.9787 lr_scale:0.367 muon_mom:0.950 train_time:13497758ms step_avg:194.21ms
step:69600/75000 train_loss:3.2635 lr_scale:0.360 muon_mom:0.950 train_time:13516847ms step_avg:194.21ms
step:69700/75000 train_loss:3.3195 lr_scale:0.353 muon_mom:0.950 train_time:13535939ms step_avg:194.20ms
step:69800/75000 train_loss:3.3251 lr_scale:0.347 muon_mom:0.950 train_time:13555101ms step_avg:194.20ms
step:69900/75000 train_loss:3.1718 lr_scale:0.340 muon_mom:0.950 train_time:13574262ms step_avg:194.20ms
step:70000/75000 train_loss:3.1657 lr_scale:0.333 muon_mom:0.950 train_time:13593421ms step_avg:194.19ms
step:70100/75000 train_loss:3.1738 lr_scale:0.327 muon_mom:0.950 train_time:13612512ms step_avg:194.19ms
step:70200/75000 train_loss:3.0402 lr_scale:0.320 muon_mom:0.950 train_time:13631765ms step_avg:194.18ms
step:70300/75000 train_loss:2.9608 lr_scale:0.313 muon_mom:0.950 train_time:13650866ms step_avg:194.18ms
step:70400/75000 train_loss:2.9189 lr_scale:0.307 muon_mom:0.950 train_time:13669961ms step_avg:194.18ms
step:70500/75000 train_loss:3.2940 lr_scale:0.300 muon_mom:0.950 train_time:13689060ms step_avg:194.17ms
step:70600/75000 train_loss:3.0761 lr_scale:0.293 muon_mom:0.950 train_time:13708315ms step_avg:194.17ms
step:70700/75000 train_loss:3.0558 lr_scale:0.287 muon_mom:0.950 train_time:13727413ms step_avg:194.16ms
step:70800/75000 train_loss:3.0570 lr_scale:0.280 muon_mom:0.950 train_time:13746578ms step_avg:194.16ms
step:70900/75000 train_loss:2.9915 lr_scale:0.273 muon_mom:0.950 train_time:13765742ms step_avg:194.16ms
step:71000/75000 train_loss:3.3086 lr_scale:0.267 muon_mom:0.950 train_time:13784923ms step_avg:194.15ms
step:71100/75000 train_loss:3.1860 lr_scale:0.260 muon_mom:0.950 train_time:13804034ms step_avg:194.15ms
step:71200/75000 train_loss:3.1901 lr_scale:0.253 muon_mom:0.950 train_time:13823138ms step_avg:194.15ms
step:71300/75000 train_loss:3.1399 lr_scale:0.247 muon_mom:0.950 train_time:13842317ms step_avg:194.14ms
step:71400/75000 train_loss:3.0268 lr_scale:0.240 muon_mom:0.950 train_time:13861517ms step_avg:194.14ms
step:71500/75000 train_loss:3.2256 lr_scale:0.233 muon_mom:0.950 train_time:13880688ms step_avg:194.14ms
step:71600/75000 train_loss:3.1123 lr_scale:0.227 muon_mom:0.950 train_time:13899786ms step_avg:194.13ms
step:71700/75000 train_loss:3.2506 lr_scale:0.220 muon_mom:0.950 train_time:13918950ms step_avg:194.13ms
step:71800/75000 train_loss:3.0976 lr_scale:0.213 muon_mom:0.950 train_time:13938145ms step_avg:194.12ms
step:71900/75000 train_loss:2.8434 lr_scale:0.207 muon_mom:0.950 train_time:13957249ms step_avg:194.12ms
step:72000/75000 train_loss:3.1138 lr_scale:0.200 muon_mom:0.950 train_time:13976344ms step_avg:194.12ms
step:72100/75000 train_loss:2.9926 lr_scale:0.193 muon_mom:0.950 train_time:13995580ms step_avg:194.11ms
step:72200/75000 train_loss:3.0855 lr_scale:0.187 muon_mom:0.950 train_time:14014675ms step_avg:194.11ms
step:72300/75000 train_loss:3.1427 lr_scale:0.180 muon_mom:0.950 train_time:14033829ms step_avg:194.11ms
step:72400/75000 train_loss:3.5870 lr_scale:0.173 muon_mom:0.950 train_time:14052989ms step_avg:194.10ms
step:72500/75000 train_loss:3.0761 lr_scale:0.167 muon_mom:0.950 train_time:14072175ms step_avg:194.10ms
step:72600/75000 train_loss:3.4200 lr_scale:0.160 muon_mom:0.950 train_time:14091281ms step_avg:194.09ms
step:72700/75000 train_loss:3.1192 lr_scale:0.153 muon_mom:0.950 train_time:14110390ms step_avg:194.09ms
step:72800/75000 train_loss:3.1817 lr_scale:0.147 muon_mom:0.950 train_time:14129572ms step_avg:194.09ms
step:72900/75000 train_loss:3.0437 lr_scale:0.140 muon_mom:0.950 train_time:14148777ms step_avg:194.08ms
step:73000/75000 train_loss:3.2174 lr_scale:0.133 muon_mom:0.950 train_time:14167957ms step_avg:194.08ms
step:73100/75000 train_loss:3.0562 lr_scale:0.127 muon_mom:0.950 train_time:14187133ms step_avg:194.08ms
step:73200/75000 train_loss:3.1538 lr_scale:0.120 muon_mom:0.950 train_time:14206240ms step_avg:194.07ms
step:73300/75000 train_loss:3.1953 lr_scale:0.113 muon_mom:0.950 train_time:14225543ms step_avg:194.07ms
step:73400/75000 train_loss:3.0650 lr_scale:0.107 muon_mom:0.950 train_time:14244653ms step_avg:194.07ms
step:73500/75000 train_loss:3.2398 lr_scale:0.100 muon_mom:0.950 train_time:14263830ms step_avg:194.07ms
step:73600/75000 train_loss:2.8181 lr_scale:0.100 muon_mom:0.950 train_time:14282936ms step_avg:194.06ms
step:73700/75000 train_loss:2.9671 lr_scale:0.100 muon_mom:0.950 train_time:14302211ms step_avg:194.06ms
step:73800/75000 train_loss:3.0383 lr_scale:0.100 muon_mom:0.950 train_time:14321318ms step_avg:194.06ms
step:73900/75000 train_loss:3.0663 lr_scale:0.100 muon_mom:0.950 train_time:14340500ms step_avg:194.05ms
step:74000/75000 train_loss:2.9719 lr_scale:0.100 muon_mom:0.950 train_time:14359605ms step_avg:194.05ms
step:74100/75000 train_loss:3.1003 lr_scale:0.100 muon_mom:0.950 train_time:14378799ms step_avg:194.05ms
step:74200/75000 train_loss:3.0290 lr_scale:0.100 muon_mom:0.950 train_time:14397893ms step_avg:194.04ms
step:74300/75000 train_loss:3.1479 lr_scale:0.100 muon_mom:0.950 train_time:14417074ms step_avg:194.04ms
step:74400/75000 train_loss:2.8230 lr_scale:0.100 muon_mom:0.950 train_time:14436247ms step_avg:194.04ms
step:74500/75000 train_loss:3.2611 lr_scale:0.100 muon_mom:0.950 train_time:14455406ms step_avg:194.03ms
step:74600/75000 train_loss:3.1999 lr_scale:0.100 muon_mom:0.950 train_time:14474574ms step_avg:194.03ms
step:74700/75000 train_loss:2.5861 lr_scale:0.100 muon_mom:0.950 train_time:14493675ms step_avg:194.03ms
step:74800/75000 train_loss:3.3092 lr_scale:0.100 muon_mom:0.950 train_time:14512847ms step_avg:194.02ms
step:74900/75000 train_loss:3.1839 lr_scale:0.100 muon_mom:0.950 train_time:14531954ms step_avg:194.02ms
step:75000/75000 train_loss:3.0326 lr_scale:0.100 muon_mom:0.950 train_time:14551130ms step_avg:194.02ms
peak memory allocated: 8540 MiB reserved: 10100 MiB
fp_final_saved step:75000 path:artifacts_submission_3seed_wd15k_20260524/seed_42/fp_final_seed42_step75000.pt bytes:92607219
val_tokens:40534017 eval_ctx:8192 eval_stride:8192 val_token_limit:0
final_fp val_loss:3.1514 val_bpb:1.2200 eval_time:71674ms
final_fp_exact val_loss:3.15141256 val_bpb:1.22000161
quant_stats:int6=36 int8=1 passthrough=28 param_count=23146538
baseline_bytes:92586152 stored_bytes:23229780
compressed_blob_bytes:16081165 code_bytes:62830 total:16143995
target_artifact_bytes:16000000 headroom:-143995
final_quant_roundtrip val_loss:3.1849 val_bpb:1.2330 eval_time:71456ms artifact_bytes:16143995
final_quant_roundtrip_exact val_loss:3.18487854 val_bpb:1.23295725
